 Read_SPD

 Timestamp is 61e778e5 (Wed Jan 19 10:35:17 2022)

 Preferred load address is 0000000000000000

 Start         Length     Name                   Class
 0001:00000000 00001992H .text                   CODE
 0002:00000000 00000000H .data                   DATA
 0002:00000000 00000aa7H .rdata                  DATA
 0002:00000aa8 00000020H .bss                    DATA
 0003:00000000 00000138H .pdata                  DATA
 0004:00000000 000000dcH .xdata                  DATA

  Address         Publics by Value              Rva+Base               Lib:Object

 0001:00000000       _ModuleEntryPoint          00000000000002a0 f   UefiApplicationEntryPoint:ApplicationEntryPoint.obj
 0001:00000064       ProcessLibraryConstructorList 0000000000000304 f   Read_SPD:AutoGen.obj
 0001:000001a4       ProcessModuleEntryPointList 0000000000000444 f   Read_SPD:AutoGen.obj
 0001:000001ac       Main                       000000000000044c f   Read_SPD:Read_SPD.obj
 0001:00000294       DebugPrint                 0000000000000534 f   BaseDebugLibNull:DebugLib.obj
 0001:000002a0       DebugAssert                0000000000000540 f   BaseDebugLibNull:DebugLib.obj
 0001:000002a0       ProcessLibraryDestructorList 0000000000000540 f   Read_SPD:AutoGen.obj
 0001:000002a4       DebugAssertEnabled         0000000000000544 f   BaseDebugLibNull:DebugLib.obj
 0001:000002a4       DebugPrintEnabled          0000000000000544 f   BaseDebugLibNull:DebugLib.obj
 0001:000002a4       DebugPrintLevelEnabled     0000000000000544 f   BaseDebugLibNull:DebugLib.obj
 0001:000002a8       UefiBootServicesTableLibConstructor 0000000000000548 f   UefiBootServicesTableLib:UefiBootServicesTableLib.obj
 0001:00000354       UefiRuntimeServicesTableLibConstructor 00000000000005f4 f   UefiRuntimeServicesTableLib:UefiRuntimeServicesTableLib.obj
 0001:00000398       IoRead8                    0000000000000638 f   BaseIoLibIntrinsic:IoLibMsc.obj
 0001:000003a0       IoWrite8                   0000000000000640 f   BaseIoLibIntrinsic:IoLibMsc.obj
 0001:000003a8       IoRead32                   0000000000000648 f   BaseIoLibIntrinsic:IoLibMsc.obj
 0001:000003e4       IoWrite32                  0000000000000684 f   BaseIoLibIntrinsic:IoLibMsc.obj
 0001:0000042c       UefiLibConstructor         00000000000006cc f   UefiLib:UefiLib.obj
 0001:00000430       InternalPrint              00000000000006d0 f   UefiLib:UefiLibPrint.obj
 0001:00000550       Print                      00000000000007f0 f   UefiLib:UefiLibPrint.obj
 0001:00000580       Print_Register_Table       0000000000000820 f   COMPAL_IOLib:COMPAL_IOLib.obj
 0001:00000610       Get_SMBus_Base             00000000000008b0 f   COMPAL_IOLib:COMPAL_IOLib.obj
 0001:000006c8       Get_SMBus_IoPort           0000000000000968 f   COMPAL_IOLib:COMPAL_IOLib.obj
 0001:000006f4       Read_SPD_Byte              0000000000000994 f   COMPAL_IOLib:COMPAL_IOLib.obj
 0001:00000758       ReadUnaligned16            00000000000009f8 f   BaseLib:Unaligned.obj
 0001:00000790       ReadUnaligned32            0000000000000a30 f   BaseLib:Unaligned.obj
 0001:000007c8       StrLen                     0000000000000a68 f   BaseLib:String.obj
 0001:00000880       StrSize                    0000000000000b20 f   BaseLib:String.obj
 0001:00000894       AsciiStrLen                0000000000000b34 f   BaseLib:String.obj
 0001:0000091c       AsciiStrSize               0000000000000bbc f   BaseLib:String.obj
 0001:00000930       InternalMathDivRemU64x32   0000000000000bd0 f   BaseLib:Math64.obj
 0001:0000094c       InternalAllocatePool       0000000000000bec f   UefiMemoryAllocationLib:MemoryAllocationLib.obj
 0001:00000978       AllocatePool               0000000000000c18 f   UefiMemoryAllocationLib:MemoryAllocationLib.obj
 0001:00000988       FreePool                   0000000000000c28 f   UefiMemoryAllocationLib:MemoryAllocationLib.obj
 0001:000009fc       UnicodeVSPrint             0000000000000c9c f   BasePrintLib:PrintLib.obj
 0001:00000aa0       BasePrintLibFillBuffer     0000000000000d40 f   BasePrintLib:PrintLibInternal.obj
 0001:00000ad4       BasePrintLibValueToString  0000000000000d74 f   BasePrintLib:PrintLibInternal.obj
 0001:00000b24       BasePrintLibSPrintMarker   0000000000000dc4 f   BasePrintLib:PrintLibInternal.obj
 0001:00001918       BasePrintLibSPrint         0000000000001bb8 f   BasePrintLib:PrintLibInternal.obj
 0001:0000193c       DivU64x32Remainder         0000000000001bdc f   BaseLib:DivU64x32Remainder.obj
 0002:00000000       _gPcd_FixedAtBuild_PcdMaximumUnicodeStringLength 0000000000001c40     Read_SPD:AutoGen.obj
 0002:00000000       _gPcd_FixedAtBuild_PcdMaximumAsciiStringLength 0000000000001c40     Read_SPD:AutoGen.obj
 0002:00000004       _gPcd_FixedAtBuild_PcdUefiLibMaxPrintBufferSize 0000000000001c44     Read_SPD:AutoGen.obj
 0002:00000008       _gUefiDriverRevision       0000000000001c48     Read_SPD:AutoGen.obj
 0002:00000010       ??_C@_0FG@GLNGKLKM@q?3?2Build?2MyPkg?2RELEASE_DEVTLS?2X6@ 0000000000001c50     Read_SPD:AutoGen.obj
 0002:00000068       ??_C@_0BE@DCHLEIGN@?$CBEFI_ERROR?5?$CIStatus?$CJ?$AA@ 0000000000001ca8     Read_SPD:AutoGen.obj
 0002:00000080       ??_C@_0CB@DMEJJJHA@?6ASSERT_EFI_ERROR?5?$CIStatus?5?$DN?5?$CFr?$CJ?6@ 0000000000001cc0     Read_SPD:AutoGen.obj
 0002:000000a8       ??_C@_1M@OMOAGDNC@?$AA?$CF?$AA0?$AA2?$AAx?$AA?5?$AA?$AA@ 0000000000001ce8     Read_SPD:Read_SPD.obj
 0002:000000b8       ??_C@_19NMAFMAH@?$AA?5?$AA?5?$AA?5?$AA?5?$AA?$AA@ 0000000000001cf8     Read_SPD:Read_SPD.obj
 0002:000000c4       ??_C@_13LBAGMAIH@?$AA?6?$AA?$AA@ 0000000000001d04     Read_SPD:Read_SPD.obj
 0002:000000c8       ??_C@_0BE@BDFJLGLN@gBS?5?$CB?$DN?5?$CI?$CIvoid?5?$CK?$CJ?50?$CJ?$AA@ 0000000000001d08     UefiBootServicesTableLib:UefiBootServicesTableLib.obj
 0002:000000e0       ??_C@_0BE@DGNHAHIL@gST?5?$CB?$DN?5?$CI?$CIvoid?5?$CK?$CJ?50?$CJ?$AA@ 0000000000001d20     UefiBootServicesTableLib:UefiBootServicesTableLib.obj
 0002:00000100       ??_C@_0EG@IHBEIGJL@q?3?2MdePkg?2Library?2UefiBootServic@ 0000000000001d40     UefiBootServicesTableLib:UefiBootServicesTableLib.obj
 0002:00000148       ??_C@_0BN@COECPDCC@gImageHandle?5?$CB?$DN?5?$CI?$CIvoid?5?$CK?$CJ?50?$CJ?$AA@ 0000000000001d88     UefiBootServicesTableLib:UefiBootServicesTableLib.obj
 0002:00000170       ??_C@_0EM@DLKNJEFG@q?3?2MdePkg?2Library?2UefiRuntimeSer@ 0000000000001db0     UefiRuntimeServicesTableLib:UefiRuntimeServicesTableLib.obj
 0002:000001c0       ??_C@_0BE@OBDFIHND@gRT?5?$CB?$DN?5?$CI?$CIvoid?5?$CK?$CJ?50?$CJ?$AA@ 0000000000001e00     UefiRuntimeServicesTableLib:UefiRuntimeServicesTableLib.obj
 0002:000001d8       ??_C@_0DA@NKIBNOLC@q?3?2MdePkg?2Library?2BaseIoLibIntri@ 0000000000001e18     BaseIoLibIntrinsic:IoLibMsc.obj
 0002:00000208       ??_C@_0BA@HCECIDGN@?$CIPort?5?$CG?53?$CJ?5?$DN?$DN?50?$AA@ 0000000000001e48     BaseIoLibIntrinsic:IoLibMsc.obj
 0002:00000218       ??_C@_0BH@IACGKAP@Buffer?5?$CB?$DN?5?$CI?$CIvoid?5?$CK?$CJ?50?$CJ?$AA@ 0000000000001e58     UefiLib:UefiLibPrint.obj
 0002:00000230       ??_C@_0BI@DIKLKBJC@Console?5?$CB?$DN?5?$CI?$CIvoid?5?$CK?$CJ?50?$CJ?$AA@ 0000000000001e70     UefiLib:UefiLibPrint.obj
 0002:00000248       ??_C@_0CD@NJDNMGBE@?$CI?$CIUINTN?$CJ?5Format?5?$CG?50x00000001?$CJ?5?$DN?$DN@ 0000000000001e88     UefiLib:UefiLibPrint.obj
 0002:00000270       ??_C@_0CJ@ICOLKBCP@q?3?2MdePkg?2Library?2UefiLib?2UefiLi@ 0000000000001eb0     UefiLib:UefiLibPrint.obj
 0002:000002a0       ??_C@_0BH@LKMBFCBF@Format?5?$CB?$DN?5?$CI?$CIvoid?5?$CK?$CJ?50?$CJ?$AA@ 0000000000001ee0     UefiLib:UefiLibPrint.obj
 0002:000002b8       ??_C@_1BA@ODEFMBP@?$AA?6?$AA?$CF?$AA0?$AA2?$AAx?$AA?5?$AA?5?$AA?$AA@ 0000000000001ef8     COMPAL_IOLib:COMPAL_IOLib.obj
 0002:000002c8       ??_C@_19ICFDFJBB@?$AA0?$AA?$CF?$AAx?$AA?5?$AA?$AA@ 0000000000001f08     COMPAL_IOLib:COMPAL_IOLib.obj
 0002:000002d8       ??_C@_0CG@MHAECJIA@q?3?2MdePkg?2Library?2BaseLib?2Unalig@ 0000000000001f18     BaseLib:Unaligned.obj
 0002:00000300       ??_C@_0DK@EOJCOAME@Length?5?$DM?5_gPcd_FixedAtBuild_PcdM@ 0000000000001f40     BaseLib:String.obj
 0002:00000340       ??_C@_0CD@BDCLIGHD@?$CI?$CIUINTN?$CJ?5String?5?$CG?50x00000001?$CJ?5?$DN?$DN@ 0000000000001f80     BaseLib:String.obj
 0002:00000368       ??_C@_0CD@OOJADBME@q?3?2MdePkg?2Library?2BaseLib?2String@ 0000000000001fa8     BaseLib:String.obj
 0002:00000390       ??_C@_0BH@MAAHKCPC@String?5?$CB?$DN?5?$CI?$CIvoid?5?$CK?$CJ?50?$CJ?$AA@ 0000000000001fd0     BaseLib:String.obj
 0002:000003a8       ??_C@_0DI@MDIKFADO@Length?5?$DM?5_gPcd_FixedAtBuild_PcdM@ 0000000000001fe8     BaseLib:String.obj
 0002:000003e0       ??_C@_0N@KGHEHMDL@Divisor?5?$CB?$DN?50?$AA@ 0000000000002020     BaseLib:DivU64x32.obj
 0002:000003f0       ??_C@_0EA@JCDEKIGH@q?3?2MdePkg?2Library?2UefiMemoryAllo@ 0000000000002030     UefiMemoryAllocationLib:MemoryAllocationLib.obj
 0002:00000430       ??_C@_0CH@KJLBGOBB@?$CI?$CI?$CIUINTN?$CJ?5?$CIFormatString?$CJ?$CJ?5?$CG?50x01@ 0000000000002070     BasePrintLib:PrintLib.obj
 0002:00000458       ??_C@_0CK@LOLCLJPB@q?3?2MdePkg?2Library?2BasePrintLib?2P@ 0000000000002098     BasePrintLib:PrintLib.obj
 0002:00000488       ??_C@_0CI@BGLNHBLM@?$CI?$CI?$CIUINTN?$CJ?5?$CIStartOfBuffer?$CJ?$CJ?5?$CG?50x0@ 00000000000020c8     BasePrintLib:PrintLib.obj
 0002:000004b0       ??_C@_0BB@MFGDFIJM@Compromised?5Data?$AA@ 00000000000020f0     BasePrintLib:PrintLibInternal.obj
 0002:000004c8       ??_C@_0BB@KFJAMCOC@Invalid?5Language?$AA@ 0000000000002108     BasePrintLib:PrintLibInternal.obj
 0002:000004e0       ??_C@_0M@FKGOBENP@End?5of?5File?$AA@ 0000000000002120     BasePrintLib:PrintLibInternal.obj
 0002:000004f0       ??_C@_0O@GLPDOMCP@Reserved?5?$CI30?$CJ?$AA@ 0000000000002130     BasePrintLib:PrintLibInternal.obj
 0002:00000500       ??_C@_0O@NMJOLAMF@Reserved?5?$CI29?$CJ?$AA@ 0000000000002140     BasePrintLib:PrintLibInternal.obj
 0002:00000510       ??_C@_0N@JEJDHPO@End?5of?5Media?$AA@ 0000000000002150     BasePrintLib:PrintLibInternal.obj
 0002:00000520       ??_C@_09BOMAGJEG@CRC?5Error?$AA@ 0000000000002160     BasePrintLib:PrintLibInternal.obj
 0002:00000530       ??_C@_0BD@KHMPCIOG@Security?5Violation?$AA@ 0000000000002170     BasePrintLib:PrintLibInternal.obj
 0002:00000548       ??_C@_0BF@EHOBGFMI@Incompatible?5Version?$AA@ 0000000000002188     BasePrintLib:PrintLibInternal.obj
 0002:00000560       ??_C@_0P@NCJHBCLM@Protocol?5Error?$AA@ 00000000000021a0     BasePrintLib:PrintLibInternal.obj
 0002:00000570       ??_C@_0L@DJKNJKHM@TFTP?5Error?$AA@ 00000000000021b0     BasePrintLib:PrintLibInternal.obj
 0002:00000580       ??_C@_0L@LKIFCMNO@ICMP?5Error?$AA@ 00000000000021c0     BasePrintLib:PrintLibInternal.obj
 0002:00000590       ??_C@_07LCKDCBKK@Aborted?$AA@ 00000000000021d0     BasePrintLib:PrintLibInternal.obj
 0002:00000598       ??_C@_0BA@IGIBFFPH@Already?5started?$AA@ 00000000000021d8     BasePrintLib:PrintLibInternal.obj
 0002:000005a8       ??_C@_0M@DCJFAFHJ@Not?5started?$AA@ 00000000000021e8     BasePrintLib:PrintLibInternal.obj
 0002:000005b8       ??_C@_08PAFJCNGP@Time?5out?$AA@ 00000000000021f8     BasePrintLib:PrintLibInternal.obj
 0002:000005c8       ??_C@_0L@IFPBNFC@No?5mapping?$AA@ 0000000000002208     BasePrintLib:PrintLibInternal.obj
 0002:000005d8       ??_C@_0M@ENKCBFEP@No?5Response?$AA@ 0000000000002218     BasePrintLib:PrintLibInternal.obj
 0002:000005e8       ??_C@_0O@NFHOBIDO@Access?5Denied?$AA@ 0000000000002228     BasePrintLib:PrintLibInternal.obj
 0002:000005f8       ??_C@_09CFCBFJND@Not?5Found?$AA@ 0000000000002238     BasePrintLib:PrintLibInternal.obj
 0002:00000608       ??_C@_0O@JNCJKCCD@Media?5changed?$AA@ 0000000000002248     BasePrintLib:PrintLibInternal.obj
 0002:00000618       ??_C@_08KEGAJDNN@No?5Media?$AA@ 0000000000002258     BasePrintLib:PrintLibInternal.obj
 0002:00000628       ??_C@_0M@HDLEPOFA@Volume?5Full?$AA@ 0000000000002268     BasePrintLib:PrintLibInternal.obj
 0002:00000638       ??_C@_0P@EIOJGIF@Volume?5Corrupt?$AA@ 0000000000002278     BasePrintLib:PrintLibInternal.obj
 0002:00000648       ??_C@_0BB@GOILNEAA@Out?5of?5Resources?$AA@ 0000000000002288     BasePrintLib:PrintLibInternal.obj
 0002:00000660       ??_C@_0BA@LNEDDFNB@Write?5Protected?$AA@ 00000000000022a0     BasePrintLib:PrintLibInternal.obj
 0002:00000670       ??_C@_0N@HHEABDHO@Device?5Error?$AA@ 00000000000022b0     BasePrintLib:PrintLibInternal.obj
 0002:00000680       ??_C@_09NKFGCIPN@Not?5Ready?$AA@ 00000000000022c0     BasePrintLib:PrintLibInternal.obj
 0002:00000690       ??_C@_0BB@EGELJFOB@Buffer?5Too?5Small?$AA@ 00000000000022d0     BasePrintLib:PrintLibInternal.obj
 0002:000006a8       ??_C@_0BA@FLNMPMCF@Bad?5Buffer?5Size?$AA@ 00000000000022e8     BasePrintLib:PrintLibInternal.obj
 0002:000006b8       ??_C@_0M@BEECMOIL@Unsupported?$AA@ 00000000000022f8     BasePrintLib:PrintLibInternal.obj
 0002:000006c8       ??_C@_0BC@HOFHKGJN@Invalid?5Parameter?$AA@ 0000000000002308     BasePrintLib:PrintLibInternal.obj
 0002:000006e0       ??_C@_0L@PLPBEPPC@Load?5Error?$AA@ 0000000000002320     BasePrintLib:PrintLibInternal.obj
 0002:000006f0       ??_C@_0BD@IFJNJCCO@Warning?5Stale?5Data?$AA@ 0000000000002330     BasePrintLib:PrintLibInternal.obj
 0002:00000708       ??_C@_0BJ@ODIPDGHB@Warning?5Buffer?5Too?5Small?$AA@ 0000000000002348     BasePrintLib:PrintLibInternal.obj
 0002:00000728       ??_C@_0BG@ECIJMOED@Warning?5Write?5Failure?$AA@ 0000000000002368     BasePrintLib:PrintLibInternal.obj
 0002:00000740       ??_C@_0BH@GKKCJEPJ@Warning?5Delete?5Failure?$AA@ 0000000000002380     BasePrintLib:PrintLibInternal.obj
 0002:00000758       ??_C@_0BG@CFJMNNJK@Warning?5Unknown?5Glyph?$AA@ 0000000000002398     BasePrintLib:PrintLibInternal.obj
 0002:00000770       ??_C@_07PBILKAFL@Success?$AA@ 00000000000023b0     BasePrintLib:PrintLibInternal.obj
 0002:00000778       mHexStr                    00000000000023b8     BasePrintLib:PrintLibInternal.obj
 0002:00000790       mStatusString              00000000000023d0     BasePrintLib:PrintLibInternal.obj
 0002:000008c8       ??_C@_0DC@CHCEMEEB@q?3?2MdePkg?2Library?2BasePrintLib?2P@ 0000000000002508     BasePrintLib:PrintLibInternal.obj
 0002:00000900       ??_C@_0EG@NFDMKACK@?$CI?$CI?$CIFlags?5?$CG?50x00000040?$CJ?5?$CB?$DN?50?$CJ?$CJ?5?$HM?$HM@ 0000000000002540     BasePrintLib:PrintLibInternal.obj
 0002:00000950       ??_C@_0EM@FPGGOFNC@?$CI?$CI?$CIFlags?5?$CG?50x00000040?$CJ?5?$DN?$DN?50?$CJ?$CJ?5?$HM?$HM@ 0000000000002590     BasePrintLib:PrintLibInternal.obj
 0002:0000099c       ??_C@_01LIIJDEN@?$AN?$AA@  00000000000025dc     BasePrintLib:PrintLibInternal.obj
 0002:000009a0       ??_C@_04JIMNDDED@?$CF08X?$AA@ 00000000000025e0     BasePrintLib:PrintLibInternal.obj
 0002:000009a8       ??_C@_0O@MLOLIMFM@?$DMnull?5string?$DO?$AA@ 00000000000025e8     BasePrintLib:PrintLibInternal.obj
 0002:000009b8       ??_C@_0BK@FCPKCIDD@?$CF02d?1?$CF02d?1?$CF04d?5?5?$CF02d?3?$CF02d?$AA@ 00000000000025f8     BasePrintLib:PrintLibInternal.obj
 0002:000009d8       ??_C@_0M@LHGBCIKM@?$DMnull?5time?$DO?$AA@ 0000000000002618     BasePrintLib:PrintLibInternal.obj
 0002:000009e8       ??_C@_0DB@PMLHLBMO@?$CF08x?9?$CF04x?9?$CF04x?9?$CF02x?$CF02x?9?$CF02x?$CF02x@ 0000000000002628     BasePrintLib:PrintLibInternal.obj
 0002:00000a20       ??_C@_0M@BJJDNPHK@?$DMnull?5guid?$DO?$AA@ 0000000000002660     BasePrintLib:PrintLibInternal.obj
 0002:00000a2c       ??_C@_02PCIJFNDE@?$AN?6?$AA@ 000000000000266c     BasePrintLib:PrintLibInternal.obj
 0002:00000a30       ??_C@_0BL@BFEFANFD@AsciiStrSize?5?$CIFormat?$CJ?5?$CB?$DN?50?$AA@ 0000000000002670     BasePrintLib:PrintLibInternal.obj
 0002:00000a50       ??_C@_0CB@NIHAJGJE@StrSize?5?$CI?$CICHAR16?5?$CK?$CJ?5Format?$CJ?5?$CB?$DN?50@ 0000000000002690     BasePrintLib:PrintLibInternal.obj
 0002:00000a78       ??_C@_0CP@CPEPIGGJ@q?3?2MdePkg?2Library?2BaseLib?2DivU64@ 00000000000026b8     BaseLib:DivU64x32Remainder.obj
 0002:00000aa8       gImageHandle               00000000000026e8     UefiBootServicesTableLib:UefiBootServicesTableLib.obj
 0002:00000ab0       gST                        00000000000026f0     UefiBootServicesTableLib:UefiBootServicesTableLib.obj
 0002:00000ab8       gBS                        00000000000026f8     UefiBootServicesTableLib:UefiBootServicesTableLib.obj
 0002:00000ac0       gRT                        0000000000002700     UefiRuntimeServicesTableLib:UefiRuntimeServicesTableLib.obj

 entry point at        0001:00000000

 Static symbols

