 PCIdump

 Timestamp is 61e77386 (Wed Jan 19 10:12:22 2022)

 Preferred load address is 0000000000000000

 Start         Length     Name                   Class
 0001:00000000 00001d2eH .text                   CODE
 0002:00000000 00000000H .data                   DATA
 0002:00000000 00000da7H .rdata                  DATA
 0002:00000da8 00000020H .bss                    DATA
 0003:00000000 00000150H .pdata                  DATA
 0004:00000000 000000e0H .xdata                  DATA

  Address         Publics by Value              Rva+Base               Lib:Object

 0001:00000000       _ModuleEntryPoint          00000000000002a0 f   UefiApplicationEntryPoint:ApplicationEntryPoint.obj
 0001:00000064       ProcessLibraryConstructorList 0000000000000304 f   PCIdump:AutoGen.obj
 0001:000001a4       ProcessLibraryDestructorList 0000000000000444 f   PCIdump:AutoGen.obj
 0001:000001a4       DebugAssert                0000000000000444 f   BaseDebugLibNull:DebugLib.obj
 0001:000001a8       ProcessModuleEntryPointList 0000000000000448 f   PCIdump:AutoGen.obj
 0001:000001b0       Usage                      0000000000000450 f   PCIdump:PCIdump.obj
 0001:0000020c       PCIdump                    00000000000004ac f   PCIdump:PCIdump.obj
 0001:00000418       UefiMain                   00000000000006b8 f   PCIdump:PCIdump.obj
 0001:000004ac       DebugPrint                 000000000000074c f   BaseDebugLibNull:DebugLib.obj
 0001:000004b8       DebugPrintEnabled          0000000000000758 f   BaseDebugLibNull:DebugLib.obj
 0001:000004b8       DebugAssertEnabled         0000000000000758 f   BaseDebugLibNull:DebugLib.obj
 0001:000004b8       DebugPrintLevelEnabled     0000000000000758 f   BaseDebugLibNull:DebugLib.obj
 0001:000004bc       StrLen                     000000000000075c f   BaseLib:String.obj
 0001:00000574       StrSize                    0000000000000814 f   BaseLib:String.obj
 0001:00000588       StrCmp                     0000000000000828 f   BaseLib:String.obj
 0001:00000638       InternalHexCharToUintn     00000000000008d8 f   BaseLib:String.obj
 0001:00000668       InternalIsHexaDecimalDigitCharacter 0000000000000908 f   BaseLib:String.obj
 0001:00000690       StrHexToUintn              0000000000000930 f   BaseLib:String.obj
 0001:0000077c       AsciiStrLen                0000000000000a1c f   BaseLib:String.obj
 0001:00000804       AsciiStrSize               0000000000000aa4 f   BaseLib:String.obj
 0001:00000818       InternalMathDivRemU64x32   0000000000000ab8 f   BaseLib:Math64.obj
 0001:00000834       UefiBootServicesTableLibConstructor 0000000000000ad4 f   UefiBootServicesTableLib:UefiBootServicesTableLib.obj
 0001:000008e0       IoRead32                   0000000000000b80 f   BaseIoLibIntrinsic:IoLibMsc.obj
 0001:0000091c       IoWrite32                  0000000000000bbc f   BaseIoLibIntrinsic:IoLibMsc.obj
 0001:00000964       UefiRuntimeServicesTableLibConstructor 0000000000000c04 f   UefiRuntimeServicesTableLib:UefiRuntimeServicesTableLib.obj
 0001:000009a8       UefiLibConstructor         0000000000000c48 f   UefiLib:UefiLib.obj
 0001:000009ac       InternalPrint              0000000000000c4c f   UefiLib:UefiLibPrint.obj
 0001:00000acc       Print                      0000000000000d6c f   UefiLib:UefiLibPrint.obj
 0001:00000afc       Print_Register_Table       0000000000000d9c f   COMPAL_IOLib:COMPAL_IOLib.obj
 0001:00000b8c       Get_Pci_Register           0000000000000e2c f   COMPAL_IOLib:COMPAL_IOLib.obj
 0001:00000c78       ReadUnaligned16            0000000000000f18 f   BaseLib:Unaligned.obj
 0001:00000cb0       ReadUnaligned32            0000000000000f50 f   BaseLib:Unaligned.obj
 0001:00000ce8       InternalAllocatePool       0000000000000f88 f   UefiMemoryAllocationLib:MemoryAllocationLib.obj
 0001:00000d14       AllocatePool               0000000000000fb4 f   UefiMemoryAllocationLib:MemoryAllocationLib.obj
 0001:00000d24       FreePool                   0000000000000fc4 f   UefiMemoryAllocationLib:MemoryAllocationLib.obj
 0001:00000d98       UnicodeVSPrint             0000000000001038 f   BasePrintLib:PrintLib.obj
 0001:00000e3c       BasePrintLibFillBuffer     00000000000010dc f   BasePrintLib:PrintLibInternal.obj
 0001:00000e70       BasePrintLibValueToString  0000000000001110 f   BasePrintLib:PrintLibInternal.obj
 0001:00000ec0       BasePrintLibSPrintMarker   0000000000001160 f   BasePrintLib:PrintLibInternal.obj
 0001:00001cb4       BasePrintLibSPrint         0000000000001f54 f   BasePrintLib:PrintLibInternal.obj
 0001:00001cd8       DivU64x32Remainder         0000000000001f78 f   BaseLib:DivU64x32Remainder.obj
 0002:00000000       _gPcd_FixedAtBuild_PcdMaximumUnicodeStringLength 0000000000001fe0     PCIdump:AutoGen.obj
 0002:00000000       _gPcd_FixedAtBuild_PcdMaximumAsciiStringLength 0000000000001fe0     PCIdump:AutoGen.obj
 0002:00000004       _gPcd_FixedAtBuild_PcdUefiLibMaxPrintBufferSize 0000000000001fe4     PCIdump:AutoGen.obj
 0002:00000008       _gUefiDriverRevision       0000000000001fe8     PCIdump:AutoGen.obj
 0002:00000010       ??_C@_0FE@EPJBFIPG@q?3?2Build?2MyPkg?2RELEASE_DEVTLS?2X6@ 0000000000001ff0     PCIdump:AutoGen.obj
 0002:00000068       ??_C@_0BE@DCHLEIGN@?$CBEFI_ERROR?5?$CIStatus?$CJ?$AA@ 0000000000002048     PCIdump:AutoGen.obj
 0002:00000080       ??_C@_0CB@DMEJJJHA@?6ASSERT_EFI_ERROR?5?$CIStatus?5?$DN?5?$CFr?$CJ?6@ 0000000000002060     PCIdump:AutoGen.obj
 0002:000000a8       ??_C@_1DK@EBMPKFHB@?$AA6?$AA?4?$AA?5?$AAD?$AAa?$AAt?$AAa?$AA?5?$AA?5?$AA?5?$AA?5?$AA?5?$AA?5?$AA?5?$AA?3?$AA?5?$AA0?$AAx?$AA0?$AA0?$AA?5?$AA?$HO?$AA?5?$AA0?$AAx?$AAF?$AAF?$AA?6?$AA?$AA@ 0000000000002088     PCIdump:PCIdump.obj
 0002:000000e8       ??_C@_1DK@DAMAKAMN@?$AA5?$AA?4?$AA?5?$AAO?$AAf?$AAf?$AAs?$AAe?$AAt?$AA?5?$AA?5?$AA?5?$AA?5?$AA?5?$AA?3?$AA?5?$AA0?$AAx?$AA0?$AA0?$AA?5?$AA?$HO?$AA?5?$AA0?$AAx?$AAF?$AAF?$AA?6?$AA?$AA@ 00000000000020c8     PCIdump:PCIdump.obj
 0002:00000128       ??_C@_1DK@FKKCJPGA@?$AA4?$AA?4?$AA?5?$AAF?$AAu?$AAn?$AAc?$AAt?$AAi?$AAo?$AAn?$AA?5?$AA?5?$AA?5?$AA?3?$AA?5?$AA0?$AAx?$AA0?$AA0?$AA?5?$AA?$HO?$AA?5?$AA0?$AAx?$AA0?$AA7?$AA?6?$AA?$AA@ 0000000000002108     PCIdump:PCIdump.obj
 0002:00000168       ??_C@_1DK@ODCHCBEG@?$AA3?$AA?4?$AA?5?$AAD?$AAe?$AAv?$AAi?$AAc?$AAe?$AA?5?$AA?5?$AA?5?$AA?5?$AA?5?$AA?3?$AA?5?$AA0?$AAx?$AA0?$AA0?$AA?5?$AA?$HO?$AA?5?$AA0?$AAx?$AA1?$AAF?$AA?6?$AA?$AA@ 0000000000002148     PCIdump:PCIdump.obj
 0002:000001a8       ??_C@_1DK@KKDLNLNN@?$AA2?$AA?4?$AA?5?$AAB?$AAu?$AAs?$AA?5?$AA?5?$AA?5?$AA?5?$AA?5?$AA?5?$AA?5?$AA?5?$AA?3?$AA?5?$AA0?$AAx?$AA0?$AA0?$AA?5?$AA?$HO?$AA?5?$AA0?$AAx?$AAF?$AAF?$AA?6?$AA?$AA@ 0000000000002188     PCIdump:PCIdump.obj
 0002:000001e8       ??_C@_1DO@HDACKKED@?$AA1?$AA?4?$AA?5?$AAR?$AAe?$AAa?$AAd?$AA?1?$AAW?$AAr?$AAi?$AAt?$AAe?$AA?5?$AA?3?$AA?5?$AA?9?$AAr?$AA?$HM?$AA?9?$AAR?$AA?5?$AA?1?$AA?5?$AA?9?$AAw?$AA?$HM?$AA?9?$AAW?$AA?6?$AA?$AA@ 00000000000021c8     PCIdump:PCIdump.obj
 0002:00000228       ??_C@_1DE@EBMMHJCL@?$AAP?$AAl?$AAe?$AAa?$AAs?$AAe?$AA?5?$AAE?$AAn?$AAt?$AAe?$AAr?$AA?5?$AAP?$AAa?$AAr?$AAa?$AAm?$AAe?$AAt?$AAe?$AAr?$AAs?$AA?6?$AA?6?$AA?$AA@ 0000000000002208     PCIdump:PCIdump.obj
 0002:0000025c       ??_C@_13LBAGMAIH@?$AA?6?$AA?$AA@ 000000000000223c     PCIdump:PCIdump.obj
 0002:00000260       ??_C@_1FC@OGFGOOIB@?$AAB?$AAu?$AAs?$AA?$FL?$AA?$CF?$AA0?$AA2?$AAx?$AA?$FN?$AA?0?$AAD?$AAe?$AAv?$AA?$FL?$AA?$CF?$AA0?$AA2?$AAx?$AA?$FN?$AA?0?$AAF?$AAu?$AAn?$AA?$FL?$AA?$CF?$AA0?$AA2?$AAx?$AA?$FN?$AA?6?$AAP?$AAF@ 0000000000002240     PCIdump:PCIdump.obj
 0002:000002b4       ??_C@_15KDNFHPKP@?$AA?9?$AAW?$AA?$AA@ 0000000000002294     PCIdump:PCIdump.obj
 0002:000002bc       ??_C@_15DOHNAJB@?$AA?9?$AAw?$AA?$AA@ 000000000000229c     PCIdump:PCIdump.obj
 0002:000002c4       ??_C@_15JEALIPJN@?$AA?9?$AAR?$AA?$AA@ 00000000000022a4     PCIdump:PCIdump.obj
 0002:000002cc       ??_C@_15DEDJCAKD@?$AA?9?$AAr?$AA?$AA@ 00000000000022ac     PCIdump:PCIdump.obj
 0002:000002d8       ??_C@_1DC@NKIPJBML@?$AA?6?$AA?5?$AAF?$AAa?$AAi?$AAl?$AA?5?$AAt?$AAo?$AA?5?$AAO?$AAp?$AAe?$AAn?$AA?5?$AAP?$AAr?$AAo?$AAt?$AAo?$AAc?$AAo?$AAl?$AA?6?$AA?$AA@ 00000000000022b8     PCIdump:PCIdump.obj
 0002:00000310       ??_C@_0DK@EOJCOAME@Length?5?$DM?5_gPcd_FixedAtBuild_PcdM@ 00000000000022f0     BaseLib:String.obj
 0002:00000350       ??_C@_0CD@BDCLIGHD@?$CI?$CIUINTN?$CJ?5String?5?$CG?50x00000001?$CJ?5?$DN?$DN@ 0000000000002330     BaseLib:String.obj
 0002:00000378       ??_C@_0CD@OOJADBME@q?3?2MdePkg?2Library?2BaseLib?2String@ 0000000000002358     BaseLib:String.obj
 0002:000003a0       ??_C@_0BH@MAAHKCPC@String?5?$CB?$DN?5?$CI?$CIvoid?5?$CK?$CJ?50?$CJ?$AA@ 0000000000002380     BaseLib:String.obj
 0002:000003b8       ??_C@_0BM@DALBOILC@StrSize?5?$CISecondString?$CJ?5?$CB?$DN?50?$AA@ 0000000000002398     BaseLib:String.obj
 0002:000003d8       ??_C@_0BL@JAAMOCAJ@StrSize?5?$CIFirstString?$CJ?5?$CB?$DN?50?$AA@ 00000000000023b8     BaseLib:String.obj
 0002:000003f8       ??_C@_0BG@KBNOLIGE@StrSize?5?$CIString?$CJ?5?$CB?$DN?50?$AA@ 00000000000023d8     BaseLib:String.obj
 0002:00000410       ??_C@_0ED@BNMFHFDG@Result?5?$DM?$DN?5?$CI?$CI?$CI?$CIUINTN?$CJ?5?$HO0?$CJ?5?9?5Inter@ 00000000000023f0     BaseLib:String.obj
 0002:00000458       ??_C@_0DI@MDIKFADO@Length?5?$DM?5_gPcd_FixedAtBuild_PcdM@ 0000000000002438     BaseLib:String.obj
 0002:00000490       ??_C@_0N@KGHEHMDL@Divisor?5?$CB?$DN?50?$AA@ 0000000000002470     BaseLib:DivU64x32.obj
 0002:000004a0       ??_C@_0BE@BDFJLGLN@gBS?5?$CB?$DN?5?$CI?$CIvoid?5?$CK?$CJ?50?$CJ?$AA@ 0000000000002480     UefiBootServicesTableLib:UefiBootServicesTableLib.obj
 0002:000004b8       ??_C@_0BE@DGNHAHIL@gST?5?$CB?$DN?5?$CI?$CIvoid?5?$CK?$CJ?50?$CJ?$AA@ 0000000000002498     UefiBootServicesTableLib:UefiBootServicesTableLib.obj
 0002:000004d0       ??_C@_0EG@IHBEIGJL@q?3?2MdePkg?2Library?2UefiBootServic@ 00000000000024b0     UefiBootServicesTableLib:UefiBootServicesTableLib.obj
 0002:00000518       ??_C@_0BN@COECPDCC@gImageHandle?5?$CB?$DN?5?$CI?$CIvoid?5?$CK?$CJ?50?$CJ?$AA@ 00000000000024f8     UefiBootServicesTableLib:UefiBootServicesTableLib.obj
 0002:00000538       ??_C@_0DA@NKIBNOLC@q?3?2MdePkg?2Library?2BaseIoLibIntri@ 0000000000002518     BaseIoLibIntrinsic:IoLibMsc.obj
 0002:00000568       ??_C@_0BA@HCECIDGN@?$CIPort?5?$CG?53?$CJ?5?$DN?$DN?50?$AA@ 0000000000002548     BaseIoLibIntrinsic:IoLibMsc.obj
 0002:00000580       ??_C@_0EM@DLKNJEFG@q?3?2MdePkg?2Library?2UefiRuntimeSer@ 0000000000002560     UefiRuntimeServicesTableLib:UefiRuntimeServicesTableLib.obj
 0002:000005d0       ??_C@_0BE@OBDFIHND@gRT?5?$CB?$DN?5?$CI?$CIvoid?5?$CK?$CJ?50?$CJ?$AA@ 00000000000025b0     UefiRuntimeServicesTableLib:UefiRuntimeServicesTableLib.obj
 0002:000005e8       ??_C@_0BH@IACGKAP@Buffer?5?$CB?$DN?5?$CI?$CIvoid?5?$CK?$CJ?50?$CJ?$AA@ 00000000000025c8     UefiLib:UefiLibPrint.obj
 0002:00000600       ??_C@_0BI@DIKLKBJC@Console?5?$CB?$DN?5?$CI?$CIvoid?5?$CK?$CJ?50?$CJ?$AA@ 00000000000025e0     UefiLib:UefiLibPrint.obj
 0002:00000618       ??_C@_0CD@NJDNMGBE@?$CI?$CIUINTN?$CJ?5Format?5?$CG?50x00000001?$CJ?5?$DN?$DN@ 00000000000025f8     UefiLib:UefiLibPrint.obj
 0002:00000640       ??_C@_0CJ@ICOLKBCP@q?3?2MdePkg?2Library?2UefiLib?2UefiLi@ 0000000000002620     UefiLib:UefiLibPrint.obj
 0002:00000670       ??_C@_0BH@LKMBFCBF@Format?5?$CB?$DN?5?$CI?$CIvoid?5?$CK?$CJ?50?$CJ?$AA@ 0000000000002650     UefiLib:UefiLibPrint.obj
 0002:00000688       ??_C@_1BA@ODEFMBP@?$AA?6?$AA?$CF?$AA0?$AA2?$AAx?$AA?5?$AA?5?$AA?$AA@ 0000000000002668     COMPAL_IOLib:COMPAL_IOLib.obj
 0002:00000698       ??_C@_19ICFDFJBB@?$AA0?$AA?$CF?$AAx?$AA?5?$AA?$AA@ 0000000000002678     COMPAL_IOLib:COMPAL_IOLib.obj
 0002:000006a8       ??_C@_1M@OMOAGDNC@?$AA?$CF?$AA0?$AA2?$AAx?$AA?5?$AA?$AA@ 0000000000002688     COMPAL_IOLib:COMPAL_IOLib.obj
 0002:000006b8       ??_C@_19NMAFMAH@?$AA?5?$AA?5?$AA?5?$AA?5?$AA?$AA@ 0000000000002698     COMPAL_IOLib:COMPAL_IOLib.obj
 0002:000006c8       ??_C@_0CG@MHAECJIA@q?3?2MdePkg?2Library?2BaseLib?2Unalig@ 00000000000026a8     BaseLib:Unaligned.obj
 0002:000006f0       ??_C@_0EA@JCDEKIGH@q?3?2MdePkg?2Library?2UefiMemoryAllo@ 00000000000026d0     UefiMemoryAllocationLib:MemoryAllocationLib.obj
 0002:00000730       ??_C@_0CH@KJLBGOBB@?$CI?$CI?$CIUINTN?$CJ?5?$CIFormatString?$CJ?$CJ?5?$CG?50x01@ 0000000000002710     BasePrintLib:PrintLib.obj
 0002:00000758       ??_C@_0CK@LOLCLJPB@q?3?2MdePkg?2Library?2BasePrintLib?2P@ 0000000000002738     BasePrintLib:PrintLib.obj
 0002:00000788       ??_C@_0CI@BGLNHBLM@?$CI?$CI?$CIUINTN?$CJ?5?$CIStartOfBuffer?$CJ?$CJ?5?$CG?50x0@ 0000000000002768     BasePrintLib:PrintLib.obj
 0002:000007b0       ??_C@_0BB@MFGDFIJM@Compromised?5Data?$AA@ 0000000000002790     BasePrintLib:PrintLibInternal.obj
 0002:000007c8       ??_C@_0BB@KFJAMCOC@Invalid?5Language?$AA@ 00000000000027a8     BasePrintLib:PrintLibInternal.obj
 0002:000007e0       ??_C@_0M@FKGOBENP@End?5of?5File?$AA@ 00000000000027c0     BasePrintLib:PrintLibInternal.obj
 0002:000007f0       ??_C@_0O@GLPDOMCP@Reserved?5?$CI30?$CJ?$AA@ 00000000000027d0     BasePrintLib:PrintLibInternal.obj
 0002:00000800       ??_C@_0O@NMJOLAMF@Reserved?5?$CI29?$CJ?$AA@ 00000000000027e0     BasePrintLib:PrintLibInternal.obj
 0002:00000810       ??_C@_0N@JEJDHPO@End?5of?5Media?$AA@ 00000000000027f0     BasePrintLib:PrintLibInternal.obj
 0002:00000820       ??_C@_09BOMAGJEG@CRC?5Error?$AA@ 0000000000002800     BasePrintLib:PrintLibInternal.obj
 0002:00000830       ??_C@_0BD@KHMPCIOG@Security?5Violation?$AA@ 0000000000002810     BasePrintLib:PrintLibInternal.obj
 0002:00000848       ??_C@_0BF@EHOBGFMI@Incompatible?5Version?$AA@ 0000000000002828     BasePrintLib:PrintLibInternal.obj
 0002:00000860       ??_C@_0P@NCJHBCLM@Protocol?5Error?$AA@ 0000000000002840     BasePrintLib:PrintLibInternal.obj
 0002:00000870       ??_C@_0L@DJKNJKHM@TFTP?5Error?$AA@ 0000000000002850     BasePrintLib:PrintLibInternal.obj
 0002:00000880       ??_C@_0L@LKIFCMNO@ICMP?5Error?$AA@ 0000000000002860     BasePrintLib:PrintLibInternal.obj
 0002:00000890       ??_C@_07LCKDCBKK@Aborted?$AA@ 0000000000002870     BasePrintLib:PrintLibInternal.obj
 0002:00000898       ??_C@_0BA@IGIBFFPH@Already?5started?$AA@ 0000000000002878     BasePrintLib:PrintLibInternal.obj
 0002:000008a8       ??_C@_0M@DCJFAFHJ@Not?5started?$AA@ 0000000000002888     BasePrintLib:PrintLibInternal.obj
 0002:000008b8       ??_C@_08PAFJCNGP@Time?5out?$AA@ 0000000000002898     BasePrintLib:PrintLibInternal.obj
 0002:000008c8       ??_C@_0L@IFPBNFC@No?5mapping?$AA@ 00000000000028a8     BasePrintLib:PrintLibInternal.obj
 0002:000008d8       ??_C@_0M@ENKCBFEP@No?5Response?$AA@ 00000000000028b8     BasePrintLib:PrintLibInternal.obj
 0002:000008e8       ??_C@_0O@NFHOBIDO@Access?5Denied?$AA@ 00000000000028c8     BasePrintLib:PrintLibInternal.obj
 0002:000008f8       ??_C@_09CFCBFJND@Not?5Found?$AA@ 00000000000028d8     BasePrintLib:PrintLibInternal.obj
 0002:00000908       ??_C@_0O@JNCJKCCD@Media?5changed?$AA@ 00000000000028e8     BasePrintLib:PrintLibInternal.obj
 0002:00000918       ??_C@_08KEGAJDNN@No?5Media?$AA@ 00000000000028f8     BasePrintLib:PrintLibInternal.obj
 0002:00000928       ??_C@_0M@HDLEPOFA@Volume?5Full?$AA@ 0000000000002908     BasePrintLib:PrintLibInternal.obj
 0002:00000938       ??_C@_0P@EIOJGIF@Volume?5Corrupt?$AA@ 0000000000002918     BasePrintLib:PrintLibInternal.obj
 0002:00000948       ??_C@_0BB@GOILNEAA@Out?5of?5Resources?$AA@ 0000000000002928     BasePrintLib:PrintLibInternal.obj
 0002:00000960       ??_C@_0BA@LNEDDFNB@Write?5Protected?$AA@ 0000000000002940     BasePrintLib:PrintLibInternal.obj
 0002:00000970       ??_C@_0N@HHEABDHO@Device?5Error?$AA@ 0000000000002950     BasePrintLib:PrintLibInternal.obj
 0002:00000980       ??_C@_09NKFGCIPN@Not?5Ready?$AA@ 0000000000002960     BasePrintLib:PrintLibInternal.obj
 0002:00000990       ??_C@_0BB@EGELJFOB@Buffer?5Too?5Small?$AA@ 0000000000002970     BasePrintLib:PrintLibInternal.obj
 0002:000009a8       ??_C@_0BA@FLNMPMCF@Bad?5Buffer?5Size?$AA@ 0000000000002988     BasePrintLib:PrintLibInternal.obj
 0002:000009b8       ??_C@_0M@BEECMOIL@Unsupported?$AA@ 0000000000002998     BasePrintLib:PrintLibInternal.obj
 0002:000009c8       ??_C@_0BC@HOFHKGJN@Invalid?5Parameter?$AA@ 00000000000029a8     BasePrintLib:PrintLibInternal.obj
 0002:000009e0       ??_C@_0L@PLPBEPPC@Load?5Error?$AA@ 00000000000029c0     BasePrintLib:PrintLibInternal.obj
 0002:000009f0       ??_C@_0BD@IFJNJCCO@Warning?5Stale?5Data?$AA@ 00000000000029d0     BasePrintLib:PrintLibInternal.obj
 0002:00000a08       ??_C@_0BJ@ODIPDGHB@Warning?5Buffer?5Too?5Small?$AA@ 00000000000029e8     BasePrintLib:PrintLibInternal.obj
 0002:00000a28       ??_C@_0BG@ECIJMOED@Warning?5Write?5Failure?$AA@ 0000000000002a08     BasePrintLib:PrintLibInternal.obj
 0002:00000a40       ??_C@_0BH@GKKCJEPJ@Warning?5Delete?5Failure?$AA@ 0000000000002a20     BasePrintLib:PrintLibInternal.obj
 0002:00000a58       ??_C@_0BG@CFJMNNJK@Warning?5Unknown?5Glyph?$AA@ 0000000000002a38     BasePrintLib:PrintLibInternal.obj
 0002:00000a70       ??_C@_07PBILKAFL@Success?$AA@ 0000000000002a50     BasePrintLib:PrintLibInternal.obj
 0002:00000a78       mHexStr                    0000000000002a58     BasePrintLib:PrintLibInternal.obj
 0002:00000a90       mStatusString              0000000000002a70     BasePrintLib:PrintLibInternal.obj
 0002:00000bc8       ??_C@_0DC@CHCEMEEB@q?3?2MdePkg?2Library?2BasePrintLib?2P@ 0000000000002ba8     BasePrintLib:PrintLibInternal.obj
 0002:00000c00       ??_C@_0EG@NFDMKACK@?$CI?$CI?$CIFlags?5?$CG?50x00000040?$CJ?5?$CB?$DN?50?$CJ?$CJ?5?$HM?$HM@ 0000000000002be0     BasePrintLib:PrintLibInternal.obj
 0002:00000c50       ??_C@_0EM@FPGGOFNC@?$CI?$CI?$CIFlags?5?$CG?50x00000040?$CJ?5?$DN?$DN?50?$CJ?$CJ?5?$HM?$HM@ 0000000000002c30     BasePrintLib:PrintLibInternal.obj
 0002:00000c9c       ??_C@_01LIIJDEN@?$AN?$AA@  0000000000002c7c     BasePrintLib:PrintLibInternal.obj
 0002:00000ca0       ??_C@_04JIMNDDED@?$CF08X?$AA@ 0000000000002c80     BasePrintLib:PrintLibInternal.obj
 0002:00000ca8       ??_C@_0O@MLOLIMFM@?$DMnull?5string?$DO?$AA@ 0000000000002c88     BasePrintLib:PrintLibInternal.obj
 0002:00000cb8       ??_C@_0BK@FCPKCIDD@?$CF02d?1?$CF02d?1?$CF04d?5?5?$CF02d?3?$CF02d?$AA@ 0000000000002c98     BasePrintLib:PrintLibInternal.obj
 0002:00000cd8       ??_C@_0M@LHGBCIKM@?$DMnull?5time?$DO?$AA@ 0000000000002cb8     BasePrintLib:PrintLibInternal.obj
 0002:00000ce8       ??_C@_0DB@PMLHLBMO@?$CF08x?9?$CF04x?9?$CF04x?9?$CF02x?$CF02x?9?$CF02x?$CF02x@ 0000000000002cc8     BasePrintLib:PrintLibInternal.obj
 0002:00000d20       ??_C@_0M@BJJDNPHK@?$DMnull?5guid?$DO?$AA@ 0000000000002d00     BasePrintLib:PrintLibInternal.obj
 0002:00000d2c       ??_C@_02PCIJFNDE@?$AN?6?$AA@ 0000000000002d0c     BasePrintLib:PrintLibInternal.obj
 0002:00000d30       ??_C@_0BL@BFEFANFD@AsciiStrSize?5?$CIFormat?$CJ?5?$CB?$DN?50?$AA@ 0000000000002d10     BasePrintLib:PrintLibInternal.obj
 0002:00000d50       ??_C@_0CB@NIHAJGJE@StrSize?5?$CI?$CICHAR16?5?$CK?$CJ?5Format?$CJ?5?$CB?$DN?50@ 0000000000002d30     BasePrintLib:PrintLibInternal.obj
 0002:00000d78       ??_C@_0CP@CPEPIGGJ@q?3?2MdePkg?2Library?2BaseLib?2DivU64@ 0000000000002d58     BaseLib:DivU64x32Remainder.obj
 0002:00000da8       gImageHandle               0000000000002d88     UefiBootServicesTableLib:UefiBootServicesTableLib.obj
 0002:00000db0       gST                        0000000000002d90     UefiBootServicesTableLib:UefiBootServicesTableLib.obj
 0002:00000db8       gBS                        0000000000002d98     UefiBootServicesTableLib:UefiBootServicesTableLib.obj
 0002:00000dc0       gRT                        0000000000002da0     UefiRuntimeServicesTableLib:UefiRuntimeServicesTableLib.obj

 entry point at        0001:00000000

 Static symbols

