 CPU

 Timestamp is 61d29fb4 (Mon Jan 03 15:03:16 2022)

 Preferred load address is 0000000000000000

 Start         Length     Name                   Class
 0001:00000000 000025a2H .text                   CODE
 0002:00000000 00000000H .data                   DATA
 0002:00000000 00001367H .rdata                  DATA
 0002:00001368 00000020H .bss                    DATA
 0003:00000000 00000174H .pdata                  DATA
 0004:00000000 000000d8H .xdata                  DATA

  Address         Publics by Value              Rva+Base               Lib:Object

 0001:00000000       _ModuleEntryPoint          00000000000002a0 f   UefiApplicationEntryPoint:ApplicationEntryPoint.obj
 0001:00000064       ProcessLibraryConstructorList 0000000000000304 f   CPU:AutoGen.obj
 0001:000001a4       ProcessModuleEntryPointList 0000000000000444 f   CPU:AutoGen.obj
 0001:000001ac       CPU_String                 000000000000044c f   CPU:CPU.obj
 0001:00000200       VersionInfo                00000000000004a0 f   CPU:CPU.obj
 0001:00000388       BrandString                0000000000000628 f   CPU:CPU.obj
 0001:00000464       Features_check             0000000000000704 f   CPU:CPU.obj
 0001:00000cd0       Main                       0000000000000f70 f   CPU:CPU.obj
 0001:00000d08       DebugPrint                 0000000000000fa8 f   BaseDebugLibNull:DebugLib.obj
 0001:00000d14       ProcessLibraryDestructorList 0000000000000fb4 f   CPU:AutoGen.obj
 0001:00000d14       DebugAssert                0000000000000fb4 f   BaseDebugLibNull:DebugLib.obj
 0001:00000d18       DebugPrintEnabled          0000000000000fb8 f   BaseDebugLibNull:DebugLib.obj
 0001:00000d18       DebugAssertEnabled         0000000000000fb8 f   BaseDebugLibNull:DebugLib.obj
 0001:00000d18       DebugPrintLevelEnabled     0000000000000fb8 f   BaseDebugLibNull:DebugLib.obj
 0001:00000d20       AsmCpuid                   0000000000000fc0 f   BaseLib:CpuId.obj
 0001:00000d48       BitFieldRead32             0000000000000fe8 f   BaseLib:BitField.obj
 0001:00000dd8       BitFieldRead64             0000000000001078 f   BaseLib:BitField.obj
 0001:00000e6c       AsmReadMsr64               000000000000110c f   BaseLib:ReadMsr64.obj
 0001:00000e78       StrLen                     0000000000001118 f   BaseLib:String.obj
 0001:00000f30       StrSize                    00000000000011d0 f   BaseLib:String.obj
 0001:00000f44       AsciiStrLen                00000000000011e4 f   BaseLib:String.obj
 0001:00000fcc       AsciiStrSize               000000000000126c f   BaseLib:String.obj
 0001:00000fe0       StrCpy                     0000000000001280 f   BaseLib:String.obj
 0001:000010dc       StrCat                     000000000000137c f   BaseLib:String.obj
 0001:00001140       RShiftU64                  00000000000013e0 f   BaseLib:RShiftU64.obj
 0001:0000118c       LShiftU64                  000000000000142c f   BaseLib:LShiftU64.obj
 0001:000011d8       InternalMathLShiftU64      0000000000001478 f   BaseLib:Math64.obj
 0001:000011e4       InternalMathRShiftU64      0000000000001484 f   BaseLib:Math64.obj
 0001:000011f0       InternalMathDivRemU64x32   0000000000001490 f   BaseLib:Math64.obj
 0001:0000120c       ZeroMem                    00000000000014ac f   BaseMemoryLib:ZeroMemWrapper.obj
 0001:00001288       InternalMemZeroMem         0000000000001528 f   BaseMemoryLib:MemLibGeneric.obj
 0001:00001290       InternalMemSetMem          0000000000001530 f   BaseMemoryLib:SetMem.obj
 0001:000012a8       UefiBootServicesTableLibConstructor 0000000000001548 f   UefiBootServicesTableLib:UefiBootServicesTableLib.obj
 0001:00001354       UefiRuntimeServicesTableLibConstructor 00000000000015f4 f   UefiRuntimeServicesTableLib:UefiRuntimeServicesTableLib.obj
 0001:00001398       UefiLibConstructor         0000000000001638 f   UefiLib:UefiLib.obj
 0001:0000139c       InternalPrint              000000000000163c f   UefiLib:UefiLibPrint.obj
 0001:000014bc       Print                      000000000000175c f   UefiLib:UefiLibPrint.obj
 0001:000014ec       ReadUnaligned16            000000000000178c f   BaseLib:Unaligned.obj
 0001:00001524       ReadUnaligned32            00000000000017c4 f   BaseLib:Unaligned.obj
 0001:0000155c       InternalAllocatePool       00000000000017fc f   UefiMemoryAllocationLib:MemoryAllocationLib.obj
 0001:00001588       AllocatePool               0000000000001828 f   UefiMemoryAllocationLib:MemoryAllocationLib.obj
 0001:00001598       FreePool                   0000000000001838 f   UefiMemoryAllocationLib:MemoryAllocationLib.obj
 0001:0000160c       UnicodeVSPrint             00000000000018ac f   BasePrintLib:PrintLib.obj
 0001:000016b0       BasePrintLibFillBuffer     0000000000001950 f   BasePrintLib:PrintLibInternal.obj
 0001:000016e4       BasePrintLibValueToString  0000000000001984 f   BasePrintLib:PrintLibInternal.obj
 0001:00001734       BasePrintLibSPrintMarker   00000000000019d4 f   BasePrintLib:PrintLibInternal.obj
 0001:00002528       BasePrintLibSPrint         00000000000027c8 f   BasePrintLib:PrintLibInternal.obj
 0001:0000254c       DivU64x32Remainder         00000000000027ec f   BaseLib:DivU64x32Remainder.obj
 0002:00000000       _gPcd_FixedAtBuild_PcdMaximumAsciiStringLength 0000000000002860     CPU:AutoGen.obj
 0002:00000000       _gPcd_FixedAtBuild_PcdMaximumUnicodeStringLength 0000000000002860     CPU:AutoGen.obj
 0002:00000004       _gPcd_FixedAtBuild_PcdUefiLibMaxPrintBufferSize 0000000000002864     CPU:AutoGen.obj
 0002:00000008       _gUefiDriverRevision       0000000000002868     CPU:AutoGen.obj
 0002:00000010       ??_C@_0EM@IBMHOPLA@q?3?2Build?2MyPkg?2RELEASE_DEVTLS?2X6@ 0000000000002870     CPU:AutoGen.obj
 0002:00000060       ??_C@_0BE@DCHLEIGN@?$CBEFI_ERROR?5?$CIStatus?$CJ?$AA@ 00000000000028c0     CPU:AutoGen.obj
 0002:00000078       ??_C@_0CB@DMEJJJHA@?6ASSERT_EFI_ERROR?5?$CIStatus?5?$DN?5?$CFr?$CJ?6@ 00000000000028d8     CPU:AutoGen.obj
 0002:000000a0       ??_C@_1CI@BMBOOOPK@?$AA?5?$AA?5?$AA?5?$AA?5?$AAC?$AAP?$AAU?$AA?5?$AAS?$AAt?$AAr?$AAi?$AAn?$AAg?$AA?3?$AA?5?$AA?$CF?$AAa?$AA?6?$AA?$AA@ 0000000000002900     CPU:CPU.obj
 0002:000000c8       ??_C@_1DA@KNCGMOIJ@?$AA?5?$AA?5?$AA?5?$AA?5?$AAP?$AAr?$AAo?$AAc?$AAe?$AAs?$AAs?$AAo?$AAr?$AA?5?$AAF?$AAl?$AAa?$AAg?$AA?3?$AA?5?$AA?$CF?$AAd?$AA?6?$AA?$AA@ 0000000000002928     CPU:CPU.obj
 0002:000000f8       ??_C@_1CK@FCAEFICA@?$AA?5?$AA?5?$AA?5?$AA?5?$AAP?$AAl?$AAa?$AAt?$AAf?$AAo?$AAr?$AAm?$AA?5?$AAI?$AAD?$AA?3?$AA?5?$AA?$CF?$AAd?$AA?6?$AA?$AA@ 0000000000002958     CPU:CPU.obj
 0002:00000128       ??_C@_1DC@EFMJGFEE@?$AA?5?$AA?5?$AA?5?$AA?5?$AAP?$AAr?$AAo?$AAc?$AAe?$AAs?$AAs?$AAo?$AAr?$AA?5?$AAT?$AAj?$AAM?$AAA?$AAX?$AA?3?$AA?5?$AA?$CF?$AAd?$AA?6?$AA?$AA@ 0000000000002988     CPU:CPU.obj
 0002:00000160       ??_C@_1DC@HGFNNBDB@?$AA?5?$AA?5?$AA?5?$AA?5?$AAN?$AAu?$AAm?$AAb?$AAe?$AAr?$AA?5?$AAo?$AAf?$AA?5?$AAc?$AAo?$AAr?$AAe?$AAs?$AA?3?$AA?5?$AA?$CF?$AAd?$AA?6?$AA?$AA@ 00000000000029c0     CPU:CPU.obj
 0002:00000198       ??_C@_1CO@JKDNCHAL@?$AA?5?$AA?5?$AA?5?$AA?5?$AAM?$AAi?$AAc?$AAr?$AAo?$AAc?$AAo?$AAd?$AAe?$AA?5?$AAR?$AAe?$AAv?$AA?3?$AA?5?$AA?$CF?$AAx?$AA?6?$AA?$AA@ 00000000000029f8     CPU:CPU.obj
 0002:000001c8       ??_C@_1BO@CMEKMCIP@?$AA?5?$AA?5?$AA?5?$AA?5?$AAC?$AAP?$AAU?$AAI?$AAD?$AA?3?$AA?5?$AA?$CF?$AAx?$AA?6?$AA?$AA@ 0000000000002a28     CPU:CPU.obj
 0002:000001e8       ??_C@_1CE@BLIICHFD@?$AA?5?$AA?5?$AA?5?$AA?5?$AAF?$AAa?$AAm?$AAi?$AAl?$AAy?$AA?3?$AA?5?$AA0?$AAx?$AA?$CF?$AAx?$AA?6?$AA?$AA@ 0000000000002a48     CPU:CPU.obj
 0002:00000210       ??_C@_1CC@JOLMBHOM@?$AA?5?$AA?5?$AA?5?$AA?5?$AAM?$AAo?$AAd?$AAe?$AAl?$AA?3?$AA?5?$AA0?$AAx?$AA?$CF?$AAx?$AA?6?$AA?$AA@ 0000000000002a70     CPU:CPU.obj
 0002:00000238       ??_C@_1CI@NJGNNGNE@?$AA?5?$AA?5?$AA?5?$AA?5?$AAS?$AAt?$AAe?$AAp?$AAp?$AAi?$AAn?$AAg?$AA?3?$AA?5?$AA0?$AAx?$AA?$CF?$AAx?$AA?6?$AA?$AA@ 0000000000002a98     CPU:CPU.obj
 0002:00000260       ??_C@_1GG@PMCHEKJM@?$AA?9?$AA?9?$AA?9?$AA?9?$AA?9?$AA?9?$AA?9?$AA?9?$AA?9?$AA?9?$AA?9?$AA?9?$AA?9?$AA?9?$AA?9?$AA?9?$AA?9?$AA?9?$AA?9?$AA?9?$AA?9?$AA?9?$AA?9?$AA?9?$AA?9?$AA?9?$AA?9?$AA?9?$AA?9?$AA?9?$AA?9?$AA?9@ 0000000000002ac0     CPU:CPU.obj
 0002:000002c8       ??_C@_1DI@JJDFINIJ@?$AA?5?$AA?5?$AA?5?$AA?5?$AAC?$AAP?$AAU?$AA?5?$AAI?$AAn?$AAf?$AAo?$AAr?$AAm?$AAa?$AAt?$AAi?$AAo?$AAn?$AA?6?$AA?5?$AA?5?$AA?5?$AA?5?$AA?$CF?$AAa?$AA?6?$AA?$AA@ 0000000000002b28     CPU:CPU.obj
 0002:00000300       ??_C@_1CE@EKIPKGGE@?$AA?5?$AA?5?$AA?5?$AA?5?$AA?5?$AA?5?$AA?5?$AA?5?$AA?5?$AA?5?$AA?5?$AA?5?$AA?5?$AA?5?$AA?$CF?$AAs?$AA?6?$AA?$AA@ 0000000000002b60     CPU:CPU.obj
 0002:00000328       ??_C@_17MJEANDKP@?$AA?$CF?$AAs?$AA?6?$AA?$AA@ 0000000000002b88     CPU:CPU.obj
 0002:00000330       ??_C@_1BM@KCNCCJLG@?$AA?5?$AA?5?$AA?5?$AA?5?$AAF?$AAe?$AAa?$AAt?$AAu?$AAr?$AAe?$AAs?$AA?3?$AA?$AA@ 0000000000002b90     CPU:CPU.obj
 0002:00000350       ??_C@_1O@IABHAOHK@?$AA?5?$AAI?$AAn?$AAt?$AAe?$AAl?$AA?$AA@ 0000000000002bb0     CPU:CPU.obj
 0002:00000360       ??_C@_1BA@NIOMOJBP@?$AA?5?$AAR?$AAD?$AAT?$AAS?$AAC?$AAP?$AA?$AA@ 0000000000002bc0     CPU:CPU.obj
 0002:00000370       ??_C@_1BC@IHACDNHL@?$AA?5?$AAP?$AAA?$AAG?$AAE?$AA1?$AAG?$AAB?$AA?$AA@ 0000000000002bd0     CPU:CPU.obj
 0002:00000388       ??_C@_1BA@MMAPDJOK@?$AA?5?$AAX?$AAD?$AA?5?$AAB?$AAi?$AAt?$AA?$AA@ 0000000000002be8     CPU:CPU.obj
 0002:00000398       ??_C@_1CA@BHOBKBEH@?$AA?5?$AAS?$AAY?$AAS?$AAC?$AAA?$AAL?$AAL?$AA_?$AAS?$AAY?$AAS?$AAR?$AAE?$AAT?$AA?$AA@ 0000000000002bf8     CPU:CPU.obj
 0002:000003b8       ??_C@_1BG@HMCNJLHJ@?$AA?5?$AAP?$AAR?$AAE?$AAF?$AAE?$AAT?$AAC?$AAH?$AAW?$AA?$AA@ 0000000000002c18     CPU:CPU.obj
 0002:000003d0       ??_C@_1O@KOFACEPH@?$AA?5?$AAL?$AAZ?$AAC?$AAN?$AAT?$AA?$AA@ 0000000000002c30     CPU:CPU.obj
 0002:000003e0       ??_C@_1BG@CMMBOHPH@?$AA?5?$AAL?$AAA?$AAH?$AAF?$AA_?$AAS?$AAA?$AAH?$AAF?$AA?$AA@ 0000000000002c40     CPU:CPU.obj
 0002:000003f8       ??_C@_1CK@KGDDME@?$AA?5?$AAX?$AAT?$AAP?$AAR?$AA_?$AAU?$AAP?$AAD?$AAA?$AAT?$AAE?$AA_?$AAC?$AAO?$AAN?$AAT?$AAR?$AAO?$AAL?$AA?$AA@ 0000000000002c58     CPU:CPU.obj
 0002:00000428       ??_C@_1O@BIFOGOMP@?$AA?5?$AAX?$AAS?$AAA?$AAV?$AAE?$AA?$AA@ 0000000000002c88     CPU:CPU.obj
 0002:00000438       ??_C@_1BA@GNJDIBMI@?$AA?5?$AAX?$AA2?$AAA?$AAP?$AAI?$AAC?$AA?$AA@ 0000000000002c98     CPU:CPU.obj
 0002:00000448       ??_C@_19HNBOFAOH@?$AA?5?$AAV?$AAM?$AAX?$AA?$AA@ 0000000000002ca8     CPU:CPU.obj
 0002:00000458       ??_C@_19NPGNNPKF@?$AA?5?$AAV?$AAM?$AAE?$AA?$AA@ 0000000000002cb8     CPU:CPU.obj
 0002:00000468       ??_C@_19GLKAEAPN@?$AA?5?$AAT?$AAM?$AA2?$AA?$AA@ 0000000000002cc8     CPU:CPU.obj
 0002:00000478       ??_C@_17JNMKIIMB@?$AA?5?$AAT?$AAM?$AA?$AA@ 0000000000002cd8     CPU:CPU.obj
 0002:00000480       ??_C@_1BM@HHAPLDHP@?$AA?5?$AAT?$AAS?$AAC?$AA_?$AAD?$AAE?$AAA?$AAD?$AAL?$AAI?$AAN?$AAE?$AA?$AA@ 0000000000002ce0     CPU:CPU.obj
 0002:000004a0       ??_C@_19IBPPOEOP@?$AA?5?$AAT?$AAS?$AAC?$AA?$AA@ 0000000000002d00     CPU:CPU.obj
 0002:000004b0       ??_C@_1O@JMEEHDOC@?$AA?5?$AAS?$AAS?$AAS?$AAE?$AA3?$AA?$AA@ 0000000000002d10     CPU:CPU.obj
 0002:000004c0       ??_C@_1BA@MKBKLCAG@?$AA?5?$AAS?$AAS?$AAE?$AA4?$AA_?$AA2?$AA?$AA@ 0000000000002d20     CPU:CPU.obj
 0002:000004d0       ??_C@_1BA@NIKPBNOI@?$AA?5?$AAS?$AAS?$AAE?$AA4?$AA_?$AA1?$AA?$AA@ 0000000000002d30     CPU:CPU.obj
 0002:000004e0       ??_C@_1M@KIJKOHJG@?$AA?5?$AAS?$AAS?$AAE?$AA3?$AA?$AA@ 0000000000002d40     CPU:CPU.obj
 0002:000004f0       ??_C@_1M@BACGIAPD@?$AA?5?$AAS?$AAS?$AAE?$AA2?$AA?$AA@ 0000000000002d50     CPU:CPU.obj
 0002:00000500       ??_C@_19KOFBLCCK@?$AA?5?$AAS?$AAS?$AAE?$AA?$AA@ 0000000000002d60     CPU:CPU.obj
 0002:00000510       ??_C@_17DAAJJINF@?$AA?5?$AAS?$AAS?$AA?$AA@ 0000000000002d70     CPU:CPU.obj
 0002:00000518       ??_C@_19DFPOFOID@?$AA?5?$AAS?$AAM?$AAX?$AA?$AA@ 0000000000002d78     CPU:CPU.obj
 0002:00000528       ??_C@_19BMBJPEAB@?$AA?5?$AAS?$AAE?$AAP?$AA?$AA@ 0000000000002d88     CPU:CPU.obj
 0002:00000538       ??_C@_1M@CHLMNINH@?$AA?5?$AAS?$AAD?$AAB?$AAG?$AA?$AA@ 0000000000002d98     CPU:CPU.obj
 0002:00000548       ??_C@_1BA@IIIJHMBI@?$AA?5?$AAR?$AAD?$AAR?$AAA?$AAN?$AAD?$AA?$AA@ 0000000000002da8     CPU:CPU.obj
 0002:00000558       ??_C@_19PHNPDCMI@?$AA?5?$AAP?$AAS?$AAN?$AA?$AA@ 0000000000002db8     CPU:CPU.obj
 0002:00000568       ??_C@_1BA@MLKOHDEG@?$AA?5?$AAP?$AAS?$AAE?$AA_?$AA3?$AA6?$AA?$AA@ 0000000000002dc8     CPU:CPU.obj
 0002:00000578       ??_C@_19CANOLFMJ@?$AA?5?$AAP?$AAS?$AAE?$AA?$AA@ 0000000000002dd8     CPU:CPU.obj
 0002:00000588       ??_C@_1BA@OLMJMGE@?$AA?5?$AAP?$AAO?$AAP?$AAC?$AAN?$AAT?$AA?$AA@ 0000000000002de8     CPU:CPU.obj
 0002:00000598       ??_C@_19LIJJPFEE@?$AA?5?$AAP?$AAG?$AAE?$AA?$AA@ 0000000000002df8     CPU:CPU.obj
 0002:000005a8       ??_C@_1M@GIGKFABF@?$AA?5?$AAP?$AAD?$AAC?$AAM?$AA?$AA@ 0000000000002e08     CPU:CPU.obj
 0002:000005b8       ??_C@_1BG@HLMJMBKC@?$AA?5?$AAP?$AAC?$AAL?$AAM?$AAU?$AAL?$AAQ?$AAD?$AAQ?$AA?$AA@ 0000000000002e18     CPU:CPU.obj
 0002:000005d0       ??_C@_1M@LODMDFOA@?$AA?5?$AAP?$AAC?$AAI?$AAD?$AA?$AA@ 0000000000002e30     CPU:CPU.obj
 0002:000005e0       ??_C@_19OIFEGEPH@?$AA?5?$AAP?$AAB?$AAE?$AA?$AA@ 0000000000002e40     CPU:CPU.obj
 0002:000005f0       ??_C@_19IGGFCGKD@?$AA?5?$AAP?$AAA?$AAT?$AA?$AA@ 0000000000002e50     CPU:CPU.obj
 0002:00000600       ??_C@_19GOMABGFJ@?$AA?5?$AAP?$AAA?$AAE?$AA?$AA@ 0000000000002e60     CPU:CPU.obj
 0002:00000610       ??_C@_1BC@MFCCGHCL@?$AA?5?$AAO?$AAS?$AAX?$AAS?$AAA?$AAV?$AAE?$AA?$AA@ 0000000000002e70     CPU:CPU.obj
 0002:00000628       ??_C@_1M@GHBPNJB@?$AA?5?$AAM?$AAT?$AAR?$AAR?$AA?$AA@ 0000000000002e88     CPU:CPU.obj
 0002:00000638       ??_C@_19KKOPOBF@?$AA?5?$AAM?$AAS?$AAR?$AA?$AA@ 0000000000002e98     CPU:CPU.obj
 0002:00000648       ??_C@_1O@FPEOONPK@?$AA?5?$AAM?$AAO?$AAV?$AAB?$AAE?$AA?$AA@ 0000000000002ea8     CPU:CPU.obj
 0002:00000658       ??_C@_19FMMPHNJK@?$AA?5?$AAM?$AAM?$AAX?$AA?$AA@ 0000000000002eb8     CPU:CPU.obj
 0002:00000668       ??_C@_1BC@CALFAO@?$AA?5?$AAM?$AAO?$AAN?$AAI?$AAT?$AAO?$AAR?$AA?$AA@ 0000000000002ec8     CPU:CPU.obj
 0002:00000680       ??_C@_19MELGJDKI@?$AA?5?$AAM?$AAC?$AAE?$AA?$AA@ 0000000000002ee0     CPU:CPU.obj
 0002:00000690       ??_C@_19ELNEAEPP@?$AA?5?$AAM?$AAC?$AAA?$AA?$AA@ 0000000000002ef0     CPU:CPU.obj
 0002:000006a0       ??_C@_19HKCAJPBF@?$AA?5?$AAH?$AAT?$AAT?$AA?$AA@ 0000000000002f00     CPU:CPU.obj
 0002:000006b0       ??_C@_1M@GCGCMAIM@?$AA?5?$AAF?$AAX?$AAS?$AAR?$AA?$AA@ 0000000000002f10     CPU:CPU.obj
 0002:000006c0       ??_C@_19EMIHKIFE@?$AA?5?$AAF?$AAP?$AAU?$AA?$AA@ 0000000000002f20     CPU:CPU.obj
 0002:000006d0       ??_C@_19CMLEHJNJ@?$AA?5?$AAF?$AAM?$AAA?$AA?$AA@ 0000000000002f30     CPU:CPU.obj
 0002:000006e0       ??_C@_1M@BNFKNFAP@?$AA?5?$AAF?$AA1?$AA6?$AAC?$AA?$AA@ 0000000000002f40     CPU:CPU.obj
 0002:000006f0       ??_C@_1BA@GNEDGFMJ@?$AA?5?$AAD?$AAT?$AAE?$AAS?$AA6?$AA4?$AA?$AA@ 0000000000002f50     CPU:CPU.obj
 0002:00000700       ??_C@_1BA@CFMKMIHI@?$AA?5?$AAD?$AAS?$AA_?$AAC?$AAP?$AAL?$AA?$AA@ 0000000000002f60     CPU:CPU.obj
 0002:00000710       ??_C@_17CONKKKPG@?$AA?5?$AAD?$AAS?$AA?$AA@ 0000000000002f70     CPU:CPU.obj
 0002:00000718       ??_C@_17FLKIKCLF@?$AA?5?$AAD?$AAE?$AA?$AA@ 0000000000002f78     CPU:CPU.obj
 0002:00000720       ??_C@_19FEJLBPNE@?$AA?5?$AAD?$AAC?$AAA?$AA?$AA@ 0000000000002f80     CPU:CPU.obj
 0002:00000730       ??_C@_19CBHIALID@?$AA?5?$AAC?$AAX?$AA8?$AA?$AA@ 0000000000002f90     CPU:CPU.obj
 0002:00000740       ??_C@_1BC@HCJJBHJP@?$AA?5?$AAC?$AAN?$AAX?$AAT?$AA_?$AAI?$AAD?$AA?$AA@ 0000000000002fa0     CPU:CPU.obj
 0002:00000758       ??_C@_1BI@CAJLLANC@?$AA?5?$AAC?$AAM?$AAP?$AAX?$AAC?$AAH?$AAG?$AA1?$AA6?$AAB?$AA?$AA@ 0000000000002fb8     CPU:CPU.obj
 0002:00000770       ??_C@_1M@ELGGGBDA@?$AA?5?$AAC?$AAM?$AAO?$AAV?$AA?$AA@ 0000000000002fd0     CPU:CPU.obj
 0002:00000780       ??_C@_1O@BLBDLNCP@?$AA?5?$AAC?$AAL?$AAF?$AAS?$AAH?$AA?$AA@ 0000000000002fe0     CPU:CPU.obj
 0002:00000790       ??_C@_19GCHBJKIN@?$AA?5?$AAA?$AAV?$AAX?$AA?$AA@ 0000000000002ff0     CPU:CPU.obj
 0002:000007a0       ??_C@_1M@BJLDNBEH@?$AA?5?$AAA?$AAP?$AAI?$AAC?$AA?$AA@ 0000000000003000     CPU:CPU.obj
 0002:000007b0       ??_C@_1O@JKOBMOFH@?$AA?5?$AAA?$AAE?$AAS?$AAN?$AAT?$AA?$AA@ 0000000000003010     CPU:CPU.obj
 0002:000007c0       ??_C@_1M@KAODFELI@?$AA?5?$AAA?$AAC?$AAP?$AAI?$AA?$AA@ 0000000000003020     CPU:CPU.obj
 0002:000007cc       ??_C@_13LBAGMAIH@?$AA?6?$AA?$AA@ 000000000000302c     CPU:CPU.obj
 0002:000007d0       ??_C@_0CF@FLKEBLFI@q?3?2MdePkg?2Library?2BaseLib?2BitFie@ 0000000000003030     BaseLib:BitField.obj
 0002:000007f8       ??_C@_0BD@JDBPFJOM@StartBit?5?$DM?$DN?5EndBit?$AA@ 0000000000003058     BaseLib:BitField.obj
 0002:00000810       ??_C@_0M@NJLBHEFK@EndBit?5?$DM?532?$AA@ 0000000000003070     BaseLib:BitField.obj
 0002:00000820       ??_C@_0M@IJCABBDH@EndBit?5?$DM?564?$AA@ 0000000000003080     BaseLib:BitField.obj
 0002:00000830       ??_C@_0DK@EOJCOAME@Length?5?$DM?5_gPcd_FixedAtBuild_PcdM@ 0000000000003090     BaseLib:String.obj
 0002:00000870       ??_C@_0CD@BDCLIGHD@?$CI?$CIUINTN?$CJ?5String?5?$CG?50x00000001?$CJ?5?$DN?$DN@ 00000000000030d0     BaseLib:String.obj
 0002:00000898       ??_C@_0CD@OOJADBME@q?3?2MdePkg?2Library?2BaseLib?2String@ 00000000000030f8     BaseLib:String.obj
 0002:000008c0       ??_C@_0BH@MAAHKCPC@String?5?$CB?$DN?5?$CI?$CIvoid?5?$CK?$CJ?50?$CJ?$AA@ 0000000000003120     BaseLib:String.obj
 0002:000008d8       ??_C@_0DI@MDIKFADO@Length?5?$DM?5_gPcd_FixedAtBuild_PcdM@ 0000000000003138     BaseLib:String.obj
 0002:00000910       ??_C@_0BM@NLNKOJGD@Destination?5?$CB?$DN?5?$CI?$CIvoid?5?$CK?$CJ?50?$CJ?$AA@ 0000000000003170     BaseLib:String.obj
 0002:00000930       ??_C@_0DA@KDPHFAHA@?$CIUINTN?$CJ?$CISource?5?9?5Destination?$CJ?5?$DO?5@ 0000000000003190     BaseLib:String.obj
 0002:00000960       ??_C@_0DA@MIOLHJCL@?$CIUINTN?$CJ?$CIDestination?5?9?5Source?$CJ?5?$DO?5@ 00000000000031c0     BaseLib:String.obj
 0002:00000990       ??_C@_0CI@LLKACKFD@?$CI?$CIUINTN?$CJ?5Destination?5?$CG?50x0000000@ 00000000000031f0     BaseLib:String.obj
 0002:000009b8       ??_C@_0BL@NAIOOBPB@StrSize?5?$CIDestination?$CJ?5?$CB?$DN?50?$AA@ 0000000000003218     BaseLib:String.obj
 0002:000009d8       ??_C@_0CG@LDPFHBLJ@q?3?2MdePkg?2Library?2BaseLib?2RShift@ 0000000000003238     BaseLib:RShiftU64.obj
 0002:00000a00       ??_C@_0L@MEMPDLHB@Count?5?$DM?564?$AA@ 0000000000003260     BaseLib:RShiftU64.obj
 0002:00000a10       ??_C@_0CG@FGNMEPFL@q?3?2MdePkg?2Library?2BaseLib?2LShift@ 0000000000003270     BaseLib:LShiftU64.obj
 0002:00000a38       ??_C@_0N@KGHEHMDL@Divisor?5?$CB?$DN?50?$AA@ 0000000000003298     BaseLib:DivU64x32.obj
 0002:00000a48       ??_C@_0DG@EEENIGGL@Length?5?$DM?$DN?5?$CI0xFFFFFFFFFFFFFFFFULL@ 00000000000032a8     BaseMemoryLib:ZeroMemWrapper.obj
 0002:00000a80       ??_C@_0DB@ELEHOMCE@q?3?2MdePkg?2Library?2BaseMemoryLib?2@ 00000000000032e0     BaseMemoryLib:ZeroMemWrapper.obj
 0002:00000ab8       ??_C@_0CI@MNELLLEK@?$CB?$CIBuffer?5?$DN?$DN?5?$CI?$CIvoid?5?$CK?$CJ?50?$CJ?5?$CG?$CG?5Leng@ 0000000000003318     BaseMemoryLib:ZeroMemWrapper.obj
 0002:00000ae0       ??_C@_0BE@BDFJLGLN@gBS?5?$CB?$DN?5?$CI?$CIvoid?5?$CK?$CJ?50?$CJ?$AA@ 0000000000003340     UefiBootServicesTableLib:UefiBootServicesTableLib.obj
 0002:00000af8       ??_C@_0BE@DGNHAHIL@gST?5?$CB?$DN?5?$CI?$CIvoid?5?$CK?$CJ?50?$CJ?$AA@ 0000000000003358     UefiBootServicesTableLib:UefiBootServicesTableLib.obj
 0002:00000b10       ??_C@_0EG@IHBEIGJL@q?3?2MdePkg?2Library?2UefiBootServic@ 0000000000003370     UefiBootServicesTableLib:UefiBootServicesTableLib.obj
 0002:00000b58       ??_C@_0BN@COECPDCC@gImageHandle?5?$CB?$DN?5?$CI?$CIvoid?5?$CK?$CJ?50?$CJ?$AA@ 00000000000033b8     UefiBootServicesTableLib:UefiBootServicesTableLib.obj
 0002:00000b80       ??_C@_0EM@DLKNJEFG@q?3?2MdePkg?2Library?2UefiRuntimeSer@ 00000000000033e0     UefiRuntimeServicesTableLib:UefiRuntimeServicesTableLib.obj
 0002:00000bd0       ??_C@_0BE@OBDFIHND@gRT?5?$CB?$DN?5?$CI?$CIvoid?5?$CK?$CJ?50?$CJ?$AA@ 0000000000003430     UefiRuntimeServicesTableLib:UefiRuntimeServicesTableLib.obj
 0002:00000be8       ??_C@_0BH@IACGKAP@Buffer?5?$CB?$DN?5?$CI?$CIvoid?5?$CK?$CJ?50?$CJ?$AA@ 0000000000003448     UefiLib:UefiLibPrint.obj
 0002:00000c00       ??_C@_0BI@DIKLKBJC@Console?5?$CB?$DN?5?$CI?$CIvoid?5?$CK?$CJ?50?$CJ?$AA@ 0000000000003460     UefiLib:UefiLibPrint.obj
 0002:00000c18       ??_C@_0CD@NJDNMGBE@?$CI?$CIUINTN?$CJ?5Format?5?$CG?50x00000001?$CJ?5?$DN?$DN@ 0000000000003478     UefiLib:UefiLibPrint.obj
 0002:00000c40       ??_C@_0CJ@ICOLKBCP@q?3?2MdePkg?2Library?2UefiLib?2UefiLi@ 00000000000034a0     UefiLib:UefiLibPrint.obj
 0002:00000c70       ??_C@_0BH@LKMBFCBF@Format?5?$CB?$DN?5?$CI?$CIvoid?5?$CK?$CJ?50?$CJ?$AA@ 00000000000034d0     UefiLib:UefiLibPrint.obj
 0002:00000c88       ??_C@_0CG@MHAECJIA@q?3?2MdePkg?2Library?2BaseLib?2Unalig@ 00000000000034e8     BaseLib:Unaligned.obj
 0002:00000cb0       ??_C@_0EA@JCDEKIGH@q?3?2MdePkg?2Library?2UefiMemoryAllo@ 0000000000003510     UefiMemoryAllocationLib:MemoryAllocationLib.obj
 0002:00000cf0       ??_C@_0CH@KJLBGOBB@?$CI?$CI?$CIUINTN?$CJ?5?$CIFormatString?$CJ?$CJ?5?$CG?50x01@ 0000000000003550     BasePrintLib:PrintLib.obj
 0002:00000d18       ??_C@_0CK@LOLCLJPB@q?3?2MdePkg?2Library?2BasePrintLib?2P@ 0000000000003578     BasePrintLib:PrintLib.obj
 0002:00000d48       ??_C@_0CI@BGLNHBLM@?$CI?$CI?$CIUINTN?$CJ?5?$CIStartOfBuffer?$CJ?$CJ?5?$CG?50x0@ 00000000000035a8     BasePrintLib:PrintLib.obj
 0002:00000d70       ??_C@_0BB@MFGDFIJM@Compromised?5Data?$AA@ 00000000000035d0     BasePrintLib:PrintLibInternal.obj
 0002:00000d88       ??_C@_0BB@KFJAMCOC@Invalid?5Language?$AA@ 00000000000035e8     BasePrintLib:PrintLibInternal.obj
 0002:00000da0       ??_C@_0M@FKGOBENP@End?5of?5File?$AA@ 0000000000003600     BasePrintLib:PrintLibInternal.obj
 0002:00000db0       ??_C@_0O@GLPDOMCP@Reserved?5?$CI30?$CJ?$AA@ 0000000000003610     BasePrintLib:PrintLibInternal.obj
 0002:00000dc0       ??_C@_0O@NMJOLAMF@Reserved?5?$CI29?$CJ?$AA@ 0000000000003620     BasePrintLib:PrintLibInternal.obj
 0002:00000dd0       ??_C@_0N@JEJDHPO@End?5of?5Media?$AA@ 0000000000003630     BasePrintLib:PrintLibInternal.obj
 0002:00000de0       ??_C@_09BOMAGJEG@CRC?5Error?$AA@ 0000000000003640     BasePrintLib:PrintLibInternal.obj
 0002:00000df0       ??_C@_0BD@KHMPCIOG@Security?5Violation?$AA@ 0000000000003650     BasePrintLib:PrintLibInternal.obj
 0002:00000e08       ??_C@_0BF@EHOBGFMI@Incompatible?5Version?$AA@ 0000000000003668     BasePrintLib:PrintLibInternal.obj
 0002:00000e20       ??_C@_0P@NCJHBCLM@Protocol?5Error?$AA@ 0000000000003680     BasePrintLib:PrintLibInternal.obj
 0002:00000e30       ??_C@_0L@DJKNJKHM@TFTP?5Error?$AA@ 0000000000003690     BasePrintLib:PrintLibInternal.obj
 0002:00000e40       ??_C@_0L@LKIFCMNO@ICMP?5Error?$AA@ 00000000000036a0     BasePrintLib:PrintLibInternal.obj
 0002:00000e50       ??_C@_07LCKDCBKK@Aborted?$AA@ 00000000000036b0     BasePrintLib:PrintLibInternal.obj
 0002:00000e58       ??_C@_0BA@IGIBFFPH@Already?5started?$AA@ 00000000000036b8     BasePrintLib:PrintLibInternal.obj
 0002:00000e68       ??_C@_0M@DCJFAFHJ@Not?5started?$AA@ 00000000000036c8     BasePrintLib:PrintLibInternal.obj
 0002:00000e78       ??_C@_08PAFJCNGP@Time?5out?$AA@ 00000000000036d8     BasePrintLib:PrintLibInternal.obj
 0002:00000e88       ??_C@_0L@IFPBNFC@No?5mapping?$AA@ 00000000000036e8     BasePrintLib:PrintLibInternal.obj
 0002:00000e98       ??_C@_0M@ENKCBFEP@No?5Response?$AA@ 00000000000036f8     BasePrintLib:PrintLibInternal.obj
 0002:00000ea8       ??_C@_0O@NFHOBIDO@Access?5Denied?$AA@ 0000000000003708     BasePrintLib:PrintLibInternal.obj
 0002:00000eb8       ??_C@_09CFCBFJND@Not?5Found?$AA@ 0000000000003718     BasePrintLib:PrintLibInternal.obj
 0002:00000ec8       ??_C@_0O@JNCJKCCD@Media?5changed?$AA@ 0000000000003728     BasePrintLib:PrintLibInternal.obj
 0002:00000ed8       ??_C@_08KEGAJDNN@No?5Media?$AA@ 0000000000003738     BasePrintLib:PrintLibInternal.obj
 0002:00000ee8       ??_C@_0M@HDLEPOFA@Volume?5Full?$AA@ 0000000000003748     BasePrintLib:PrintLibInternal.obj
 0002:00000ef8       ??_C@_0P@EIOJGIF@Volume?5Corrupt?$AA@ 0000000000003758     BasePrintLib:PrintLibInternal.obj
 0002:00000f08       ??_C@_0BB@GOILNEAA@Out?5of?5Resources?$AA@ 0000000000003768     BasePrintLib:PrintLibInternal.obj
 0002:00000f20       ??_C@_0BA@LNEDDFNB@Write?5Protected?$AA@ 0000000000003780     BasePrintLib:PrintLibInternal.obj
 0002:00000f30       ??_C@_0N@HHEABDHO@Device?5Error?$AA@ 0000000000003790     BasePrintLib:PrintLibInternal.obj
 0002:00000f40       ??_C@_09NKFGCIPN@Not?5Ready?$AA@ 00000000000037a0     BasePrintLib:PrintLibInternal.obj
 0002:00000f50       ??_C@_0BB@EGELJFOB@Buffer?5Too?5Small?$AA@ 00000000000037b0     BasePrintLib:PrintLibInternal.obj
 0002:00000f68       ??_C@_0BA@FLNMPMCF@Bad?5Buffer?5Size?$AA@ 00000000000037c8     BasePrintLib:PrintLibInternal.obj
 0002:00000f78       ??_C@_0M@BEECMOIL@Unsupported?$AA@ 00000000000037d8     BasePrintLib:PrintLibInternal.obj
 0002:00000f88       ??_C@_0BC@HOFHKGJN@Invalid?5Parameter?$AA@ 00000000000037e8     BasePrintLib:PrintLibInternal.obj
 0002:00000fa0       ??_C@_0L@PLPBEPPC@Load?5Error?$AA@ 0000000000003800     BasePrintLib:PrintLibInternal.obj
 0002:00000fb0       ??_C@_0BD@IFJNJCCO@Warning?5Stale?5Data?$AA@ 0000000000003810     BasePrintLib:PrintLibInternal.obj
 0002:00000fc8       ??_C@_0BJ@ODIPDGHB@Warning?5Buffer?5Too?5Small?$AA@ 0000000000003828     BasePrintLib:PrintLibInternal.obj
 0002:00000fe8       ??_C@_0BG@ECIJMOED@Warning?5Write?5Failure?$AA@ 0000000000003848     BasePrintLib:PrintLibInternal.obj
 0002:00001000       ??_C@_0BH@GKKCJEPJ@Warning?5Delete?5Failure?$AA@ 0000000000003860     BasePrintLib:PrintLibInternal.obj
 0002:00001018       ??_C@_0BG@CFJMNNJK@Warning?5Unknown?5Glyph?$AA@ 0000000000003878     BasePrintLib:PrintLibInternal.obj
 0002:00001030       ??_C@_07PBILKAFL@Success?$AA@ 0000000000003890     BasePrintLib:PrintLibInternal.obj
 0002:00001038       mHexStr                    0000000000003898     BasePrintLib:PrintLibInternal.obj
 0002:00001050       mStatusString              00000000000038b0     BasePrintLib:PrintLibInternal.obj
 0002:00001188       ??_C@_0DC@CHCEMEEB@q?3?2MdePkg?2Library?2BasePrintLib?2P@ 00000000000039e8     BasePrintLib:PrintLibInternal.obj
 0002:000011c0       ??_C@_0EG@NFDMKACK@?$CI?$CI?$CIFlags?5?$CG?50x00000040?$CJ?5?$CB?$DN?50?$CJ?$CJ?5?$HM?$HM@ 0000000000003a20     BasePrintLib:PrintLibInternal.obj
 0002:00001210       ??_C@_0EM@FPGGOFNC@?$CI?$CI?$CIFlags?5?$CG?50x00000040?$CJ?5?$DN?$DN?50?$CJ?$CJ?5?$HM?$HM@ 0000000000003a70     BasePrintLib:PrintLibInternal.obj
 0002:0000125c       ??_C@_01LIIJDEN@?$AN?$AA@  0000000000003abc     BasePrintLib:PrintLibInternal.obj
 0002:00001260       ??_C@_04JIMNDDED@?$CF08X?$AA@ 0000000000003ac0     BasePrintLib:PrintLibInternal.obj
 0002:00001268       ??_C@_0O@MLOLIMFM@?$DMnull?5string?$DO?$AA@ 0000000000003ac8     BasePrintLib:PrintLibInternal.obj
 0002:00001278       ??_C@_0BK@FCPKCIDD@?$CF02d?1?$CF02d?1?$CF04d?5?5?$CF02d?3?$CF02d?$AA@ 0000000000003ad8     BasePrintLib:PrintLibInternal.obj
 0002:00001298       ??_C@_0M@LHGBCIKM@?$DMnull?5time?$DO?$AA@ 0000000000003af8     BasePrintLib:PrintLibInternal.obj
 0002:000012a8       ??_C@_0DB@PMLHLBMO@?$CF08x?9?$CF04x?9?$CF04x?9?$CF02x?$CF02x?9?$CF02x?$CF02x@ 0000000000003b08     BasePrintLib:PrintLibInternal.obj
 0002:000012e0       ??_C@_0M@BJJDNPHK@?$DMnull?5guid?$DO?$AA@ 0000000000003b40     BasePrintLib:PrintLibInternal.obj
 0002:000012ec       ??_C@_02PCIJFNDE@?$AN?6?$AA@ 0000000000003b4c     BasePrintLib:PrintLibInternal.obj
 0002:000012f0       ??_C@_0BL@BFEFANFD@AsciiStrSize?5?$CIFormat?$CJ?5?$CB?$DN?50?$AA@ 0000000000003b50     BasePrintLib:PrintLibInternal.obj
 0002:00001310       ??_C@_0CB@NIHAJGJE@StrSize?5?$CI?$CICHAR16?5?$CK?$CJ?5Format?$CJ?5?$CB?$DN?50@ 0000000000003b70     BasePrintLib:PrintLibInternal.obj
 0002:00001338       ??_C@_0CP@CPEPIGGJ@q?3?2MdePkg?2Library?2BaseLib?2DivU64@ 0000000000003b98     BaseLib:DivU64x32Remainder.obj
 0002:00001368       gImageHandle               0000000000003bc8     UefiBootServicesTableLib:UefiBootServicesTableLib.obj
 0002:00001370       gST                        0000000000003bd0     UefiBootServicesTableLib:UefiBootServicesTableLib.obj
 0002:00001378       gBS                        0000000000003bd8     UefiBootServicesTableLib:UefiBootServicesTableLib.obj
 0002:00001380       gRT                        0000000000003be0     UefiRuntimeServicesTableLib:UefiRuntimeServicesTableLib.obj

 entry point at        0001:00000000

 Static symbols

