 EEPROM

 Timestamp is 61e77387 (Wed Jan 19 10:12:23 2022)

 Preferred load address is 0000000000000000

 Start         Length     Name                   Class
 0001:00000000 00001b6eH .text                   CODE
 0002:00000000 00000000H .data                   DATA
 0002:00000000 00000c97H .rdata                  DATA
 0002:00000c98 00000020H .bss                    DATA
 0003:00000000 00000144H .pdata                  DATA
 0004:00000000 000000ccH .xdata                  DATA

  Address         Publics by Value              Rva+Base               Lib:Object

 0001:00000000       _ModuleEntryPoint          00000000000002a0 f   UefiApplicationEntryPoint:ApplicationEntryPoint.obj
 0001:00000064       ProcessLibraryConstructorList 0000000000000304 f   EEPROM:AutoGen.obj
 0001:000001a4       ProcessModuleEntryPointList 0000000000000444 f   EEPROM:AutoGen.obj
 0001:000001ac       ErrorMessage               000000000000044c f   EEPROM:EEPROM.obj
 0001:000001f0       EC_main                    0000000000000490 f   EEPROM:EEPROM.obj
 0001:0000040c       UefiMain                   00000000000006ac f   EEPROM:EEPROM.obj
 0001:000004a0       DebugPrint                 0000000000000740 f   BaseDebugLibNull:DebugLib.obj
 0001:000004ac       DebugAssert                000000000000074c f   BaseDebugLibNull:DebugLib.obj
 0001:000004ac       ProcessLibraryDestructorList 000000000000074c f   EEPROM:AutoGen.obj
 0001:000004b0       DebugPrintEnabled          0000000000000750 f   BaseDebugLibNull:DebugLib.obj
 0001:000004b0       DebugAssertEnabled         0000000000000750 f   BaseDebugLibNull:DebugLib.obj
 0001:000004b0       DebugPrintLevelEnabled     0000000000000750 f   BaseDebugLibNull:DebugLib.obj
 0001:000004b4       StrLen                     0000000000000754 f   BaseLib:String.obj
 0001:0000056c       StrSize                    000000000000080c f   BaseLib:String.obj
 0001:00000580       StrCmp                     0000000000000820 f   BaseLib:String.obj
 0001:00000630       AsciiStrLen                00000000000008d0 f   BaseLib:String.obj
 0001:000006b8       AsciiStrSize               0000000000000958 f   BaseLib:String.obj
 0001:000006cc       InternalMathDivRemU64x32   000000000000096c f   BaseLib:Math64.obj
 0001:000006e8       UefiBootServicesTableLibConstructor 0000000000000988 f   UefiBootServicesTableLib:UefiBootServicesTableLib.obj
 0001:00000794       UefiRuntimeServicesTableLibConstructor 0000000000000a34 f   UefiRuntimeServicesTableLib:UefiRuntimeServicesTableLib.obj
 0001:000007d8       IoRead8                    0000000000000a78 f   BaseIoLibIntrinsic:IoLibMsc.obj
 0001:000007e0       IoWrite8                   0000000000000a80 f   BaseIoLibIntrinsic:IoLibMsc.obj
 0001:000007e8       UefiLibConstructor         0000000000000a88 f   UefiLib:UefiLib.obj
 0001:000007ec       InternalPrint              0000000000000a8c f   UefiLib:UefiLibPrint.obj
 0001:0000090c       Print                      0000000000000bac f   UefiLib:UefiLibPrint.obj
 0001:0000093c       MicroSecondDelay           0000000000000bdc f   BaseTimerLibNullTemplate:TimerLibNull.obj
 0001:00000970       Check_IBF                  0000000000000c10 f   COMPAL_IOLib:COMPAL_IOLib.obj
 0001:000009a8       Check_OBF                  0000000000000c48 f   COMPAL_IOLib:COMPAL_IOLib.obj
 0001:000009e0       HexaDecimalDigitCharacter  0000000000000c80 f   COMPAL_StringLib:COMPAL_StringLib.obj
 0001:00000a08       HexCharToUintn             0000000000000ca8 f   COMPAL_StringLib:COMPAL_StringLib.obj
 0001:00000a38       StrToHex8                  0000000000000cd8 f   COMPAL_StringLib:COMPAL_StringLib.obj
 0001:00000ab8       ReadUnaligned16            0000000000000d58 f   BaseLib:Unaligned.obj
 0001:00000af0       ReadUnaligned32            0000000000000d90 f   BaseLib:Unaligned.obj
 0001:00000b28       InternalAllocatePool       0000000000000dc8 f   UefiMemoryAllocationLib:MemoryAllocationLib.obj
 0001:00000b54       AllocatePool               0000000000000df4 f   UefiMemoryAllocationLib:MemoryAllocationLib.obj
 0001:00000b64       FreePool                   0000000000000e04 f   UefiMemoryAllocationLib:MemoryAllocationLib.obj
 0001:00000bd8       UnicodeVSPrint             0000000000000e78 f   BasePrintLib:PrintLib.obj
 0001:00000c7c       BasePrintLibFillBuffer     0000000000000f1c f   BasePrintLib:PrintLibInternal.obj
 0001:00000cb0       BasePrintLibValueToString  0000000000000f50 f   BasePrintLib:PrintLibInternal.obj
 0001:00000d00       BasePrintLibSPrintMarker   0000000000000fa0 f   BasePrintLib:PrintLibInternal.obj
 0001:00001af4       BasePrintLibSPrint         0000000000001d94 f   BasePrintLib:PrintLibInternal.obj
 0001:00001b18       DivU64x32Remainder         0000000000001db8 f   BaseLib:DivU64x32Remainder.obj
 0002:00000000       _gPcd_FixedAtBuild_PcdMaximumAsciiStringLength 0000000000001e20     EEPROM:AutoGen.obj
 0002:00000000       _gPcd_FixedAtBuild_PcdMaximumUnicodeStringLength 0000000000001e20     EEPROM:AutoGen.obj
 0002:00000004       _gPcd_FixedAtBuild_PcdUefiLibMaxPrintBufferSize 0000000000001e24     EEPROM:AutoGen.obj
 0002:00000008       _gUefiDriverRevision       0000000000001e28     EEPROM:AutoGen.obj
 0002:00000010       ??_C@_0FC@CMKBJOJ@q?3?2Build?2MyPkg?2RELEASE_DEVTLS?2X6@ 0000000000001e30     EEPROM:AutoGen.obj
 0002:00000068       ??_C@_0BE@DCHLEIGN@?$CBEFI_ERROR?5?$CIStatus?$CJ?$AA@ 0000000000001e88     EEPROM:AutoGen.obj
 0002:00000080       ??_C@_0CB@DMEJJJHA@?6ASSERT_EFI_ERROR?5?$CIStatus?5?$DN?5?$CFr?$CJ?6@ 0000000000001ea0     EEPROM:AutoGen.obj
 0002:000000a8       ??_C@_1CI@KFIKPAJB@?$AAP?$AAa?$AAr?$AAa?$AAm?$AAe?$AAt?$AAe?$AAr?$AA?5?$AA3?$AA?5?$AA?3?$AA?5?$AAD?$AAa?$AAt?$AAa?$AA?6?$AA?$AA@ 0000000000001ec8     EEPROM:EEPROM.obj
 0002:000000d0       ??_C@_1DM@LACFBMLK@?$AAP?$AAa?$AAr?$AAa?$AAm?$AAe?$AAt?$AAe?$AAr?$AA?5?$AA2?$AA?5?$AA?3?$AA?5?$AAO?$AAf?$AAf?$AAs?$AAe?$AAt?$AA?5?$AA?$FL?$AAF?$AAF?$AA?3?$AA0?$AA0?$AA?$FN?$AA?6?$AA?$AA@ 0000000000001ef0     EEPROM:EEPROM.obj
 0002:00000110       ??_C@_1FG@IAIKOBBJ@?$AAP?$AAa?$AAr?$AAa?$AAm?$AAe?$AAt?$AAe?$AAr?$AA?5?$AA1?$AA?5?$AA?3?$AA?5?$AAW?$AAr?$AAi?$AAt?$AAe?$AA?$CI?$AA?9?$AAw?$AA?1?$AA?9?$AAW?$AA?$CJ?$AA?5?$AAo?$AAr?$AA?5?$AAR?$AAe@ 0000000000001f30     EEPROM:EEPROM.obj
 0002:00000168       ??_C@_1DK@NAEDKDCF@?$AA?6?$AAP?$AAl?$AAe?$AAa?$AAs?$AAe?$AA?5?$AAE?$AAn?$AAt?$AAe?$AAr?$AA?5?$AA3?$AA?5?$AAP?$AAa?$AAr?$AAa?$AAm?$AAe?$AAt?$AAe?$AAr?$AAs?$AA?3?$AA?6?$AA?$AA@ 0000000000001f88     EEPROM:EEPROM.obj
 0002:000001a8       ??_C@_1CC@EMOLDGEO@?$AAP?$AAa?$AAr?$AAa?$AAm?$AAe?$AAt?$AAe?$AAr?$AA?5?$AAE?$AAr?$AAr?$AAo?$AAr?$AA?6?$AA?$AA@ 0000000000001fc8     EEPROM:EEPROM.obj
 0002:000001d0       ??_C@_1BC@BLBJHNOB@?$AAS?$AAu?$AAc?$AAc?$AAe?$AAs?$AAs?$AA?6?$AA?$AA@ 0000000000001ff0     EEPROM:EEPROM.obj
 0002:000001e8       ??_C@_1BE@GPCHMOHN@?$AAT?$AAi?$AAm?$AAe?$AA?5?$AAo?$AAu?$AAt?$AA?6?$AA?$AA@ 0000000000002008     EEPROM:EEPROM.obj
 0002:00000200       ??_C@_1CI@FKNKFHFO@?$AAD?$AAa?$AAt?$AAa?$AA?5?$AA?$CF?$AAd?$AA?5?$AA?3?$AA?$CI?$AA0?$AAx?$AA?$CF?$AAx?$AA?$CJ?$AA?5?$AA?$CF?$AAc?$AA?6?$AA?$AA@ 0000000000002020     EEPROM:EEPROM.obj
 0002:00000228       ??_C@_15KDNFHPKP@?$AA?9?$AAW?$AA?$AA@ 0000000000002048     EEPROM:EEPROM.obj
 0002:00000230       ??_C@_15DOHNAJB@?$AA?9?$AAw?$AA?$AA@ 0000000000002050     EEPROM:EEPROM.obj
 0002:00000238       ??_C@_15JEALIPJN@?$AA?9?$AAR?$AA?$AA@ 0000000000002058     EEPROM:EEPROM.obj
 0002:00000240       ??_C@_15DEDJCAKD@?$AA?9?$AAr?$AA?$AA@ 0000000000002060     EEPROM:EEPROM.obj
 0002:00000248       ??_C@_1DC@NKIPJBML@?$AA?6?$AA?5?$AAF?$AAa?$AAi?$AAl?$AA?5?$AAt?$AAo?$AA?5?$AAO?$AAp?$AAe?$AAn?$AA?5?$AAP?$AAr?$AAo?$AAt?$AAo?$AAc?$AAo?$AAl?$AA?6?$AA?$AA@ 0000000000002068     EEPROM:EEPROM.obj
 0002:00000280       ??_C@_0DK@EOJCOAME@Length?5?$DM?5_gPcd_FixedAtBuild_PcdM@ 00000000000020a0     BaseLib:String.obj
 0002:000002c0       ??_C@_0CD@BDCLIGHD@?$CI?$CIUINTN?$CJ?5String?5?$CG?50x00000001?$CJ?5?$DN?$DN@ 00000000000020e0     BaseLib:String.obj
 0002:000002e8       ??_C@_0CD@OOJADBME@q?3?2MdePkg?2Library?2BaseLib?2String@ 0000000000002108     BaseLib:String.obj
 0002:00000310       ??_C@_0BH@MAAHKCPC@String?5?$CB?$DN?5?$CI?$CIvoid?5?$CK?$CJ?50?$CJ?$AA@ 0000000000002130     BaseLib:String.obj
 0002:00000328       ??_C@_0BM@DALBOILC@StrSize?5?$CISecondString?$CJ?5?$CB?$DN?50?$AA@ 0000000000002148     BaseLib:String.obj
 0002:00000348       ??_C@_0BL@JAAMOCAJ@StrSize?5?$CIFirstString?$CJ?5?$CB?$DN?50?$AA@ 0000000000002168     BaseLib:String.obj
 0002:00000368       ??_C@_0DI@MDIKFADO@Length?5?$DM?5_gPcd_FixedAtBuild_PcdM@ 0000000000002188     BaseLib:String.obj
 0002:000003a0       ??_C@_0N@KGHEHMDL@Divisor?5?$CB?$DN?50?$AA@ 00000000000021c0     BaseLib:DivU64x32.obj
 0002:000003b0       ??_C@_0BE@BDFJLGLN@gBS?5?$CB?$DN?5?$CI?$CIvoid?5?$CK?$CJ?50?$CJ?$AA@ 00000000000021d0     UefiBootServicesTableLib:UefiBootServicesTableLib.obj
 0002:000003c8       ??_C@_0BE@DGNHAHIL@gST?5?$CB?$DN?5?$CI?$CIvoid?5?$CK?$CJ?50?$CJ?$AA@ 00000000000021e8     UefiBootServicesTableLib:UefiBootServicesTableLib.obj
 0002:000003e0       ??_C@_0EG@IHBEIGJL@q?3?2MdePkg?2Library?2UefiBootServic@ 0000000000002200     UefiBootServicesTableLib:UefiBootServicesTableLib.obj
 0002:00000428       ??_C@_0BN@COECPDCC@gImageHandle?5?$CB?$DN?5?$CI?$CIvoid?5?$CK?$CJ?50?$CJ?$AA@ 0000000000002248     UefiBootServicesTableLib:UefiBootServicesTableLib.obj
 0002:00000450       ??_C@_0EM@DLKNJEFG@q?3?2MdePkg?2Library?2UefiRuntimeSer@ 0000000000002270     UefiRuntimeServicesTableLib:UefiRuntimeServicesTableLib.obj
 0002:000004a0       ??_C@_0BE@OBDFIHND@gRT?5?$CB?$DN?5?$CI?$CIvoid?5?$CK?$CJ?50?$CJ?$AA@ 00000000000022c0     UefiRuntimeServicesTableLib:UefiRuntimeServicesTableLib.obj
 0002:000004b8       ??_C@_0BH@IACGKAP@Buffer?5?$CB?$DN?5?$CI?$CIvoid?5?$CK?$CJ?50?$CJ?$AA@ 00000000000022d8     UefiLib:UefiLibPrint.obj
 0002:000004d0       ??_C@_0BI@DIKLKBJC@Console?5?$CB?$DN?5?$CI?$CIvoid?5?$CK?$CJ?50?$CJ?$AA@ 00000000000022f0     UefiLib:UefiLibPrint.obj
 0002:000004e8       ??_C@_0CD@NJDNMGBE@?$CI?$CIUINTN?$CJ?5Format?5?$CG?50x00000001?$CJ?5?$DN?$DN@ 0000000000002308     UefiLib:UefiLibPrint.obj
 0002:00000510       ??_C@_0CJ@ICOLKBCP@q?3?2MdePkg?2Library?2UefiLib?2UefiLi@ 0000000000002330     UefiLib:UefiLibPrint.obj
 0002:00000540       ??_C@_0BH@LKMBFCBF@Format?5?$CB?$DN?5?$CI?$CIvoid?5?$CK?$CJ?50?$CJ?$AA@ 0000000000002360     UefiLib:UefiLibPrint.obj
 0002:00000558       ??_C@_0DK@GNNLNFJF@q?3?2MdePkg?2Library?2BaseTimerLibNu@ 0000000000002378     BaseTimerLibNullTemplate:TimerLibNull.obj
 0002:00000598       ??_C@_0BC@FEDIJHFF@?$CI?$CIBOOLEAN?$CJ?$CI0?$DN?$DN1?$CJ?$CJ?$AA@ 00000000000023b8     BaseTimerLibNullTemplate:TimerLibNull.obj
 0002:000005b0       ??_C@_0CG@MHAECJIA@q?3?2MdePkg?2Library?2BaseLib?2Unalig@ 00000000000023d0     BaseLib:Unaligned.obj
 0002:000005e0       ??_C@_0EA@JCDEKIGH@q?3?2MdePkg?2Library?2UefiMemoryAllo@ 0000000000002400     UefiMemoryAllocationLib:MemoryAllocationLib.obj
 0002:00000620       ??_C@_0CH@KJLBGOBB@?$CI?$CI?$CIUINTN?$CJ?5?$CIFormatString?$CJ?$CJ?5?$CG?50x01@ 0000000000002440     BasePrintLib:PrintLib.obj
 0002:00000648       ??_C@_0CK@LOLCLJPB@q?3?2MdePkg?2Library?2BasePrintLib?2P@ 0000000000002468     BasePrintLib:PrintLib.obj
 0002:00000678       ??_C@_0CI@BGLNHBLM@?$CI?$CI?$CIUINTN?$CJ?5?$CIStartOfBuffer?$CJ?$CJ?5?$CG?50x0@ 0000000000002498     BasePrintLib:PrintLib.obj
 0002:000006a0       ??_C@_0BB@MFGDFIJM@Compromised?5Data?$AA@ 00000000000024c0     BasePrintLib:PrintLibInternal.obj
 0002:000006b8       ??_C@_0BB@KFJAMCOC@Invalid?5Language?$AA@ 00000000000024d8     BasePrintLib:PrintLibInternal.obj
 0002:000006d0       ??_C@_0M@FKGOBENP@End?5of?5File?$AA@ 00000000000024f0     BasePrintLib:PrintLibInternal.obj
 0002:000006e0       ??_C@_0O@GLPDOMCP@Reserved?5?$CI30?$CJ?$AA@ 0000000000002500     BasePrintLib:PrintLibInternal.obj
 0002:000006f0       ??_C@_0O@NMJOLAMF@Reserved?5?$CI29?$CJ?$AA@ 0000000000002510     BasePrintLib:PrintLibInternal.obj
 0002:00000700       ??_C@_0N@JEJDHPO@End?5of?5Media?$AA@ 0000000000002520     BasePrintLib:PrintLibInternal.obj
 0002:00000710       ??_C@_09BOMAGJEG@CRC?5Error?$AA@ 0000000000002530     BasePrintLib:PrintLibInternal.obj
 0002:00000720       ??_C@_0BD@KHMPCIOG@Security?5Violation?$AA@ 0000000000002540     BasePrintLib:PrintLibInternal.obj
 0002:00000738       ??_C@_0BF@EHOBGFMI@Incompatible?5Version?$AA@ 0000000000002558     BasePrintLib:PrintLibInternal.obj
 0002:00000750       ??_C@_0P@NCJHBCLM@Protocol?5Error?$AA@ 0000000000002570     BasePrintLib:PrintLibInternal.obj
 0002:00000760       ??_C@_0L@DJKNJKHM@TFTP?5Error?$AA@ 0000000000002580     BasePrintLib:PrintLibInternal.obj
 0002:00000770       ??_C@_0L@LKIFCMNO@ICMP?5Error?$AA@ 0000000000002590     BasePrintLib:PrintLibInternal.obj
 0002:00000780       ??_C@_07LCKDCBKK@Aborted?$AA@ 00000000000025a0     BasePrintLib:PrintLibInternal.obj
 0002:00000788       ??_C@_0BA@IGIBFFPH@Already?5started?$AA@ 00000000000025a8     BasePrintLib:PrintLibInternal.obj
 0002:00000798       ??_C@_0M@DCJFAFHJ@Not?5started?$AA@ 00000000000025b8     BasePrintLib:PrintLibInternal.obj
 0002:000007a8       ??_C@_08PAFJCNGP@Time?5out?$AA@ 00000000000025c8     BasePrintLib:PrintLibInternal.obj
 0002:000007b8       ??_C@_0L@IFPBNFC@No?5mapping?$AA@ 00000000000025d8     BasePrintLib:PrintLibInternal.obj
 0002:000007c8       ??_C@_0M@ENKCBFEP@No?5Response?$AA@ 00000000000025e8     BasePrintLib:PrintLibInternal.obj
 0002:000007d8       ??_C@_0O@NFHOBIDO@Access?5Denied?$AA@ 00000000000025f8     BasePrintLib:PrintLibInternal.obj
 0002:000007e8       ??_C@_09CFCBFJND@Not?5Found?$AA@ 0000000000002608     BasePrintLib:PrintLibInternal.obj
 0002:000007f8       ??_C@_0O@JNCJKCCD@Media?5changed?$AA@ 0000000000002618     BasePrintLib:PrintLibInternal.obj
 0002:00000808       ??_C@_08KEGAJDNN@No?5Media?$AA@ 0000000000002628     BasePrintLib:PrintLibInternal.obj
 0002:00000818       ??_C@_0M@HDLEPOFA@Volume?5Full?$AA@ 0000000000002638     BasePrintLib:PrintLibInternal.obj
 0002:00000828       ??_C@_0P@EIOJGIF@Volume?5Corrupt?$AA@ 0000000000002648     BasePrintLib:PrintLibInternal.obj
 0002:00000838       ??_C@_0BB@GOILNEAA@Out?5of?5Resources?$AA@ 0000000000002658     BasePrintLib:PrintLibInternal.obj
 0002:00000850       ??_C@_0BA@LNEDDFNB@Write?5Protected?$AA@ 0000000000002670     BasePrintLib:PrintLibInternal.obj
 0002:00000860       ??_C@_0N@HHEABDHO@Device?5Error?$AA@ 0000000000002680     BasePrintLib:PrintLibInternal.obj
 0002:00000870       ??_C@_09NKFGCIPN@Not?5Ready?$AA@ 0000000000002690     BasePrintLib:PrintLibInternal.obj
 0002:00000880       ??_C@_0BB@EGELJFOB@Buffer?5Too?5Small?$AA@ 00000000000026a0     BasePrintLib:PrintLibInternal.obj
 0002:00000898       ??_C@_0BA@FLNMPMCF@Bad?5Buffer?5Size?$AA@ 00000000000026b8     BasePrintLib:PrintLibInternal.obj
 0002:000008a8       ??_C@_0M@BEECMOIL@Unsupported?$AA@ 00000000000026c8     BasePrintLib:PrintLibInternal.obj
 0002:000008b8       ??_C@_0BC@HOFHKGJN@Invalid?5Parameter?$AA@ 00000000000026d8     BasePrintLib:PrintLibInternal.obj
 0002:000008d0       ??_C@_0L@PLPBEPPC@Load?5Error?$AA@ 00000000000026f0     BasePrintLib:PrintLibInternal.obj
 0002:000008e0       ??_C@_0BD@IFJNJCCO@Warning?5Stale?5Data?$AA@ 0000000000002700     BasePrintLib:PrintLibInternal.obj
 0002:000008f8       ??_C@_0BJ@ODIPDGHB@Warning?5Buffer?5Too?5Small?$AA@ 0000000000002718     BasePrintLib:PrintLibInternal.obj
 0002:00000918       ??_C@_0BG@ECIJMOED@Warning?5Write?5Failure?$AA@ 0000000000002738     BasePrintLib:PrintLibInternal.obj
 0002:00000930       ??_C@_0BH@GKKCJEPJ@Warning?5Delete?5Failure?$AA@ 0000000000002750     BasePrintLib:PrintLibInternal.obj
 0002:00000948       ??_C@_0BG@CFJMNNJK@Warning?5Unknown?5Glyph?$AA@ 0000000000002768     BasePrintLib:PrintLibInternal.obj
 0002:00000960       ??_C@_07PBILKAFL@Success?$AA@ 0000000000002780     BasePrintLib:PrintLibInternal.obj
 0002:00000968       mHexStr                    0000000000002788     BasePrintLib:PrintLibInternal.obj
 0002:00000980       mStatusString              00000000000027a0     BasePrintLib:PrintLibInternal.obj
 0002:00000ab8       ??_C@_0DC@CHCEMEEB@q?3?2MdePkg?2Library?2BasePrintLib?2P@ 00000000000028d8     BasePrintLib:PrintLibInternal.obj
 0002:00000af0       ??_C@_0EG@NFDMKACK@?$CI?$CI?$CIFlags?5?$CG?50x00000040?$CJ?5?$CB?$DN?50?$CJ?$CJ?5?$HM?$HM@ 0000000000002910     BasePrintLib:PrintLibInternal.obj
 0002:00000b40       ??_C@_0EM@FPGGOFNC@?$CI?$CI?$CIFlags?5?$CG?50x00000040?$CJ?5?$DN?$DN?50?$CJ?$CJ?5?$HM?$HM@ 0000000000002960     BasePrintLib:PrintLibInternal.obj
 0002:00000b8c       ??_C@_01LIIJDEN@?$AN?$AA@  00000000000029ac     BasePrintLib:PrintLibInternal.obj
 0002:00000b90       ??_C@_04JIMNDDED@?$CF08X?$AA@ 00000000000029b0     BasePrintLib:PrintLibInternal.obj
 0002:00000b98       ??_C@_0O@MLOLIMFM@?$DMnull?5string?$DO?$AA@ 00000000000029b8     BasePrintLib:PrintLibInternal.obj
 0002:00000ba8       ??_C@_0BK@FCPKCIDD@?$CF02d?1?$CF02d?1?$CF04d?5?5?$CF02d?3?$CF02d?$AA@ 00000000000029c8     BasePrintLib:PrintLibInternal.obj
 0002:00000bc8       ??_C@_0M@LHGBCIKM@?$DMnull?5time?$DO?$AA@ 00000000000029e8     BasePrintLib:PrintLibInternal.obj
 0002:00000bd8       ??_C@_0DB@PMLHLBMO@?$CF08x?9?$CF04x?9?$CF04x?9?$CF02x?$CF02x?9?$CF02x?$CF02x@ 00000000000029f8     BasePrintLib:PrintLibInternal.obj
 0002:00000c10       ??_C@_0M@BJJDNPHK@?$DMnull?5guid?$DO?$AA@ 0000000000002a30     BasePrintLib:PrintLibInternal.obj
 0002:00000c1c       ??_C@_02PCIJFNDE@?$AN?6?$AA@ 0000000000002a3c     BasePrintLib:PrintLibInternal.obj
 0002:00000c20       ??_C@_0BL@BFEFANFD@AsciiStrSize?5?$CIFormat?$CJ?5?$CB?$DN?50?$AA@ 0000000000002a40     BasePrintLib:PrintLibInternal.obj
 0002:00000c40       ??_C@_0CB@NIHAJGJE@StrSize?5?$CI?$CICHAR16?5?$CK?$CJ?5Format?$CJ?5?$CB?$DN?50@ 0000000000002a60     BasePrintLib:PrintLibInternal.obj
 0002:00000c68       ??_C@_0CP@CPEPIGGJ@q?3?2MdePkg?2Library?2BaseLib?2DivU64@ 0000000000002a88     BaseLib:DivU64x32Remainder.obj
 0002:00000c98       gImageHandle               0000000000002ab8     UefiBootServicesTableLib:UefiBootServicesTableLib.obj
 0002:00000ca0       gST                        0000000000002ac0     UefiBootServicesTableLib:UefiBootServicesTableLib.obj
 0002:00000ca8       gBS                        0000000000002ac8     UefiBootServicesTableLib:UefiBootServicesTableLib.obj
 0002:00000cb0       gRT                        0000000000002ad0     UefiRuntimeServicesTableLib:UefiRuntimeServicesTableLib.obj

 entry point at        0001:00000000

 Static symbols

