 MSR

 Timestamp is 61cd1a56 (Thu Dec 30 10:32:54 2021)

 Preferred load address is 0000000000000000

 Start         Length     Name                   Class
 0001:00000000 000018c6H .text                   CODE
 0002:00000000 00000000H .data                   DATA
 0002:00000000 00000c37H .rdata                  DATA
 0002:00000c38 00000020H .bss                    DATA
 0003:00000000 00000114H .pdata                  DATA
 0004:00000000 000000b0H .xdata                  DATA

  Address         Publics by Value              Rva+Base               Lib:Object

 0001:00000000       _ModuleEntryPoint          00000000000002a0 f   UefiApplicationEntryPoint:ApplicationEntryPoint.obj
 0001:00000064       ProcessLibraryConstructorList 0000000000000304 f   MSR:AutoGen.obj
 0001:000001a4       ProcessModuleEntryPointList 0000000000000444 f   MSR:AutoGen.obj
 0001:000001ac       MSR_main                   000000000000044c f   MSR:MSR.obj
 0001:000001e4       Main                       0000000000000484 f   MSR:MSR.obj
 0001:00000298       DebugPrint                 0000000000000538 f   BaseDebugLibNull:DebugLib.obj
 0001:000002a4       ProcessLibraryDestructorList 0000000000000544 f   MSR:AutoGen.obj
 0001:000002a4       DebugAssert                0000000000000544 f   BaseDebugLibNull:DebugLib.obj
 0001:000002a8       DebugAssertEnabled         0000000000000548 f   BaseDebugLibNull:DebugLib.obj
 0001:000002a8       DebugPrintEnabled          0000000000000548 f   BaseDebugLibNull:DebugLib.obj
 0001:000002a8       DebugPrintLevelEnabled     0000000000000548 f   BaseDebugLibNull:DebugLib.obj
 0001:000002ac       StrLen                     000000000000054c f   BaseLib:String.obj
 0001:00000364       StrSize                    0000000000000604 f   BaseLib:String.obj
 0001:00000378       InternalHexCharToUintn     0000000000000618 f   BaseLib:String.obj
 0001:000003a8       InternalIsHexaDecimalDigitCharacter 0000000000000648 f   BaseLib:String.obj
 0001:000003d0       StrHexToUintn              0000000000000670 f   BaseLib:String.obj
 0001:000004bc       AsciiStrLen                000000000000075c f   BaseLib:String.obj
 0001:00000544       AsciiStrSize               00000000000007e4 f   BaseLib:String.obj
 0001:00000558       InternalMathDivRemU64x32   00000000000007f8 f   BaseLib:Math64.obj
 0001:00000574       UefiBootServicesTableLibConstructor 0000000000000814 f   UefiBootServicesTableLib:UefiBootServicesTableLib.obj
 0001:00000620       UefiRuntimeServicesTableLibConstructor 00000000000008c0 f   UefiRuntimeServicesTableLib:UefiRuntimeServicesTableLib.obj
 0001:00000664       UefiLibConstructor         0000000000000904 f   UefiLib:UefiLib.obj
 0001:00000668       InternalPrint              0000000000000908 f   UefiLib:UefiLibPrint.obj
 0001:00000788       Print                      0000000000000a28 f   UefiLib:UefiLibPrint.obj
 0001:000007b8       Read_MSR                   0000000000000a58 f   COMPAL_MSRLib:COMPAL_MSRLib.obj
 0001:00000804       ReadUnaligned16            0000000000000aa4 f   BaseLib:Unaligned.obj
 0001:0000083c       ReadUnaligned32            0000000000000adc f   BaseLib:Unaligned.obj
 0001:00000874       AsmReadMsr64               0000000000000b14 f   BaseLib:ReadMsr64.obj
 0001:00000880       InternalAllocatePool       0000000000000b20 f   UefiMemoryAllocationLib:MemoryAllocationLib.obj
 0001:000008ac       AllocatePool               0000000000000b4c f   UefiMemoryAllocationLib:MemoryAllocationLib.obj
 0001:000008bc       FreePool                   0000000000000b5c f   UefiMemoryAllocationLib:MemoryAllocationLib.obj
 0001:00000930       UnicodeVSPrint             0000000000000bd0 f   BasePrintLib:PrintLib.obj
 0001:000009d4       BasePrintLibFillBuffer     0000000000000c74 f   BasePrintLib:PrintLibInternal.obj
 0001:00000a08       BasePrintLibValueToString  0000000000000ca8 f   BasePrintLib:PrintLibInternal.obj
 0001:00000a58       BasePrintLibSPrintMarker   0000000000000cf8 f   BasePrintLib:PrintLibInternal.obj
 0001:0000184c       BasePrintLibSPrint         0000000000001aec f   BasePrintLib:PrintLibInternal.obj
 0001:00001870       DivU64x32Remainder         0000000000001b10 f   BaseLib:DivU64x32Remainder.obj
 0002:00000000       _gPcd_FixedAtBuild_PcdMaximumUnicodeStringLength 0000000000001b80     MSR:AutoGen.obj
 0002:00000000       _gPcd_FixedAtBuild_PcdMaximumAsciiStringLength 0000000000001b80     MSR:AutoGen.obj
 0002:00000004       _gPcd_FixedAtBuild_PcdUefiLibMaxPrintBufferSize 0000000000001b84     MSR:AutoGen.obj
 0002:00000008       _gUefiDriverRevision       0000000000001b88     MSR:AutoGen.obj
 0002:00000010       ??_C@_0EM@KLELEBIJ@q?3?2Build?2MyPkg?2RELEASE_DEVTLS?2X6@ 0000000000001b90     MSR:AutoGen.obj
 0002:00000060       ??_C@_0BE@DCHLEIGN@?$CBEFI_ERROR?5?$CIStatus?$CJ?$AA@ 0000000000001be0     MSR:AutoGen.obj
 0002:00000078       ??_C@_0CB@DMEJJJHA@?6ASSERT_EFI_ERROR?5?$CIStatus?5?$DN?5?$CFr?$CJ?6@ 0000000000001bf8     MSR:AutoGen.obj
 0002:0000009c       ??_C@_13LBAGMAIH@?$AA?6?$AA?$AA@ 0000000000001c1c     MSR:MSR.obj
 0002:000000a0       ??_C@_1EA@NBLMGNCC@?$AAP?$AAa?$AAr?$AAa?$AAm?$AAe?$AAt?$AAe?$AAr?$AAs?$AA?5?$AAt?$AAo?$AAo?$AA?5?$AAf?$AAe?$AAw?$AA?5?$AAo?$AAr?$AA?5?$AAt?$AAo?$AAo?$AA?5?$AAm?$AAo?$AAr?$AAe?$AA?6?$AA?$AA@ 0000000000001c20     MSR:MSR.obj
 0002:000000e0       ??_C@_1IK@GGJNFPLP@?$AA?6?$AAS?$AAo?$AAr?$AAr?$AAy?$AA?0?$AA?5?$AAG?$AAe?$AAt?$AAt?$AAi?$AAn?$AAg?$AA?5?$AAS?$AAh?$AAe?$AAl?$AAl?$AA?5?$AAp?$AAa?$AAr?$AAa?$AAm?$AAs?$AA?5?$AAd?$AAi?$AAd@ 0000000000001c60     MSR:MSR.obj
 0002:00000170       ??_C@_1EM@GEALHLGH@?$AA_?$AA_?$AA_?$AA_?$AA_?$AA_?$AA_?$AA_?$AA_?$AA_?$AA_?$AA_?$AA_?$AA_?$AA_?$AA_?$AA_?$AA_?$AA_?$AA_?$AA_?$AA_?$AA_?$AA_?$AA_?$AA_?$AA_?$AA_?$AA_?$AA_?$AA_?$AA_@ 0000000000001cf0     MSR:MSR.obj
 0002:000001c0       ??_C@_1EE@JAOIMBKD@?$AA?5?$AA?5?$AA?5?$AA?5?$AA?5?$AA?5?$AA?5?$AAR?$AAe?$AAa?$AAd?$AA_?$AAM?$AAS?$AAR?$AA_?$AAE?$AAA?$AAX?$AA_?$AA?$CG?$AA_?$AAE?$AAD?$AAX?$AA?5?$AA?5?$AA?5?$AA?5?$AA?5?$AA?5?$AA?5@ 0000000000001d40     MSR:MSR.obj
 0002:00000208       ??_C@_0DK@EOJCOAME@Length?5?$DM?5_gPcd_FixedAtBuild_PcdM@ 0000000000001d88     BaseLib:String.obj
 0002:00000248       ??_C@_0CD@BDCLIGHD@?$CI?$CIUINTN?$CJ?5String?5?$CG?50x00000001?$CJ?5?$DN?$DN@ 0000000000001dc8     BaseLib:String.obj
 0002:00000270       ??_C@_0CD@OOJADBME@q?3?2MdePkg?2Library?2BaseLib?2String@ 0000000000001df0     BaseLib:String.obj
 0002:00000298       ??_C@_0BH@MAAHKCPC@String?5?$CB?$DN?5?$CI?$CIvoid?5?$CK?$CJ?50?$CJ?$AA@ 0000000000001e18     BaseLib:String.obj
 0002:000002b0       ??_C@_0BG@KBNOLIGE@StrSize?5?$CIString?$CJ?5?$CB?$DN?50?$AA@ 0000000000001e30     BaseLib:String.obj
 0002:000002d0       ??_C@_0ED@BNMFHFDG@Result?5?$DM?$DN?5?$CI?$CI?$CI?$CIUINTN?$CJ?5?$HO0?$CJ?5?9?5Inter@ 0000000000001e50     BaseLib:String.obj
 0002:00000318       ??_C@_0DI@MDIKFADO@Length?5?$DM?5_gPcd_FixedAtBuild_PcdM@ 0000000000001e98     BaseLib:String.obj
 0002:00000350       ??_C@_0N@KGHEHMDL@Divisor?5?$CB?$DN?50?$AA@ 0000000000001ed0     BaseLib:DivU64x32.obj
 0002:00000360       ??_C@_0BE@BDFJLGLN@gBS?5?$CB?$DN?5?$CI?$CIvoid?5?$CK?$CJ?50?$CJ?$AA@ 0000000000001ee0     UefiBootServicesTableLib:UefiBootServicesTableLib.obj
 0002:00000378       ??_C@_0BE@DGNHAHIL@gST?5?$CB?$DN?5?$CI?$CIvoid?5?$CK?$CJ?50?$CJ?$AA@ 0000000000001ef8     UefiBootServicesTableLib:UefiBootServicesTableLib.obj
 0002:00000390       ??_C@_0EG@IHBEIGJL@q?3?2MdePkg?2Library?2UefiBootServic@ 0000000000001f10     UefiBootServicesTableLib:UefiBootServicesTableLib.obj
 0002:000003d8       ??_C@_0BN@COECPDCC@gImageHandle?5?$CB?$DN?5?$CI?$CIvoid?5?$CK?$CJ?50?$CJ?$AA@ 0000000000001f58     UefiBootServicesTableLib:UefiBootServicesTableLib.obj
 0002:00000400       ??_C@_0EM@DLKNJEFG@q?3?2MdePkg?2Library?2UefiRuntimeSer@ 0000000000001f80     UefiRuntimeServicesTableLib:UefiRuntimeServicesTableLib.obj
 0002:00000450       ??_C@_0BE@OBDFIHND@gRT?5?$CB?$DN?5?$CI?$CIvoid?5?$CK?$CJ?50?$CJ?$AA@ 0000000000001fd0     UefiRuntimeServicesTableLib:UefiRuntimeServicesTableLib.obj
 0002:00000468       ??_C@_0BH@IACGKAP@Buffer?5?$CB?$DN?5?$CI?$CIvoid?5?$CK?$CJ?50?$CJ?$AA@ 0000000000001fe8     UefiLib:UefiLibPrint.obj
 0002:00000480       ??_C@_0BI@DIKLKBJC@Console?5?$CB?$DN?5?$CI?$CIvoid?5?$CK?$CJ?50?$CJ?$AA@ 0000000000002000     UefiLib:UefiLibPrint.obj
 0002:00000498       ??_C@_0CD@NJDNMGBE@?$CI?$CIUINTN?$CJ?5Format?5?$CG?50x00000001?$CJ?5?$DN?$DN@ 0000000000002018     UefiLib:UefiLibPrint.obj
 0002:000004c0       ??_C@_0CJ@ICOLKBCP@q?3?2MdePkg?2Library?2UefiLib?2UefiLi@ 0000000000002040     UefiLib:UefiLibPrint.obj
 0002:000004f0       ??_C@_0BH@LKMBFCBF@Format?5?$CB?$DN?5?$CI?$CIvoid?5?$CK?$CJ?50?$CJ?$AA@ 0000000000002070     UefiLib:UefiLibPrint.obj
 0002:00000508       ??_C@_1CE@OEECOJK@?$AA?5?$AA?5?$AA?5?$AA?5?$AA?5?$AA?5?$AA?5?$AAE?$AAD?$AAX?$AA?3?$AA?$CF?$AA0?$AA8?$AAl?$AAx?$AA?6?$AA?$AA@ 0000000000002088     COMPAL_MSRLib:COMPAL_MSRLib.obj
 0002:00000530       ??_C@_1CE@CFMOPOIF@?$AA?5?$AA?5?$AA?5?$AA?5?$AA?5?$AA?5?$AA?5?$AAE?$AAA?$AAX?$AA?3?$AA?$CF?$AA0?$AA8?$AAl?$AAx?$AA?6?$AA?$AA@ 00000000000020b0     COMPAL_MSRLib:COMPAL_MSRLib.obj
 0002:00000558       ??_C@_0CG@MHAECJIA@q?3?2MdePkg?2Library?2BaseLib?2Unalig@ 00000000000020d8     BaseLib:Unaligned.obj
 0002:00000580       ??_C@_0EA@JCDEKIGH@q?3?2MdePkg?2Library?2UefiMemoryAllo@ 0000000000002100     UefiMemoryAllocationLib:MemoryAllocationLib.obj
 0002:000005c0       ??_C@_0CH@KJLBGOBB@?$CI?$CI?$CIUINTN?$CJ?5?$CIFormatString?$CJ?$CJ?5?$CG?50x01@ 0000000000002140     BasePrintLib:PrintLib.obj
 0002:000005e8       ??_C@_0CK@LOLCLJPB@q?3?2MdePkg?2Library?2BasePrintLib?2P@ 0000000000002168     BasePrintLib:PrintLib.obj
 0002:00000618       ??_C@_0CI@BGLNHBLM@?$CI?$CI?$CIUINTN?$CJ?5?$CIStartOfBuffer?$CJ?$CJ?5?$CG?50x0@ 0000000000002198     BasePrintLib:PrintLib.obj
 0002:00000640       ??_C@_0BB@MFGDFIJM@Compromised?5Data?$AA@ 00000000000021c0     BasePrintLib:PrintLibInternal.obj
 0002:00000658       ??_C@_0BB@KFJAMCOC@Invalid?5Language?$AA@ 00000000000021d8     BasePrintLib:PrintLibInternal.obj
 0002:00000670       ??_C@_0M@FKGOBENP@End?5of?5File?$AA@ 00000000000021f0     BasePrintLib:PrintLibInternal.obj
 0002:00000680       ??_C@_0O@GLPDOMCP@Reserved?5?$CI30?$CJ?$AA@ 0000000000002200     BasePrintLib:PrintLibInternal.obj
 0002:00000690       ??_C@_0O@NMJOLAMF@Reserved?5?$CI29?$CJ?$AA@ 0000000000002210     BasePrintLib:PrintLibInternal.obj
 0002:000006a0       ??_C@_0N@JEJDHPO@End?5of?5Media?$AA@ 0000000000002220     BasePrintLib:PrintLibInternal.obj
 0002:000006b0       ??_C@_09BOMAGJEG@CRC?5Error?$AA@ 0000000000002230     BasePrintLib:PrintLibInternal.obj
 0002:000006c0       ??_C@_0BD@KHMPCIOG@Security?5Violation?$AA@ 0000000000002240     BasePrintLib:PrintLibInternal.obj
 0002:000006d8       ??_C@_0BF@EHOBGFMI@Incompatible?5Version?$AA@ 0000000000002258     BasePrintLib:PrintLibInternal.obj
 0002:000006f0       ??_C@_0P@NCJHBCLM@Protocol?5Error?$AA@ 0000000000002270     BasePrintLib:PrintLibInternal.obj
 0002:00000700       ??_C@_0L@DJKNJKHM@TFTP?5Error?$AA@ 0000000000002280     BasePrintLib:PrintLibInternal.obj
 0002:00000710       ??_C@_0L@LKIFCMNO@ICMP?5Error?$AA@ 0000000000002290     BasePrintLib:PrintLibInternal.obj
 0002:00000720       ??_C@_07LCKDCBKK@Aborted?$AA@ 00000000000022a0     BasePrintLib:PrintLibInternal.obj
 0002:00000728       ??_C@_0BA@IGIBFFPH@Already?5started?$AA@ 00000000000022a8     BasePrintLib:PrintLibInternal.obj
 0002:00000738       ??_C@_0M@DCJFAFHJ@Not?5started?$AA@ 00000000000022b8     BasePrintLib:PrintLibInternal.obj
 0002:00000748       ??_C@_08PAFJCNGP@Time?5out?$AA@ 00000000000022c8     BasePrintLib:PrintLibInternal.obj
 0002:00000758       ??_C@_0L@IFPBNFC@No?5mapping?$AA@ 00000000000022d8     BasePrintLib:PrintLibInternal.obj
 0002:00000768       ??_C@_0M@ENKCBFEP@No?5Response?$AA@ 00000000000022e8     BasePrintLib:PrintLibInternal.obj
 0002:00000778       ??_C@_0O@NFHOBIDO@Access?5Denied?$AA@ 00000000000022f8     BasePrintLib:PrintLibInternal.obj
 0002:00000788       ??_C@_09CFCBFJND@Not?5Found?$AA@ 0000000000002308     BasePrintLib:PrintLibInternal.obj
 0002:00000798       ??_C@_0O@JNCJKCCD@Media?5changed?$AA@ 0000000000002318     BasePrintLib:PrintLibInternal.obj
 0002:000007a8       ??_C@_08KEGAJDNN@No?5Media?$AA@ 0000000000002328     BasePrintLib:PrintLibInternal.obj
 0002:000007b8       ??_C@_0M@HDLEPOFA@Volume?5Full?$AA@ 0000000000002338     BasePrintLib:PrintLibInternal.obj
 0002:000007c8       ??_C@_0P@EIOJGIF@Volume?5Corrupt?$AA@ 0000000000002348     BasePrintLib:PrintLibInternal.obj
 0002:000007d8       ??_C@_0BB@GOILNEAA@Out?5of?5Resources?$AA@ 0000000000002358     BasePrintLib:PrintLibInternal.obj
 0002:000007f0       ??_C@_0BA@LNEDDFNB@Write?5Protected?$AA@ 0000000000002370     BasePrintLib:PrintLibInternal.obj
 0002:00000800       ??_C@_0N@HHEABDHO@Device?5Error?$AA@ 0000000000002380     BasePrintLib:PrintLibInternal.obj
 0002:00000810       ??_C@_09NKFGCIPN@Not?5Ready?$AA@ 0000000000002390     BasePrintLib:PrintLibInternal.obj
 0002:00000820       ??_C@_0BB@EGELJFOB@Buffer?5Too?5Small?$AA@ 00000000000023a0     BasePrintLib:PrintLibInternal.obj
 0002:00000838       ??_C@_0BA@FLNMPMCF@Bad?5Buffer?5Size?$AA@ 00000000000023b8     BasePrintLib:PrintLibInternal.obj
 0002:00000848       ??_C@_0M@BEECMOIL@Unsupported?$AA@ 00000000000023c8     BasePrintLib:PrintLibInternal.obj
 0002:00000858       ??_C@_0BC@HOFHKGJN@Invalid?5Parameter?$AA@ 00000000000023d8     BasePrintLib:PrintLibInternal.obj
 0002:00000870       ??_C@_0L@PLPBEPPC@Load?5Error?$AA@ 00000000000023f0     BasePrintLib:PrintLibInternal.obj
 0002:00000880       ??_C@_0BD@IFJNJCCO@Warning?5Stale?5Data?$AA@ 0000000000002400     BasePrintLib:PrintLibInternal.obj
 0002:00000898       ??_C@_0BJ@ODIPDGHB@Warning?5Buffer?5Too?5Small?$AA@ 0000000000002418     BasePrintLib:PrintLibInternal.obj
 0002:000008b8       ??_C@_0BG@ECIJMOED@Warning?5Write?5Failure?$AA@ 0000000000002438     BasePrintLib:PrintLibInternal.obj
 0002:000008d0       ??_C@_0BH@GKKCJEPJ@Warning?5Delete?5Failure?$AA@ 0000000000002450     BasePrintLib:PrintLibInternal.obj
 0002:000008e8       ??_C@_0BG@CFJMNNJK@Warning?5Unknown?5Glyph?$AA@ 0000000000002468     BasePrintLib:PrintLibInternal.obj
 0002:00000900       ??_C@_07PBILKAFL@Success?$AA@ 0000000000002480     BasePrintLib:PrintLibInternal.obj
 0002:00000908       mHexStr                    0000000000002488     BasePrintLib:PrintLibInternal.obj
 0002:00000920       mStatusString              00000000000024a0     BasePrintLib:PrintLibInternal.obj
 0002:00000a58       ??_C@_0DC@CHCEMEEB@q?3?2MdePkg?2Library?2BasePrintLib?2P@ 00000000000025d8     BasePrintLib:PrintLibInternal.obj
 0002:00000a90       ??_C@_0EG@NFDMKACK@?$CI?$CI?$CIFlags?5?$CG?50x00000040?$CJ?5?$CB?$DN?50?$CJ?$CJ?5?$HM?$HM@ 0000000000002610     BasePrintLib:PrintLibInternal.obj
 0002:00000ae0       ??_C@_0EM@FPGGOFNC@?$CI?$CI?$CIFlags?5?$CG?50x00000040?$CJ?5?$DN?$DN?50?$CJ?$CJ?5?$HM?$HM@ 0000000000002660     BasePrintLib:PrintLibInternal.obj
 0002:00000b2c       ??_C@_01LIIJDEN@?$AN?$AA@  00000000000026ac     BasePrintLib:PrintLibInternal.obj
 0002:00000b30       ??_C@_04JIMNDDED@?$CF08X?$AA@ 00000000000026b0     BasePrintLib:PrintLibInternal.obj
 0002:00000b38       ??_C@_0O@MLOLIMFM@?$DMnull?5string?$DO?$AA@ 00000000000026b8     BasePrintLib:PrintLibInternal.obj
 0002:00000b48       ??_C@_0BK@FCPKCIDD@?$CF02d?1?$CF02d?1?$CF04d?5?5?$CF02d?3?$CF02d?$AA@ 00000000000026c8     BasePrintLib:PrintLibInternal.obj
 0002:00000b68       ??_C@_0M@LHGBCIKM@?$DMnull?5time?$DO?$AA@ 00000000000026e8     BasePrintLib:PrintLibInternal.obj
 0002:00000b78       ??_C@_0DB@PMLHLBMO@?$CF08x?9?$CF04x?9?$CF04x?9?$CF02x?$CF02x?9?$CF02x?$CF02x@ 00000000000026f8     BasePrintLib:PrintLibInternal.obj
 0002:00000bb0       ??_C@_0M@BJJDNPHK@?$DMnull?5guid?$DO?$AA@ 0000000000002730     BasePrintLib:PrintLibInternal.obj
 0002:00000bbc       ??_C@_02PCIJFNDE@?$AN?6?$AA@ 000000000000273c     BasePrintLib:PrintLibInternal.obj
 0002:00000bc0       ??_C@_0BL@BFEFANFD@AsciiStrSize?5?$CIFormat?$CJ?5?$CB?$DN?50?$AA@ 0000000000002740     BasePrintLib:PrintLibInternal.obj
 0002:00000be0       ??_C@_0CB@NIHAJGJE@StrSize?5?$CI?$CICHAR16?5?$CK?$CJ?5Format?$CJ?5?$CB?$DN?50@ 0000000000002760     BasePrintLib:PrintLibInternal.obj
 0002:00000c08       ??_C@_0CP@CPEPIGGJ@q?3?2MdePkg?2Library?2BaseLib?2DivU64@ 0000000000002788     BaseLib:DivU64x32Remainder.obj
 0002:00000c38       gImageHandle               00000000000027b8     UefiBootServicesTableLib:UefiBootServicesTableLib.obj
 0002:00000c40       gST                        00000000000027c0     UefiBootServicesTableLib:UefiBootServicesTableLib.obj
 0002:00000c48       gBS                        00000000000027c8     UefiBootServicesTableLib:UefiBootServicesTableLib.obj
 0002:00000c50       gRT                        00000000000027d0     UefiRuntimeServicesTableLib:UefiRuntimeServicesTableLib.obj

 entry point at        0001:00000000

 Static symbols

