 CMOS

 Timestamp is 61e77386 (Wed Jan 19 10:12:22 2022)

 Preferred load address is 0000000000000000

 Start         Length     Name                   Class
 0001:00000000 00001d86H .text                   CODE
 0002:00000000 00000000H .data                   DATA
 0002:00000000 00000d47H .rdata                  DATA
 0002:00000d48 00000020H .bss                    DATA
 0003:00000000 00000168H .pdata                  DATA
 0004:00000000 000000c8H .xdata                  DATA

  Address         Publics by Value              Rva+Base               Lib:Object

 0001:00000000       _ModuleEntryPoint          00000000000002a0 f   UefiApplicationEntryPoint:ApplicationEntryPoint.obj
 0001:00000064       ProcessLibraryConstructorList 0000000000000304 f   CMOS:AutoGen.obj
 0001:000001a4       ProcessModuleEntryPointList 0000000000000444 f   CMOS:AutoGen.obj
 0001:000001ac       Usage                      000000000000044c f   CMOS:CMOS.obj
 0001:000001f0       cmos_main                  0000000000000490 f   CMOS:CMOS.obj
 0001:00000420       UefiMain                   00000000000006c0 f   CMOS:CMOS.obj
 0001:000004b4       DebugPrint                 0000000000000754 f   BaseDebugLibNull:DebugLib.obj
 0001:000004c0       ProcessLibraryDestructorList 0000000000000760 f   CMOS:AutoGen.obj
 0001:000004c0       DebugAssert                0000000000000760 f   BaseDebugLibNull:DebugLib.obj
 0001:000004c4       DebugAssertEnabled         0000000000000764 f   BaseDebugLibNull:DebugLib.obj
 0001:000004c4       DebugPrintEnabled          0000000000000764 f   BaseDebugLibNull:DebugLib.obj
 0001:000004c4       DebugPrintLevelEnabled     0000000000000764 f   BaseDebugLibNull:DebugLib.obj
 0001:000004c8       StrLen                     0000000000000768 f   BaseLib:String.obj
 0001:00000580       StrSize                    0000000000000820 f   BaseLib:String.obj
 0001:00000594       StrCmp                     0000000000000834 f   BaseLib:String.obj
 0001:00000644       InternalHexCharToUintn     00000000000008e4 f   BaseLib:String.obj
 0001:00000674       InternalIsHexaDecimalDigitCharacter 0000000000000914 f   BaseLib:String.obj
 0001:0000069c       StrDecimalToUintn          000000000000093c f   BaseLib:String.obj
 0001:00000780       StrHexToUintn              0000000000000a20 f   BaseLib:String.obj
 0001:0000086c       AsciiStrLen                0000000000000b0c f   BaseLib:String.obj
 0001:000008f4       AsciiStrSize               0000000000000b94 f   BaseLib:String.obj
 0001:00000908       InternalMathDivRemU64x32   0000000000000ba8 f   BaseLib:Math64.obj
 0001:00000924       UefiBootServicesTableLibConstructor 0000000000000bc4 f   UefiBootServicesTableLib:UefiBootServicesTableLib.obj
 0001:000009d0       UefiRuntimeServicesTableLibConstructor 0000000000000c70 f   UefiRuntimeServicesTableLib:UefiRuntimeServicesTableLib.obj
 0001:00000a14       UefiLibConstructor         0000000000000cb4 f   UefiLib:UefiLib.obj
 0001:00000a18       InternalPrint              0000000000000cb8 f   UefiLib:UefiLibPrint.obj
 0001:00000b38       Print                      0000000000000dd8 f   UefiLib:UefiLibPrint.obj
 0001:00000b68       Print_Register_Table       0000000000000e08 f   COMPAL_IOLib:COMPAL_IOLib.obj
 0001:00000bf8       Read_CMOS_IO               0000000000000e98 f   COMPAL_IOLib:COMPAL_IOLib.obj
 0001:00000c28       Write_CMOS_IO              0000000000000ec8 f   COMPAL_IOLib:COMPAL_IOLib.obj
 0001:00000c5c       Read_Extern_CMOS_IO        0000000000000efc f   COMPAL_IOLib:COMPAL_IOLib.obj
 0001:00000c8c       Write_Extern_CMOS_IO       0000000000000f2c f   COMPAL_IOLib:COMPAL_IOLib.obj
 0001:00000cc0       ReadUnaligned16            0000000000000f60 f   BaseLib:Unaligned.obj
 0001:00000cf8       ReadUnaligned32            0000000000000f98 f   BaseLib:Unaligned.obj
 0001:00000d30       InternalAllocatePool       0000000000000fd0 f   UefiMemoryAllocationLib:MemoryAllocationLib.obj
 0001:00000d5c       AllocatePool               0000000000000ffc f   UefiMemoryAllocationLib:MemoryAllocationLib.obj
 0001:00000d6c       FreePool                   000000000000100c f   UefiMemoryAllocationLib:MemoryAllocationLib.obj
 0001:00000de0       UnicodeVSPrint             0000000000001080 f   BasePrintLib:PrintLib.obj
 0001:00000e84       BasePrintLibFillBuffer     0000000000001124 f   BasePrintLib:PrintLibInternal.obj
 0001:00000eb8       BasePrintLibValueToString  0000000000001158 f   BasePrintLib:PrintLibInternal.obj
 0001:00000f08       BasePrintLibSPrintMarker   00000000000011a8 f   BasePrintLib:PrintLibInternal.obj
 0001:00001cfc       BasePrintLibSPrint         0000000000001f9c f   BasePrintLib:PrintLibInternal.obj
 0001:00001d20       IoRead8                    0000000000001fc0 f   BaseIoLibIntrinsic:IoLibMsc.obj
 0001:00001d28       IoWrite8                   0000000000001fc8 f   BaseIoLibIntrinsic:IoLibMsc.obj
 0001:00001d30       DivU64x32Remainder         0000000000001fd0 f   BaseLib:DivU64x32Remainder.obj
 0002:00000000       _gPcd_FixedAtBuild_PcdMaximumAsciiStringLength 0000000000002040     CMOS:AutoGen.obj
 0002:00000000       _gPcd_FixedAtBuild_PcdMaximumUnicodeStringLength 0000000000002040     CMOS:AutoGen.obj
 0002:00000004       _gPcd_FixedAtBuild_PcdUefiLibMaxPrintBufferSize 0000000000002044     CMOS:AutoGen.obj
 0002:00000008       _gUefiDriverRevision       0000000000002048     CMOS:AutoGen.obj
 0002:00000010       ??_C@_0EO@FCDFBJHC@q?3?2Build?2MyPkg?2RELEASE_DEVTLS?2X6@ 0000000000002050     CMOS:AutoGen.obj
 0002:00000060       ??_C@_0BE@DCHLEIGN@?$CBEFI_ERROR?5?$CIStatus?$CJ?$AA@ 00000000000020a0     CMOS:AutoGen.obj
 0002:00000078       ??_C@_0CB@DMEJJJHA@?6ASSERT_EFI_ERROR?5?$CIStatus?5?$DN?5?$CFr?$CJ?6@ 00000000000020b8     CMOS:AutoGen.obj
 0002:000000a0       ??_C@_1DK@FEOMJNOA@?$AA4?$AA?4?$AA?5?$AAV?$AAa?$AAl?$AAu?$AAe?$AA?5?$AA?5?$AA?5?$AA?5?$AA?5?$AA?5?$AA?5?$AA?5?$AA?3?$AA?5?$AA0?$AAx?$AA0?$AA0?$AA?$HO?$AA0?$AAx?$AAF?$AAF?$AA?6?$AA?$AA@ 00000000000020e0     CMOS:CMOS.obj
 0002:000000e0       ??_C@_1DK@MKENAIOA@?$AA3?$AA?4?$AA?5?$AAO?$AAf?$AAf?$AAs?$AAe?$AAt?$AA?5?$AA?5?$AA?5?$AA?5?$AA?5?$AA?5?$AA?5?$AA?3?$AA?5?$AA0?$AAx?$AA0?$AA0?$AA?$HO?$AA0?$AAx?$AAF?$AAF?$AA?6?$AA?$AA@ 0000000000002120     CMOS:CMOS.obj
 0002:00000120       ??_C@_1DC@DKCMJNCP@?$AA2?$AA?4?$AA?5?$AAB?$AAa?$AAn?$AAk?$AA?5?$AA?5?$AA?5?$AA?5?$AA?5?$AA?5?$AA?5?$AA?5?$AA?5?$AA?3?$AA?5?$AA0?$AA?5?$AA?1?$AA?5?$AA1?$AA?6?$AA?$AA@ 0000000000002160     CMOS:CMOS.obj
 0002:00000160       ??_C@_1EE@KAMOGMAH@?$AA1?$AA?4?$AA?5?$AAR?$AAe?$AAa?$AAd?$AA?5?$AA?1?$AA?5?$AAW?$AAr?$AAi?$AAt?$AAe?$AA?5?$AA?3?$AA?5?$AA?9?$AAr?$AA?$HM?$AA?9?$AAR?$AA?5?$AA?1?$AA?5?$AA?9?$AAw?$AA?$HM?$AA?9?$AAW?$AA?5@ 00000000000021a0     CMOS:CMOS.obj
 0002:000001a8       ??_C@_1DK@PNMFJBCO@?$AAP?$AAl?$AAe?$AAa?$AAs?$AAe?$AA?5?$AAE?$AAn?$AAt?$AAe?$AAr?$AA?5?$AAt?$AAw?$AAo?$AA?5?$AAp?$AAa?$AAr?$AAa?$AAm?$AAe?$AAt?$AAe?$AAr?$AA?3?$AA?6?$AA?$AA@ 00000000000021e8     CMOS:CMOS.obj
 0002:000001e4       ??_C@_13LBAGMAIH@?$AA?6?$AA?$AA@ 0000000000002224     CMOS:CMOS.obj
 0002:000001e8       ??_C@_15KDNFHPKP@?$AA?9?$AAW?$AA?$AA@ 0000000000002228     CMOS:CMOS.obj
 0002:000001f0       ??_C@_15DOHNAJB@?$AA?9?$AAw?$AA?$AA@ 0000000000002230     CMOS:CMOS.obj
 0002:000001f8       ??_C@_1BA@NBJNMMGC@?$AAB?$AAa?$AAn?$AAk?$AA?5?$AA0?$AA?6?$AA?$AA@ 0000000000002238     CMOS:CMOS.obj
 0002:00000208       ??_C@_19NMAFMAH@?$AA?5?$AA?5?$AA?5?$AA?5?$AA?$AA@ 0000000000002248     CMOS:CMOS.obj
 0002:00000218       ??_C@_1BA@BKMBBPMH@?$AAB?$AAa?$AAn?$AAk?$AA?5?$AA1?$AA?6?$AA?$AA@ 0000000000002258     CMOS:CMOS.obj
 0002:00000228       ??_C@_15JEALIPJN@?$AA?9?$AAR?$AA?$AA@ 0000000000002268     CMOS:CMOS.obj
 0002:00000230       ??_C@_15DEDJCAKD@?$AA?9?$AAr?$AA?$AA@ 0000000000002270     CMOS:CMOS.obj
 0002:00000238       ??_C@_1DC@IGBPJFOJ@?$AAC?$AAM?$AAO?$AAS?$AA?5?$AAc?$AAo?$AAn?$AAf?$AAi?$AAg?$AAr?$AAa?$AAt?$AAi?$AAo?$AAn?$AA?5?$AAs?$AAp?$AAa?$AAc?$AAe?$AA?6?$AA?$AA@ 0000000000002278     CMOS:CMOS.obj
 0002:00000270       ??_C@_1DC@NKIPJBML@?$AA?6?$AA?5?$AAF?$AAa?$AAi?$AAl?$AA?5?$AAt?$AAo?$AA?5?$AAO?$AAp?$AAe?$AAn?$AA?5?$AAP?$AAr?$AAo?$AAt?$AAo?$AAc?$AAo?$AAl?$AA?6?$AA?$AA@ 00000000000022b0     CMOS:CMOS.obj
 0002:000002a8       ??_C@_0DK@EOJCOAME@Length?5?$DM?5_gPcd_FixedAtBuild_PcdM@ 00000000000022e8     BaseLib:String.obj
 0002:000002e8       ??_C@_0CD@BDCLIGHD@?$CI?$CIUINTN?$CJ?5String?5?$CG?50x00000001?$CJ?5?$DN?$DN@ 0000000000002328     BaseLib:String.obj
 0002:00000310       ??_C@_0CD@OOJADBME@q?3?2MdePkg?2Library?2BaseLib?2String@ 0000000000002350     BaseLib:String.obj
 0002:00000338       ??_C@_0BH@MAAHKCPC@String?5?$CB?$DN?5?$CI?$CIvoid?5?$CK?$CJ?50?$CJ?$AA@ 0000000000002378     BaseLib:String.obj
 0002:00000350       ??_C@_0BM@DALBOILC@StrSize?5?$CISecondString?$CJ?5?$CB?$DN?50?$AA@ 0000000000002390     BaseLib:String.obj
 0002:00000370       ??_C@_0BL@JAAMOCAJ@StrSize?5?$CIFirstString?$CJ?5?$CB?$DN?50?$AA@ 00000000000023b0     BaseLib:String.obj
 0002:00000390       ??_C@_0BG@KBNOLIGE@StrSize?5?$CIString?$CJ?5?$CB?$DN?50?$AA@ 00000000000023d0     BaseLib:String.obj
 0002:000003a8       ??_C@_0DD@FDKACFG@Result?5?$DM?$DN?5?$CI?$CI?$CI?$CIUINTN?$CJ?5?$HO0?$CJ?5?9?5?$CI?$CKStr@ 00000000000023e8     BaseLib:String.obj
 0002:000003e0       ??_C@_0ED@BNMFHFDG@Result?5?$DM?$DN?5?$CI?$CI?$CI?$CIUINTN?$CJ?5?$HO0?$CJ?5?9?5Inter@ 0000000000002420     BaseLib:String.obj
 0002:00000428       ??_C@_0DI@MDIKFADO@Length?5?$DM?5_gPcd_FixedAtBuild_PcdM@ 0000000000002468     BaseLib:String.obj
 0002:00000460       ??_C@_0N@KGHEHMDL@Divisor?5?$CB?$DN?50?$AA@ 00000000000024a0     BaseLib:DivU64x32.obj
 0002:00000470       ??_C@_0BE@BDFJLGLN@gBS?5?$CB?$DN?5?$CI?$CIvoid?5?$CK?$CJ?50?$CJ?$AA@ 00000000000024b0     UefiBootServicesTableLib:UefiBootServicesTableLib.obj
 0002:00000488       ??_C@_0BE@DGNHAHIL@gST?5?$CB?$DN?5?$CI?$CIvoid?5?$CK?$CJ?50?$CJ?$AA@ 00000000000024c8     UefiBootServicesTableLib:UefiBootServicesTableLib.obj
 0002:000004a0       ??_C@_0EG@IHBEIGJL@q?3?2MdePkg?2Library?2UefiBootServic@ 00000000000024e0     UefiBootServicesTableLib:UefiBootServicesTableLib.obj
 0002:000004e8       ??_C@_0BN@COECPDCC@gImageHandle?5?$CB?$DN?5?$CI?$CIvoid?5?$CK?$CJ?50?$CJ?$AA@ 0000000000002528     UefiBootServicesTableLib:UefiBootServicesTableLib.obj
 0002:00000510       ??_C@_0EM@DLKNJEFG@q?3?2MdePkg?2Library?2UefiRuntimeSer@ 0000000000002550     UefiRuntimeServicesTableLib:UefiRuntimeServicesTableLib.obj
 0002:00000560       ??_C@_0BE@OBDFIHND@gRT?5?$CB?$DN?5?$CI?$CIvoid?5?$CK?$CJ?50?$CJ?$AA@ 00000000000025a0     UefiRuntimeServicesTableLib:UefiRuntimeServicesTableLib.obj
 0002:00000578       ??_C@_0BH@IACGKAP@Buffer?5?$CB?$DN?5?$CI?$CIvoid?5?$CK?$CJ?50?$CJ?$AA@ 00000000000025b8     UefiLib:UefiLibPrint.obj
 0002:00000590       ??_C@_0BI@DIKLKBJC@Console?5?$CB?$DN?5?$CI?$CIvoid?5?$CK?$CJ?50?$CJ?$AA@ 00000000000025d0     UefiLib:UefiLibPrint.obj
 0002:000005a8       ??_C@_0CD@NJDNMGBE@?$CI?$CIUINTN?$CJ?5Format?5?$CG?50x00000001?$CJ?5?$DN?$DN@ 00000000000025e8     UefiLib:UefiLibPrint.obj
 0002:000005d0       ??_C@_0CJ@ICOLKBCP@q?3?2MdePkg?2Library?2UefiLib?2UefiLi@ 0000000000002610     UefiLib:UefiLibPrint.obj
 0002:00000600       ??_C@_0BH@LKMBFCBF@Format?5?$CB?$DN?5?$CI?$CIvoid?5?$CK?$CJ?50?$CJ?$AA@ 0000000000002640     UefiLib:UefiLibPrint.obj
 0002:00000618       ??_C@_1BA@ODEFMBP@?$AA?6?$AA?$CF?$AA0?$AA2?$AAx?$AA?5?$AA?5?$AA?$AA@ 0000000000002658     COMPAL_IOLib:COMPAL_IOLib.obj
 0002:00000628       ??_C@_19ICFDFJBB@?$AA0?$AA?$CF?$AAx?$AA?5?$AA?$AA@ 0000000000002668     COMPAL_IOLib:COMPAL_IOLib.obj
 0002:00000638       ??_C@_1M@OMOAGDNC@?$AA?$CF?$AA0?$AA2?$AAx?$AA?5?$AA?$AA@ 0000000000002678     COMPAL_IOLib:COMPAL_IOLib.obj
 0002:00000648       ??_C@_1BC@BLBJHNOB@?$AAS?$AAu?$AAc?$AAc?$AAe?$AAs?$AAs?$AA?6?$AA?$AA@ 0000000000002688     COMPAL_IOLib:COMPAL_IOLib.obj
 0002:00000660       ??_C@_0CG@MHAECJIA@q?3?2MdePkg?2Library?2BaseLib?2Unalig@ 00000000000026a0     BaseLib:Unaligned.obj
 0002:00000690       ??_C@_0EA@JCDEKIGH@q?3?2MdePkg?2Library?2UefiMemoryAllo@ 00000000000026d0     UefiMemoryAllocationLib:MemoryAllocationLib.obj
 0002:000006d0       ??_C@_0CH@KJLBGOBB@?$CI?$CI?$CIUINTN?$CJ?5?$CIFormatString?$CJ?$CJ?5?$CG?50x01@ 0000000000002710     BasePrintLib:PrintLib.obj
 0002:000006f8       ??_C@_0CK@LOLCLJPB@q?3?2MdePkg?2Library?2BasePrintLib?2P@ 0000000000002738     BasePrintLib:PrintLib.obj
 0002:00000728       ??_C@_0CI@BGLNHBLM@?$CI?$CI?$CIUINTN?$CJ?5?$CIStartOfBuffer?$CJ?$CJ?5?$CG?50x0@ 0000000000002768     BasePrintLib:PrintLib.obj
 0002:00000750       ??_C@_0BB@MFGDFIJM@Compromised?5Data?$AA@ 0000000000002790     BasePrintLib:PrintLibInternal.obj
 0002:00000768       ??_C@_0BB@KFJAMCOC@Invalid?5Language?$AA@ 00000000000027a8     BasePrintLib:PrintLibInternal.obj
 0002:00000780       ??_C@_0M@FKGOBENP@End?5of?5File?$AA@ 00000000000027c0     BasePrintLib:PrintLibInternal.obj
 0002:00000790       ??_C@_0O@GLPDOMCP@Reserved?5?$CI30?$CJ?$AA@ 00000000000027d0     BasePrintLib:PrintLibInternal.obj
 0002:000007a0       ??_C@_0O@NMJOLAMF@Reserved?5?$CI29?$CJ?$AA@ 00000000000027e0     BasePrintLib:PrintLibInternal.obj
 0002:000007b0       ??_C@_0N@JEJDHPO@End?5of?5Media?$AA@ 00000000000027f0     BasePrintLib:PrintLibInternal.obj
 0002:000007c0       ??_C@_09BOMAGJEG@CRC?5Error?$AA@ 0000000000002800     BasePrintLib:PrintLibInternal.obj
 0002:000007d0       ??_C@_0BD@KHMPCIOG@Security?5Violation?$AA@ 0000000000002810     BasePrintLib:PrintLibInternal.obj
 0002:000007e8       ??_C@_0BF@EHOBGFMI@Incompatible?5Version?$AA@ 0000000000002828     BasePrintLib:PrintLibInternal.obj
 0002:00000800       ??_C@_0P@NCJHBCLM@Protocol?5Error?$AA@ 0000000000002840     BasePrintLib:PrintLibInternal.obj
 0002:00000810       ??_C@_0L@DJKNJKHM@TFTP?5Error?$AA@ 0000000000002850     BasePrintLib:PrintLibInternal.obj
 0002:00000820       ??_C@_0L@LKIFCMNO@ICMP?5Error?$AA@ 0000000000002860     BasePrintLib:PrintLibInternal.obj
 0002:00000830       ??_C@_07LCKDCBKK@Aborted?$AA@ 0000000000002870     BasePrintLib:PrintLibInternal.obj
 0002:00000838       ??_C@_0BA@IGIBFFPH@Already?5started?$AA@ 0000000000002878     BasePrintLib:PrintLibInternal.obj
 0002:00000848       ??_C@_0M@DCJFAFHJ@Not?5started?$AA@ 0000000000002888     BasePrintLib:PrintLibInternal.obj
 0002:00000858       ??_C@_08PAFJCNGP@Time?5out?$AA@ 0000000000002898     BasePrintLib:PrintLibInternal.obj
 0002:00000868       ??_C@_0L@IFPBNFC@No?5mapping?$AA@ 00000000000028a8     BasePrintLib:PrintLibInternal.obj
 0002:00000878       ??_C@_0M@ENKCBFEP@No?5Response?$AA@ 00000000000028b8     BasePrintLib:PrintLibInternal.obj
 0002:00000888       ??_C@_0O@NFHOBIDO@Access?5Denied?$AA@ 00000000000028c8     BasePrintLib:PrintLibInternal.obj
 0002:00000898       ??_C@_09CFCBFJND@Not?5Found?$AA@ 00000000000028d8     BasePrintLib:PrintLibInternal.obj
 0002:000008a8       ??_C@_0O@JNCJKCCD@Media?5changed?$AA@ 00000000000028e8     BasePrintLib:PrintLibInternal.obj
 0002:000008b8       ??_C@_08KEGAJDNN@No?5Media?$AA@ 00000000000028f8     BasePrintLib:PrintLibInternal.obj
 0002:000008c8       ??_C@_0M@HDLEPOFA@Volume?5Full?$AA@ 0000000000002908     BasePrintLib:PrintLibInternal.obj
 0002:000008d8       ??_C@_0P@EIOJGIF@Volume?5Corrupt?$AA@ 0000000000002918     BasePrintLib:PrintLibInternal.obj
 0002:000008e8       ??_C@_0BB@GOILNEAA@Out?5of?5Resources?$AA@ 0000000000002928     BasePrintLib:PrintLibInternal.obj
 0002:00000900       ??_C@_0BA@LNEDDFNB@Write?5Protected?$AA@ 0000000000002940     BasePrintLib:PrintLibInternal.obj
 0002:00000910       ??_C@_0N@HHEABDHO@Device?5Error?$AA@ 0000000000002950     BasePrintLib:PrintLibInternal.obj
 0002:00000920       ??_C@_09NKFGCIPN@Not?5Ready?$AA@ 0000000000002960     BasePrintLib:PrintLibInternal.obj
 0002:00000930       ??_C@_0BB@EGELJFOB@Buffer?5Too?5Small?$AA@ 0000000000002970     BasePrintLib:PrintLibInternal.obj
 0002:00000948       ??_C@_0BA@FLNMPMCF@Bad?5Buffer?5Size?$AA@ 0000000000002988     BasePrintLib:PrintLibInternal.obj
 0002:00000958       ??_C@_0M@BEECMOIL@Unsupported?$AA@ 0000000000002998     BasePrintLib:PrintLibInternal.obj
 0002:00000968       ??_C@_0BC@HOFHKGJN@Invalid?5Parameter?$AA@ 00000000000029a8     BasePrintLib:PrintLibInternal.obj
 0002:00000980       ??_C@_0L@PLPBEPPC@Load?5Error?$AA@ 00000000000029c0     BasePrintLib:PrintLibInternal.obj
 0002:00000990       ??_C@_0BD@IFJNJCCO@Warning?5Stale?5Data?$AA@ 00000000000029d0     BasePrintLib:PrintLibInternal.obj
 0002:000009a8       ??_C@_0BJ@ODIPDGHB@Warning?5Buffer?5Too?5Small?$AA@ 00000000000029e8     BasePrintLib:PrintLibInternal.obj
 0002:000009c8       ??_C@_0BG@ECIJMOED@Warning?5Write?5Failure?$AA@ 0000000000002a08     BasePrintLib:PrintLibInternal.obj
 0002:000009e0       ??_C@_0BH@GKKCJEPJ@Warning?5Delete?5Failure?$AA@ 0000000000002a20     BasePrintLib:PrintLibInternal.obj
 0002:000009f8       ??_C@_0BG@CFJMNNJK@Warning?5Unknown?5Glyph?$AA@ 0000000000002a38     BasePrintLib:PrintLibInternal.obj
 0002:00000a10       ??_C@_07PBILKAFL@Success?$AA@ 0000000000002a50     BasePrintLib:PrintLibInternal.obj
 0002:00000a18       mHexStr                    0000000000002a58     BasePrintLib:PrintLibInternal.obj
 0002:00000a30       mStatusString              0000000000002a70     BasePrintLib:PrintLibInternal.obj
 0002:00000b68       ??_C@_0DC@CHCEMEEB@q?3?2MdePkg?2Library?2BasePrintLib?2P@ 0000000000002ba8     BasePrintLib:PrintLibInternal.obj
 0002:00000ba0       ??_C@_0EG@NFDMKACK@?$CI?$CI?$CIFlags?5?$CG?50x00000040?$CJ?5?$CB?$DN?50?$CJ?$CJ?5?$HM?$HM@ 0000000000002be0     BasePrintLib:PrintLibInternal.obj
 0002:00000bf0       ??_C@_0EM@FPGGOFNC@?$CI?$CI?$CIFlags?5?$CG?50x00000040?$CJ?5?$DN?$DN?50?$CJ?$CJ?5?$HM?$HM@ 0000000000002c30     BasePrintLib:PrintLibInternal.obj
 0002:00000c3c       ??_C@_01LIIJDEN@?$AN?$AA@  0000000000002c7c     BasePrintLib:PrintLibInternal.obj
 0002:00000c40       ??_C@_04JIMNDDED@?$CF08X?$AA@ 0000000000002c80     BasePrintLib:PrintLibInternal.obj
 0002:00000c48       ??_C@_0O@MLOLIMFM@?$DMnull?5string?$DO?$AA@ 0000000000002c88     BasePrintLib:PrintLibInternal.obj
 0002:00000c58       ??_C@_0BK@FCPKCIDD@?$CF02d?1?$CF02d?1?$CF04d?5?5?$CF02d?3?$CF02d?$AA@ 0000000000002c98     BasePrintLib:PrintLibInternal.obj
 0002:00000c78       ??_C@_0M@LHGBCIKM@?$DMnull?5time?$DO?$AA@ 0000000000002cb8     BasePrintLib:PrintLibInternal.obj
 0002:00000c88       ??_C@_0DB@PMLHLBMO@?$CF08x?9?$CF04x?9?$CF04x?9?$CF02x?$CF02x?9?$CF02x?$CF02x@ 0000000000002cc8     BasePrintLib:PrintLibInternal.obj
 0002:00000cc0       ??_C@_0M@BJJDNPHK@?$DMnull?5guid?$DO?$AA@ 0000000000002d00     BasePrintLib:PrintLibInternal.obj
 0002:00000ccc       ??_C@_02PCIJFNDE@?$AN?6?$AA@ 0000000000002d0c     BasePrintLib:PrintLibInternal.obj
 0002:00000cd0       ??_C@_0BL@BFEFANFD@AsciiStrSize?5?$CIFormat?$CJ?5?$CB?$DN?50?$AA@ 0000000000002d10     BasePrintLib:PrintLibInternal.obj
 0002:00000cf0       ??_C@_0CB@NIHAJGJE@StrSize?5?$CI?$CICHAR16?5?$CK?$CJ?5Format?$CJ?5?$CB?$DN?50@ 0000000000002d30     BasePrintLib:PrintLibInternal.obj
 0002:00000d18       ??_C@_0CP@CPEPIGGJ@q?3?2MdePkg?2Library?2BaseLib?2DivU64@ 0000000000002d58     BaseLib:DivU64x32Remainder.obj
 0002:00000d48       gImageHandle               0000000000002d88     UefiBootServicesTableLib:UefiBootServicesTableLib.obj
 0002:00000d50       gST                        0000000000002d90     UefiBootServicesTableLib:UefiBootServicesTableLib.obj
 0002:00000d58       gBS                        0000000000002d98     UefiBootServicesTableLib:UefiBootServicesTableLib.obj
 0002:00000d60       gRT                        0000000000002da0     UefiRuntimeServicesTableLib:UefiRuntimeServicesTableLib.obj

 entry point at        0001:00000000

 Static symbols

