 Read_EDID_Str

 Timestamp is 61e77387 (Wed Jan 19 10:12:23 2022)

 Preferred load address is 0000000000000000

 Start         Length     Name                   Class
 0001:00000000 00001d92H .text                   CODE
 0002:00000000 00000010H .data                   DATA
 0002:00000010 00001787H .rdata                  DATA
 0002:00001798 00000030H .bss                    DATA
 0003:00000000 00000114H .pdata                  DATA
 0004:00000000 000000d0H .xdata                  DATA

  Address         Publics by Value              Rva+Base               Lib:Object

 0001:00000000       _ModuleEntryPoint          00000000000002a0 f   UefiApplicationEntryPoint:ApplicationEntryPoint.obj
 0001:00000064       ProcessLibraryConstructorList 0000000000000304 f   Read_EDID_Str:AutoGen.obj
 0001:000001a4       ProcessLibraryDestructorList 0000000000000444 f   Read_EDID_Str:AutoGen.obj
 0001:000001a4       DebugAssert                0000000000000444 f   BaseDebugLibNull:DebugLib.obj
 0001:000001a8       ProcessModuleEntryPointList 0000000000000448 f   Read_EDID_Str:AutoGen.obj
 0001:000001b0       ManufacturerAbbrev         0000000000000450 f   Read_EDID_Str:Read_EDID_Str.obj
 0001:0000020c       PrintEdidStr               00000000000004ac f   Read_EDID_Str:Read_EDID_Str.obj
 0001:000006bc       Main                       000000000000095c f   Read_EDID_Str:Read_EDID_Str.obj
 0001:00000864       DebugPrint                 0000000000000b04 f   BaseDebugLibNull:DebugLib.obj
 0001:00000870       DebugPrintLevelEnabled     0000000000000b10 f   BaseDebugLibNull:DebugLib.obj
 0001:00000870       DebugPrintEnabled          0000000000000b10 f   BaseDebugLibNull:DebugLib.obj
 0001:00000870       DebugAssertEnabled         0000000000000b10 f   BaseDebugLibNull:DebugLib.obj
 0001:00000874       SwapBytes16                0000000000000b14 f   BaseLib:SwapBytes16.obj
 0001:00000884       UefiBootServicesTableLibConstructor 0000000000000b24 f   UefiBootServicesTableLib:UefiBootServicesTableLib.obj
 0001:00000930       UefiRuntimeServicesTableLibConstructor 0000000000000bd0 f   UefiRuntimeServicesTableLib:UefiRuntimeServicesTableLib.obj
 0001:00000974       UefiLibConstructor         0000000000000c14 f   UefiLib:UefiLib.obj
 0001:00000978       InternalPrint              0000000000000c18 f   UefiLib:UefiLibPrint.obj
 0001:00000a98       Print                      0000000000000d38 f   UefiLib:UefiLibPrint.obj
 0001:00000ac8       Print_Register_Table       0000000000000d68 f   COMPAL_IOLib:COMPAL_IOLib.obj
 0001:00000b58       ReadUnaligned16            0000000000000df8 f   BaseLib:Unaligned.obj
 0001:00000b90       ReadUnaligned32            0000000000000e30 f   BaseLib:Unaligned.obj
 0001:00000bc8       StrLen                     0000000000000e68 f   BaseLib:String.obj
 0001:00000c80       StrSize                    0000000000000f20 f   BaseLib:String.obj
 0001:00000c94       AsciiStrLen                0000000000000f34 f   BaseLib:String.obj
 0001:00000d1c       AsciiStrSize               0000000000000fbc f   BaseLib:String.obj
 0001:00000d30       InternalMathDivRemU64x32   0000000000000fd0 f   BaseLib:Math64.obj
 0001:00000d4c       InternalAllocatePool       0000000000000fec f   UefiMemoryAllocationLib:MemoryAllocationLib.obj
 0001:00000d78       AllocatePool               0000000000001018 f   UefiMemoryAllocationLib:MemoryAllocationLib.obj
 0001:00000d88       FreePool                   0000000000001028 f   UefiMemoryAllocationLib:MemoryAllocationLib.obj
 0001:00000dfc       UnicodeVSPrint             000000000000109c f   BasePrintLib:PrintLib.obj
 0001:00000ea0       BasePrintLibFillBuffer     0000000000001140 f   BasePrintLib:PrintLibInternal.obj
 0001:00000ed4       BasePrintLibValueToString  0000000000001174 f   BasePrintLib:PrintLibInternal.obj
 0001:00000f24       BasePrintLibSPrintMarker   00000000000011c4 f   BasePrintLib:PrintLibInternal.obj
 0001:00001d18       BasePrintLibSPrint         0000000000001fb8 f   BasePrintLib:PrintLibInternal.obj
 0001:00001d3c       DivU64x32Remainder         0000000000001fdc f   BaseLib:DivU64x32Remainder.obj
 0002:00000000       gEfiEdidDiscoveredProtocolGuid 0000000000002040     Read_EDID_Str:AutoGen.obj
 0002:00000010       _gPcd_FixedAtBuild_PcdMaximumAsciiStringLength 0000000000002050     Read_EDID_Str:AutoGen.obj
 0002:00000010       _gPcd_FixedAtBuild_PcdMaximumUnicodeStringLength 0000000000002050     Read_EDID_Str:AutoGen.obj
 0002:00000014       _gPcd_FixedAtBuild_PcdUefiLibMaxPrintBufferSize 0000000000002054     Read_EDID_Str:AutoGen.obj
 0002:00000018       _gUefiDriverRevision       0000000000002058     Read_EDID_Str:AutoGen.obj
 0002:00000020       ??_C@_0GA@PDAIAFHG@q?3?2Build?2MyPkg?2RELEASE_DEVTLS?2X6@ 0000000000002060     Read_EDID_Str:AutoGen.obj
 0002:00000080       ??_C@_0BE@DCHLEIGN@?$CBEFI_ERROR?5?$CIStatus?$CJ?$AA@ 00000000000020c0     Read_EDID_Str:AutoGen.obj
 0002:00000098       ??_C@_0CB@DMEJJJHA@?6ASSERT_EFI_ERROR?5?$CIStatus?5?$DN?5?$CFr?$CJ?6@ 00000000000020d8     Read_EDID_Str:AutoGen.obj
 0002:000000c0       ??_C@_1DI@HLIJBIBK@?$AAF?$AAi?$AAe?$AAl?$AAd?$AA?5?$AAR?$AAe?$AAf?$AAr?$AAe?$AAs?$AAh?$AA?5?$AAR?$AAa?$AAt?$AAe?$AA?5?$AA?3?$AA?5?$AA?$CF?$AAd?$AA?5?$AAH?$AAz?$AA?6?$AA?$AA@ 0000000000002100     Read_EDID_Str:Read_EDID_Str.obj
 0002:000000f8       ??_C@_1O@LOPIBGMF@?$AA1?$AA6?$AA?3?$AA1?$AA0?$AA?6?$AA?$AA@ 0000000000002138     Read_EDID_Str:Read_EDID_Str.obj
 0002:00000108       ??_C@_19IEDDGPBJ@?$AA4?$AA?3?$AA3?$AA?6?$AA?$AA@ 0000000000002148     Read_EDID_Str:Read_EDID_Str.obj
 0002:00000118       ??_C@_19HGPEDEJP@?$AA5?$AA?3?$AA4?$AA?6?$AA?$AA@ 0000000000002158     Read_EDID_Str:Read_EDID_Str.obj
 0002:00000128       ??_C@_1M@DGIOEIDA@?$AA1?$AA6?$AA?3?$AA9?$AA?6?$AA?$AA@ 0000000000002168     Read_EDID_Str:Read_EDID_Str.obj
 0002:00000138       ??_C@_1CM@NADLLBK@?$AAI?$AAm?$AAa?$AAg?$AAe?$AA?5?$AAa?$AAs?$AAp?$AAe?$AAc?$AAt?$AA?5?$AAr?$AAa?$AAt?$AAi?$AAo?$AA?5?$AA?3?$AA?5?$AA?$AA@ 0000000000002178     Read_EDID_Str:Read_EDID_Str.obj
 0002:00000170       ??_C@_1EA@PHPOFBPO@?$AAR?$AAe?$AAs?$AAo?$AAl?$AAu?$AAt?$AAi?$AAo?$AAn?$AA?5?$AA?5?$AA?5?$AA?5?$AA?5?$AA?5?$AA?5?$AA?5?$AA?5?$AA?3?$AA?5?$AA?$CF?$AAd?$AA?5?$AAp?$AAi?$AAx?$AAe?$AAl?$AAs?$AA?6?$AA?$AA@ 00000000000021b0     Read_EDID_Str:Read_EDID_Str.obj
 0002:000001b0       ??_C@_1FG@HAMOADBJ@?$AAO?$AAt?$AAh?$AAe?$AAr?$AA?5?$AAm?$AAa?$AAn?$AAu?$AAf?$AAa?$AAc?$AAt?$AAu?$AAr?$AAe?$AAr?$AA?9?$AAs?$AAp?$AAe?$AAc?$AAi?$AAf?$AAi?$AAc?$AA?5?$AAd?$AAi?$AAs?$AAp@ 00000000000021f0     Read_EDID_Str:Read_EDID_Str.obj
 0002:00000210       ??_C@_1FC@CBPLBGOA@?$AA1?$AA1?$AA5?$AA2?$AA?5?$AA?$CK?$AA?5?$AA8?$AA7?$AA0?$AA?5?$AA?$EA?$AA?5?$AA7?$AA5?$AA?5?$AAH?$AAz?$AA?5?$AA?$CI?$AAA?$AAp?$AAp?$AAl?$AAe?$AA?5?$AAM?$AAa?$AAc?$AAi?$AAn?$AAt@ 0000000000002250     Read_EDID_Str:Read_EDID_Str.obj
 0002:00000268       ??_C@_1CI@PGDIAIAM@?$AA8?$AA0?$AA0?$AA?5?$AA?$CK?$AA?5?$AA6?$AA0?$AA0?$AA?5?$AA?$EA?$AA?5?$AA7?$AA2?$AA?5?$AAH?$AAz?$AA?5?$AA?6?$AA?$AA@ 00000000000022a8     Read_EDID_Str:Read_EDID_Str.obj
 0002:00000290       ??_C@_1CI@JDPFKCMM@?$AA8?$AA0?$AA0?$AA?5?$AA?$CK?$AA?5?$AA6?$AA0?$AA0?$AA?5?$AA?$EA?$AA?5?$AA7?$AA5?$AA?5?$AAH?$AAz?$AA?5?$AA?6?$AA?$AA@ 00000000000022d0     Read_EDID_Str:Read_EDID_Str.obj
 0002:000002c0       ??_C@_1FC@CMFICKBD@?$AA8?$AA3?$AA2?$AA?5?$AA?$CK?$AA?5?$AA6?$AA2?$AA4?$AA?5?$AA?$EA?$AA?5?$AA7?$AA5?$AA?5?$AAH?$AAz?$AA?5?$AA?$CI?$AAA?$AAp?$AAp?$AAl?$AAe?$AA?5?$AAM?$AAa?$AAc?$AAi?$AAn?$AAt?$AAo@ 0000000000002300     Read_EDID_Str:Read_EDID_Str.obj
 0002:00000320       ??_C@_1FO@EEMDPIFD@?$AA1?$AA0?$AA2?$AA4?$AA?5?$AA?$CK?$AA?5?$AA7?$AA6?$AA8?$AA?5?$AA?$EA?$AA?5?$AA8?$AA7?$AA?5?$AAH?$AAz?$AA?0?$AA?5?$AAi?$AAn?$AAt?$AAe?$AAr?$AAl?$AAa?$AAc?$AAe?$AAd?$AA?5?$AA?$CI@ 0000000000002360     Read_EDID_Str:Read_EDID_Str.obj
 0002:00000380       ??_C@_1CK@EOPLEPNJ@?$AA1?$AA0?$AA2?$AA4?$AA?5?$AA?$CK?$AA?5?$AA7?$AA6?$AA8?$AA?5?$AA?$EA?$AA?5?$AA6?$AA0?$AA?5?$AAH?$AAz?$AA?5?$AA?6?$AA?$AA@ 00000000000023c0     Read_EDID_Str:Read_EDID_Str.obj
 0002:000003b0       ??_C@_1CK@OAJDNOEI@?$AA1?$AA0?$AA2?$AA4?$AA?5?$AA?$CK?$AA?5?$AA7?$AA6?$AA8?$AA?5?$AA?$EA?$AA?5?$AA7?$AA0?$AA?5?$AAH?$AAz?$AA?5?$AA?6?$AA?$AA@ 00000000000023f0     Read_EDID_Str:Read_EDID_Str.obj
 0002:000003e0       ??_C@_1CK@GEDALACF@?$AA1?$AA0?$AA2?$AA4?$AA?5?$AA?$CK?$AA?5?$AA7?$AA6?$AA8?$AA?5?$AA?$EA?$AA?5?$AA7?$AA5?$AA?5?$AAH?$AAz?$AA?5?$AA?6?$AA?$AA@ 0000000000002420     Read_EDID_Str:Read_EDID_Str.obj
 0002:00000410       ??_C@_1CM@EMIGJELM@?$AA1?$AA2?$AA8?$AA0?$AA?5?$AA?$CK?$AA?5?$AA1?$AA0?$AA2?$AA4?$AA?5?$AA?$EA?$AA?5?$AA7?$AA5?$AA?5?$AAH?$AAz?$AA?5?$AA?6?$AA?$AA@ 0000000000002450     Read_EDID_Str:Read_EDID_Str.obj
 0002:00000440       ??_C@_1DE@KIMPOGGI@?$AA7?$AA2?$AA0?$AA?5?$AA?$CK?$AA?5?$AA4?$AA0?$AA0?$AA?5?$AA?$EA?$AA?5?$AA7?$AA0?$AA?5?$AAH?$AAz?$AA?5?$AA?$CI?$AAV?$AAG?$AAA?$AA?$CJ?$AA?5?$AA?6?$AA?$AA@ 0000000000002480     Read_EDID_Str:Read_EDID_Str.obj
 0002:00000478       ??_C@_1DE@DPNLIFOP@?$AA7?$AA2?$AA0?$AA?5?$AA?$CK?$AA?5?$AA4?$AA0?$AA0?$AA?5?$AA?$EA?$AA?5?$AA8?$AA8?$AA?5?$AAH?$AAz?$AA?5?$AA?$CI?$AAX?$AAG?$AAA?$AA?$CJ?$AA?5?$AA?6?$AA?$AA@ 00000000000024b8     Read_EDID_Str:Read_EDID_Str.obj
 0002:000004b0       ??_C@_1DE@NJJDEFEK@?$AA6?$AA4?$AA0?$AA?5?$AA?$CK?$AA?5?$AA4?$AA8?$AA0?$AA?5?$AA?$EA?$AA?5?$AA6?$AA0?$AA?5?$AAH?$AAz?$AA?5?$AA?$CI?$AAV?$AAG?$AAA?$AA?$CJ?$AA?5?$AA?6?$AA?$AA@ 00000000000024f0     Read_EDID_Str:Read_EDID_Str.obj
 0002:000004f0       ??_C@_1FC@BFHHIHED@?$AA6?$AA4?$AA0?$AA?5?$AA?$CK?$AA?5?$AA4?$AA8?$AA0?$AA?5?$AA?$EA?$AA?5?$AA6?$AA7?$AA?5?$AAH?$AAz?$AA?5?$AA?$CI?$AAA?$AAp?$AAp?$AAl?$AAe?$AA?5?$AAM?$AAa?$AAc?$AAi?$AAn?$AAt?$AAo@ 0000000000002530     Read_EDID_Str:Read_EDID_Str.obj
 0002:00000548       ??_C@_1CI@NEMAMCCO@?$AA6?$AA4?$AA0?$AA?5?$AA?$CK?$AA?5?$AA4?$AA8?$AA0?$AA?5?$AA?$EA?$AA?5?$AA7?$AA2?$AA?5?$AAH?$AAz?$AA?5?$AA?6?$AA?$AA@ 0000000000002588     Read_EDID_Str:Read_EDID_Str.obj
 0002:00000570       ??_C@_1CI@LBANGIOO@?$AA6?$AA4?$AA0?$AA?5?$AA?$CK?$AA?5?$AA4?$AA8?$AA0?$AA?5?$AA?$EA?$AA?5?$AA7?$AA5?$AA?5?$AAH?$AAz?$AA?5?$AA?6?$AA?$AA@ 00000000000025b0     Read_EDID_Str:Read_EDID_Str.obj
 0002:00000598       ??_C@_1CI@GIDEKCHE@?$AA8?$AA0?$AA0?$AA?5?$AA?$CK?$AA?5?$AA6?$AA0?$AA0?$AA?5?$AA?$EA?$AA?5?$AA5?$AA6?$AA?5?$AAH?$AAz?$AA?5?$AA?6?$AA?$AA@ 00000000000025d8     Read_EDID_Str:Read_EDID_Str.obj
 0002:000005c0       ??_C@_1CI@LJDOFNDA@?$AA8?$AA0?$AA0?$AA?5?$AA?$CK?$AA?5?$AA6?$AA0?$AA0?$AA?5?$AA?$EA?$AA?5?$AA6?$AA0?$AA?5?$AAH?$AAz?$AA?5?$AA?6?$AA?$AA@ 0000000000002600     Read_EDID_Str:Read_EDID_Str.obj
 0002:000005e8       ??_C@_1CM@LIHHFOBC@?$AAE?$AAs?$AAt?$AAa?$AAb?$AAl?$AAi?$AAs?$AAh?$AAe?$AAd?$AAT?$AAi?$AAm?$AAi?$AAn?$AAg?$AAs?$AA?5?$AA?3?$AA?5?$AA?$AA@ 0000000000002628     Read_EDID_Str:Read_EDID_Str.obj
 0002:00000618       ??_C@_1DK@MKHHFMLM@?$AAM?$AAa?$AAx?$AA?5?$AAV?$AAe?$AAr?$AAt?$AAi?$AAc?$AAa?$AAl?$AA?5?$AAS?$AAi?$AAz?$AAe?$AA?5?$AA?5?$AA?3?$AA?5?$AA?$CF?$AAl?$AAd?$AA?5?$AAc?$AAm?$AA?6?$AA?$AA@ 0000000000002658     Read_EDID_Str:Read_EDID_Str.obj
 0002:00000658       ??_C@_1DK@IGKELEOL@?$AAM?$AAa?$AAx?$AA?5?$AAH?$AAo?$AAr?$AAi?$AAz?$AAo?$AAn?$AAa?$AAl?$AA?5?$AAS?$AAi?$AAz?$AAe?$AA?5?$AA?3?$AA?5?$AA?$CF?$AAl?$AAd?$AA?5?$AAc?$AAm?$AA?6?$AA?$AA@ 0000000000002698     Read_EDID_Str:Read_EDID_Str.obj
 0002:00000698       ??_C@_1DC@GNDDIOGB@?$AAm?$AAo?$AAn?$AAo?$AAc?$AAh?$AAr?$AAo?$AAm?$AAe?$AA?5?$AAo?$AAr?$AA?5?$AAg?$AAr?$AAa?$AAy?$AAs?$AAc?$AAa?$AAl?$AAe?$AA?6?$AA?$AA@ 00000000000026d8     Read_EDID_Str:Read_EDID_Str.obj
 0002:000006d0       ??_C@_1BG@CHNIMLMO@?$AAR?$AAG?$AAB?$AA?5?$AAc?$AAo?$AAl?$AAo?$AAr?$AA?6?$AA?$AA@ 0000000000002710     Read_EDID_Str:Read_EDID_Str.obj
 0002:000006e8       ??_C@_1BO@HALOHPJP@?$AAn?$AAo?$AAn?$AA?9?$AAR?$AAG?$AAB?$AA?5?$AAc?$AAo?$AAl?$AAo?$AAr?$AA?6?$AA?$AA@ 0000000000002728     Read_EDID_Str:Read_EDID_Str.obj
 0002:00000708       ??_C@_1BG@KPMCFFOA@?$AAR?$AAG?$AAB?$AA?5?$AA4?$AA?3?$AA4?$AA?3?$AA4?$AA?6?$AA?$AA@ 0000000000002748     Read_EDID_Str:Read_EDID_Str.obj
 0002:00000720       ??_C@_1DC@IFKDNEIJ@?$AAR?$AAG?$AAB?$AA?5?$AA4?$AA?3?$AA4?$AA?3?$AA4?$AA?5?$AA?$CL?$AA?5?$AAY?$AAC?$AAr?$AAC?$AAb?$AA?5?$AA4?$AA?3?$AA4?$AA?3?$AA4?$AA?6?$AA?$AA@ 0000000000002760     Read_EDID_Str:Read_EDID_Str.obj
 0002:00000758       ??_C@_1DC@FOOEEHND@?$AAR?$AAG?$AAB?$AA?5?$AA4?$AA?3?$AA4?$AA?3?$AA4?$AA?5?$AA?$CL?$AA?5?$AAY?$AAC?$AAr?$AAC?$AAb?$AA?5?$AA4?$AA?3?$AA2?$AA?3?$AA2?$AA?6?$AA?$AA@ 0000000000002798     Read_EDID_Str:Read_EDID_Str.obj
 0002:00000790       ??_C@_1EO@FJNFHHNP@?$AAR?$AAG?$AAB?$AA?5?$AA4?$AA?3?$AA4?$AA?3?$AA4?$AA?5?$AA?$CL?$AA?5?$AAY?$AAC?$AAr?$AAC?$AAb?$AA?5?$AA4?$AA?3?$AA4?$AA?3?$AA4?$AA?5?$AA?$CL?$AA?5?$AAY?$AAC?$AAr?$AAC?$AAb?$AA?5@ 00000000000027d0     Read_EDID_Str:Read_EDID_Str.obj
 0002:000007e0       ??_C@_1CM@CKGNIMEF@?$AAD?$AAi?$AAs?$AAp?$AAl?$AAa?$AAy?$AA?5?$AAT?$AAy?$AAp?$AAe?$AA?5?$AA?5?$AA?5?$AA?5?$AA?5?$AA?5?$AA?5?$AA?3?$AA?5?$AA?$AA@ 0000000000002820     Read_EDID_Str:Read_EDID_Str.obj
 0002:00000810       ??_C@_1EE@FOOFKEDO@?$AAS?$AAt?$AAo?$AAr?$AAe?$AAd?$AA?5?$AAV?$AAa?$AAl?$AAu?$AAe?$AA?5?$AA?5?$AA?5?$AA?5?$AA?5?$AA?5?$AA?5?$AA?3?$AA?5?$AA?$CF?$AAd?$AA?4?$AA?$CF?$AAd?$AA?5?$AAG?$AAa?$AAm?$AAm?$AAa@ 0000000000002850     Read_EDID_Str:Read_EDID_Str.obj
 0002:00000858       ??_C@_1CA@IAOLFLNM@?$AAS?$AAe?$AAr?$AAr?$AAa?$AAt?$AAi?$AAo?$AAn?$AAV?$AAS?$AAy?$AAn?$AAc?$AA?5?$AA?$AA@ 0000000000002898     Read_EDID_Str:Read_EDID_Str.obj
 0002:00000878       ??_C@_1BK@LFHGIPNH@?$AAS?$AAy?$AAn?$AAc?$AAO?$AAn?$AAG?$AAr?$AAe?$AAe?$AAn?$AA?5?$AA?$AA@ 00000000000028b8     Read_EDID_Str:Read_EDID_Str.obj
 0002:00000898       ??_C@_1BO@MNHIGLOJ@?$AAC?$AAo?$AAm?$AAp?$AAo?$AAs?$AAi?$AAt?$AAe?$AAS?$AAy?$AAn?$AAc?$AA?5?$AA?$AA@ 00000000000028d8     Read_EDID_Str:Read_EDID_Str.obj
 0002:000008b8       ??_C@_1BM@NLFJFLHO@?$AAS?$AAe?$AAp?$AAa?$AAr?$AAa?$AAt?$AAe?$AAS?$AAy?$AAn?$AAc?$AA?5?$AA?$AA@ 00000000000028f8     Read_EDID_Str:Read_EDID_Str.obj
 0002:000008d8       ??_C@_1CE@KBEBJBPP@?$AAB?$AAl?$AAa?$AAn?$AAk?$AAT?$AAo?$AAB?$AAa?$AAc?$AAk?$AAS?$AAe?$AAt?$AAu?$AAp?$AA?5?$AA?$AA@ 0000000000002918     Read_EDID_Str:Read_EDID_Str.obj
 0002:00000900       ??_C@_1CM@ELDIPAMB@?$AAS?$AAy?$AAn?$AAc?$AAr?$AAo?$AAn?$AAi?$AAz?$AAa?$AAt?$AAi?$AAo?$AAn?$AA?5?$AA?5?$AA?5?$AA?5?$AA?5?$AA?3?$AA?5?$AA?$AA@ 0000000000002940     Read_EDID_Str:Read_EDID_Str.obj
 0002:00000930       ??_C@_1BA@NPLPKAGA@?$AAA?$AAn?$AAa?$AAl?$AAo?$AAg?$AA?6?$AA?$AA@ 0000000000002970     Read_EDID_Str:Read_EDID_Str.obj
 0002:00000940       ??_C@_1O@JOECIKDN@?$AAH?$AAD?$AAM?$AAI?$AAa?$AA?6?$AA?$AA@ 0000000000002980     Read_EDID_Str:Read_EDID_Str.obj
 0002:00000950       ??_C@_1O@BINGPIJD@?$AAH?$AAD?$AAM?$AAI?$AAb?$AA?6?$AA?$AA@ 0000000000002990     Read_EDID_Str:Read_EDID_Str.obj
 0002:00000960       ??_C@_1M@FHIKFPID@?$AAM?$AAD?$AAD?$AAI?$AA?6?$AA?$AA@ 00000000000029a0     Read_EDID_Str:Read_EDID_Str.obj
 0002:00000970       ??_C@_1BK@NCNDNLN@?$AAD?$AAi?$AAs?$AAp?$AAl?$AAa?$AAy?$AAP?$AAo?$AAr?$AAt?$AA?6?$AA?$AA@ 00000000000029b0     Read_EDID_Str:Read_EDID_Str.obj
 0002:00000990       ??_C@_1CM@OJMLMMJB@?$AAV?$AAi?$AAd?$AAe?$AAo?$AA?5?$AAi?$AAn?$AAt?$AAe?$AAr?$AAf?$AAa?$AAc?$AAe?$AA?5?$AA?5?$AA?5?$AA?5?$AA?3?$AA?5?$AA?$AA@ 00000000000029d0     Read_EDID_Str:Read_EDID_Str.obj
 0002:000009c0       ??_C@_1BG@EOHBDBF@?$AAu?$AAn?$AAd?$AAe?$AAf?$AAi?$AAn?$AAe?$AAd?$AA?6?$AA?$AA@ 0000000000002a00     Read_EDID_Str:Read_EDID_Str.obj
 0002:000009d8       ??_C@_1CE@LLMIHDAD@?$AA6?$AA?5?$AAb?$AAi?$AAt?$AAs?$AA?5?$AAp?$AAe?$AAr?$AA?5?$AAc?$AAo?$AAl?$AAo?$AAr?$AA?6?$AA?$AA@ 0000000000002a18     Read_EDID_Str:Read_EDID_Str.obj
 0002:00000a00       ??_C@_1CE@CKIDFNB@?$AA8?$AA?5?$AAb?$AAi?$AAt?$AAs?$AA?5?$AAp?$AAe?$AAr?$AA?5?$AAc?$AAo?$AAl?$AAo?$AAr?$AA?6?$AA?$AA@ 0000000000002a40     Read_EDID_Str:Read_EDID_Str.obj
 0002:00000a28       ??_C@_1CG@IGJEDIN@?$AA1?$AA0?$AA?5?$AAb?$AAi?$AAt?$AAs?$AA?5?$AAp?$AAe?$AAr?$AA?5?$AAc?$AAo?$AAl?$AAo?$AAr?$AA?6?$AA?$AA@ 0000000000002a68     Read_EDID_Str:Read_EDID_Str.obj
 0002:00000a50       ??_C@_1CG@PJPJOMOG@?$AA1?$AA2?$AA?5?$AAb?$AAi?$AAt?$AAs?$AA?5?$AAp?$AAe?$AAr?$AA?5?$AAc?$AAo?$AAl?$AAo?$AAr?$AA?6?$AA?$AA@ 0000000000002a90     Read_EDID_Str:Read_EDID_Str.obj
 0002:00000a78       ??_C@_1CG@DADJBLBK@?$AA1?$AA4?$AA?5?$AAb?$AAi?$AAt?$AAs?$AA?5?$AAp?$AAe?$AAr?$AA?5?$AAc?$AAo?$AAl?$AAo?$AAr?$AA?6?$AA?$AA@ 0000000000002ab8     Read_EDID_Str:Read_EDID_Str.obj
 0002:00000aa0       ??_C@_1CG@MBKJLEHB@?$AA1?$AA6?$AA?5?$AAb?$AAi?$AAt?$AAs?$AA?5?$AAp?$AAe?$AAr?$AA?5?$AAc?$AAo?$AAl?$AAo?$AAr?$AA?6?$AA?$AA@ 0000000000002ae0     Read_EDID_Str:Read_EDID_Str.obj
 0002:00000ac8       ??_C@_1BE@FPDCOPJN@?$AAr?$AAe?$AAs?$AAe?$AAr?$AAv?$AAe?$AAd?$AA?6?$AA?$AA@ 0000000000002b08     Read_EDID_Str:Read_EDID_Str.obj
 0002:00000ae0       ??_C@_1CM@GJNHNADE@?$AAB?$AAi?$AAt?$AA?5?$AAd?$AAe?$AAp?$AAt?$AAh?$AA?5?$AA?5?$AA?5?$AA?5?$AA?5?$AA?5?$AA?5?$AA?5?$AA?5?$AA?5?$AA?3?$AA?5?$AA?$AA@ 0000000000002b20     Read_EDID_Str:Read_EDID_Str.obj
 0002:00000b10       ??_C@_1BC@GCHIMNHP@?$AAD?$AAi?$AAg?$AAi?$AAt?$AAa?$AAl?$AA?6?$AA?$AA@ 0000000000002b50     Read_EDID_Str:Read_EDID_Str.obj
 0002:00000b28       ??_C@_1CM@CDMNIIOG@?$AAV?$AAi?$AAd?$AAe?$AAo?$AA?5?$AAI?$AAn?$AAp?$AAu?$AAt?$AA?5?$AA?5?$AA?5?$AA?5?$AA?5?$AA?5?$AA?5?$AA?5?$AA?3?$AA?5?$AA?$AA@ 0000000000002b68     Read_EDID_Str:Read_EDID_Str.obj
 0002:00000b58       ??_C@_1DC@KHPEBNPL@?$AAM?$AAa?$AAn?$AAu?$AAf?$AAa?$AAc?$AAt?$AAu?$AAr?$AAe?$AA?5?$AAY?$AAe?$AAa?$AAr?$AA?5?$AA?5?$AA?5?$AA?3?$AA?5?$AA?$CF?$AAd?$AA?6?$AA?$AA@ 0000000000002b98     Read_EDID_Str:Read_EDID_Str.obj
 0002:00000b90       ??_C@_1DC@IJNIDICH@?$AAM?$AAa?$AAn?$AAu?$AAf?$AAa?$AAc?$AAt?$AAu?$AAr?$AAe?$AA?5?$AAW?$AAe?$AAe?$AAk?$AA?5?$AA?5?$AA?5?$AA?3?$AA?5?$AA?$CF?$AAd?$AA?6?$AA?$AA@ 0000000000002bd0     Read_EDID_Str:Read_EDID_Str.obj
 0002:00000bc8       ??_C@_1DI@IECIHBAG@?$AAS?$AAe?$AAr?$AAi?$AAa?$AAl?$AA?5?$AAN?$AAu?$AAm?$AAb?$AAe?$AAr?$AA?5?$AA?5?$AA?5?$AA?5?$AA?5?$AA?5?$AA?3?$AA?5?$AA?$CF?$AA0?$AA8?$AAl?$AAx?$AA?6?$AA?$AA@ 0000000000002c08     Read_EDID_Str:Read_EDID_Str.obj
 0002:00000c00       ??_C@_1DI@KFFHNCAN@?$AAP?$AAr?$AAo?$AAd?$AAu?$AAc?$AAt?$AA?5?$AAI?$AAD?$AA?5?$AA?5?$AA?5?$AA?5?$AA?5?$AA?5?$AA?5?$AA?5?$AA?5?$AA?3?$AA?5?$AA?$CF?$AA0?$AA8?$AAl?$AAx?$AA?6?$AA?$AA@ 0000000000002c40     Read_EDID_Str:Read_EDID_Str.obj
 0002:00000c38       ??_C@_1DC@BMIADDMA@?$AAV?$AAe?$AAn?$AAd?$AAo?$AAr?$AA?5?$AAI?$AAD?$AA?5?$AA?5?$AA?5?$AA?5?$AA?5?$AA?5?$AA?5?$AA?5?$AA?5?$AA?5?$AA?3?$AA?5?$AA?$CF?$AAs?$AA?6?$AA?$AA@ 0000000000002c78     Read_EDID_Str:Read_EDID_Str.obj
 0002:00000c70       ??_C@_1DC@OPHHCPBK@?$AAE?$AAD?$AAI?$AAD?$AA?5?$AAR?$AAe?$AAv?$AAi?$AAs?$AAi?$AAo?$AAn?$AA?5?$AA?5?$AA?5?$AA?5?$AA?5?$AA?5?$AA?3?$AA?5?$AA?$CF?$AAd?$AA?6?$AA?$AA@ 0000000000002cb0     Read_EDID_Str:Read_EDID_Str.obj
 0002:00000ca8       ??_C@_1DC@HECFHHMH@?$AAE?$AAD?$AAI?$AAD?$AA?5?$AAV?$AAe?$AAr?$AAs?$AAi?$AAo?$AAn?$AA?5?$AA?5?$AA?5?$AA?5?$AA?5?$AA?5?$AA?5?$AA?3?$AA?5?$AA?$CF?$AAd?$AA?6?$AA?$AA@ 0000000000002ce8     Read_EDID_Str:Read_EDID_Str.obj
 0002:00000cdc       ??_C@_13LBAGMAIH@?$AA?6?$AA?$AA@ 0000000000002d1c     Read_EDID_Str:Read_EDID_Str.obj
 0002:00000ce0       ??_C@_1CM@DKGIBGPP@?$AAF?$AAa?$AAi?$AAl?$AA?5?$AAt?$AAo?$AA?5?$AAO?$AAp?$AAe?$AAn?$AAP?$AAr?$AAo?$AAt?$AAo?$AAc?$AAo?$AAl?$AA?6?$AA?$AA@ 0000000000002d20     Read_EDID_Str:Read_EDID_Str.obj
 0002:00000d10       ??_C@_1CO@GJAANNFF@?$AAF?$AAa?$AAi?$AAl?$AA?5?$AAt?$AAo?$AA?5?$AAC?$AAl?$AAo?$AAs?$AAe?$AAP?$AAr?$AAo?$AAt?$AAo?$AAc?$AAo?$AAl?$AA?6?$AA?$AA@ 0000000000002d50     Read_EDID_Str:Read_EDID_Str.obj
 0002:00000d40       ??_C@_1M@OLEMGGOE@?$AA?$CF?$AA0?$AA2?$AAX?$AA?5?$AA?$AA@ 0000000000002d80     Read_EDID_Str:Read_EDID_Str.obj
 0002:00000d50       ??_C@_19NMAFMAH@?$AA?5?$AA?5?$AA?5?$AA?5?$AA?$AA@ 0000000000002d90     Read_EDID_Str:Read_EDID_Str.obj
 0002:00000d60       ??_C@_1BO@DKCDJNMK@?$AAE?$AAd?$AAi?$AAd?$AA_?$AAS?$AAi?$AAz?$AAe?$AA?3?$AA?5?$AA?$CF?$AAd?$AA?6?$AA?$AA@ 0000000000002da0     Read_EDID_Str:Read_EDID_Str.obj
 0002:00000d80       ??_C@_1CC@ODKLOABC@?$AAH?$AAa?$AAn?$AAd?$AAl?$AAe?$AAC?$AAo?$AAu?$AAn?$AAt?$AA?3?$AA?5?$AA?$CF?$AAd?$AA?6?$AA?$AA@ 0000000000002dc0     Read_EDID_Str:Read_EDID_Str.obj
 0002:00000da8       ??_C@_1DI@PMIHGIG@?$AAF?$AAa?$AAi?$AAl?$AA?5?$AAt?$AAo?$AA?5?$AAL?$AAo?$AAc?$AAa?$AAt?$AAe?$AAH?$AAa?$AAn?$AAd?$AAl?$AAe?$AAB?$AAu?$AAf?$AAf?$AAe?$AAr?$AA?6?$AA?$AA@ 0000000000002de8     Read_EDID_Str:Read_EDID_Str.obj
 0002:00000de0       ??_C@_1BI@KNIPBNBB@?$AAS?$AAt?$AAa?$AAt?$AAu?$AAs?$AA?3?$AA?5?$AA?$CF?$AAd?$AA?6?$AA?$AA@ 0000000000002e20     Read_EDID_Str:Read_EDID_Str.obj
 0002:00000df8       ??_C@_0BE@BDFJLGLN@gBS?5?$CB?$DN?5?$CI?$CIvoid?5?$CK?$CJ?50?$CJ?$AA@ 0000000000002e38     UefiBootServicesTableLib:UefiBootServicesTableLib.obj
 0002:00000e10       ??_C@_0BE@DGNHAHIL@gST?5?$CB?$DN?5?$CI?$CIvoid?5?$CK?$CJ?50?$CJ?$AA@ 0000000000002e50     UefiBootServicesTableLib:UefiBootServicesTableLib.obj
 0002:00000e30       ??_C@_0EG@IHBEIGJL@q?3?2MdePkg?2Library?2UefiBootServic@ 0000000000002e70     UefiBootServicesTableLib:UefiBootServicesTableLib.obj
 0002:00000e78       ??_C@_0BN@COECPDCC@gImageHandle?5?$CB?$DN?5?$CI?$CIvoid?5?$CK?$CJ?50?$CJ?$AA@ 0000000000002eb8     UefiBootServicesTableLib:UefiBootServicesTableLib.obj
 0002:00000ea0       ??_C@_0EM@DLKNJEFG@q?3?2MdePkg?2Library?2UefiRuntimeSer@ 0000000000002ee0     UefiRuntimeServicesTableLib:UefiRuntimeServicesTableLib.obj
 0002:00000ef0       ??_C@_0BE@OBDFIHND@gRT?5?$CB?$DN?5?$CI?$CIvoid?5?$CK?$CJ?50?$CJ?$AA@ 0000000000002f30     UefiRuntimeServicesTableLib:UefiRuntimeServicesTableLib.obj
 0002:00000f08       ??_C@_0BH@IACGKAP@Buffer?5?$CB?$DN?5?$CI?$CIvoid?5?$CK?$CJ?50?$CJ?$AA@ 0000000000002f48     UefiLib:UefiLibPrint.obj
 0002:00000f20       ??_C@_0BI@DIKLKBJC@Console?5?$CB?$DN?5?$CI?$CIvoid?5?$CK?$CJ?50?$CJ?$AA@ 0000000000002f60     UefiLib:UefiLibPrint.obj
 0002:00000f38       ??_C@_0CD@NJDNMGBE@?$CI?$CIUINTN?$CJ?5Format?5?$CG?50x00000001?$CJ?5?$DN?$DN@ 0000000000002f78     UefiLib:UefiLibPrint.obj
 0002:00000f60       ??_C@_0CJ@ICOLKBCP@q?3?2MdePkg?2Library?2UefiLib?2UefiLi@ 0000000000002fa0     UefiLib:UefiLibPrint.obj
 0002:00000f90       ??_C@_0BH@LKMBFCBF@Format?5?$CB?$DN?5?$CI?$CIvoid?5?$CK?$CJ?50?$CJ?$AA@ 0000000000002fd0     UefiLib:UefiLibPrint.obj
 0002:00000fa8       ??_C@_1BA@ODEFMBP@?$AA?6?$AA?$CF?$AA0?$AA2?$AAx?$AA?5?$AA?5?$AA?$AA@ 0000000000002fe8     COMPAL_IOLib:COMPAL_IOLib.obj
 0002:00000fb8       ??_C@_19ICFDFJBB@?$AA0?$AA?$CF?$AAx?$AA?5?$AA?$AA@ 0000000000002ff8     COMPAL_IOLib:COMPAL_IOLib.obj
 0002:00000fc8       ??_C@_0CG@MHAECJIA@q?3?2MdePkg?2Library?2BaseLib?2Unalig@ 0000000000003008     BaseLib:Unaligned.obj
 0002:00000ff0       ??_C@_0DK@EOJCOAME@Length?5?$DM?5_gPcd_FixedAtBuild_PcdM@ 0000000000003030     BaseLib:String.obj
 0002:00001030       ??_C@_0CD@BDCLIGHD@?$CI?$CIUINTN?$CJ?5String?5?$CG?50x00000001?$CJ?5?$DN?$DN@ 0000000000003070     BaseLib:String.obj
 0002:00001058       ??_C@_0CD@OOJADBME@q?3?2MdePkg?2Library?2BaseLib?2String@ 0000000000003098     BaseLib:String.obj
 0002:00001080       ??_C@_0BH@MAAHKCPC@String?5?$CB?$DN?5?$CI?$CIvoid?5?$CK?$CJ?50?$CJ?$AA@ 00000000000030c0     BaseLib:String.obj
 0002:00001098       ??_C@_0DI@MDIKFADO@Length?5?$DM?5_gPcd_FixedAtBuild_PcdM@ 00000000000030d8     BaseLib:String.obj
 0002:000010d0       ??_C@_0N@KGHEHMDL@Divisor?5?$CB?$DN?50?$AA@ 0000000000003110     BaseLib:DivU64x32.obj
 0002:000010e0       ??_C@_0EA@JCDEKIGH@q?3?2MdePkg?2Library?2UefiMemoryAllo@ 0000000000003120     UefiMemoryAllocationLib:MemoryAllocationLib.obj
 0002:00001120       ??_C@_0CH@KJLBGOBB@?$CI?$CI?$CIUINTN?$CJ?5?$CIFormatString?$CJ?$CJ?5?$CG?50x01@ 0000000000003160     BasePrintLib:PrintLib.obj
 0002:00001148       ??_C@_0CK@LOLCLJPB@q?3?2MdePkg?2Library?2BasePrintLib?2P@ 0000000000003188     BasePrintLib:PrintLib.obj
 0002:00001178       ??_C@_0CI@BGLNHBLM@?$CI?$CI?$CIUINTN?$CJ?5?$CIStartOfBuffer?$CJ?$CJ?5?$CG?50x0@ 00000000000031b8     BasePrintLib:PrintLib.obj
 0002:000011a0       ??_C@_0BB@MFGDFIJM@Compromised?5Data?$AA@ 00000000000031e0     BasePrintLib:PrintLibInternal.obj
 0002:000011b8       ??_C@_0BB@KFJAMCOC@Invalid?5Language?$AA@ 00000000000031f8     BasePrintLib:PrintLibInternal.obj
 0002:000011d0       ??_C@_0M@FKGOBENP@End?5of?5File?$AA@ 0000000000003210     BasePrintLib:PrintLibInternal.obj
 0002:000011e0       ??_C@_0O@GLPDOMCP@Reserved?5?$CI30?$CJ?$AA@ 0000000000003220     BasePrintLib:PrintLibInternal.obj
 0002:000011f0       ??_C@_0O@NMJOLAMF@Reserved?5?$CI29?$CJ?$AA@ 0000000000003230     BasePrintLib:PrintLibInternal.obj
 0002:00001200       ??_C@_0N@JEJDHPO@End?5of?5Media?$AA@ 0000000000003240     BasePrintLib:PrintLibInternal.obj
 0002:00001210       ??_C@_09BOMAGJEG@CRC?5Error?$AA@ 0000000000003250     BasePrintLib:PrintLibInternal.obj
 0002:00001220       ??_C@_0BD@KHMPCIOG@Security?5Violation?$AA@ 0000000000003260     BasePrintLib:PrintLibInternal.obj
 0002:00001238       ??_C@_0BF@EHOBGFMI@Incompatible?5Version?$AA@ 0000000000003278     BasePrintLib:PrintLibInternal.obj
 0002:00001250       ??_C@_0P@NCJHBCLM@Protocol?5Error?$AA@ 0000000000003290     BasePrintLib:PrintLibInternal.obj
 0002:00001260       ??_C@_0L@DJKNJKHM@TFTP?5Error?$AA@ 00000000000032a0     BasePrintLib:PrintLibInternal.obj
 0002:00001270       ??_C@_0L@LKIFCMNO@ICMP?5Error?$AA@ 00000000000032b0     BasePrintLib:PrintLibInternal.obj
 0002:00001280       ??_C@_07LCKDCBKK@Aborted?$AA@ 00000000000032c0     BasePrintLib:PrintLibInternal.obj
 0002:00001288       ??_C@_0BA@IGIBFFPH@Already?5started?$AA@ 00000000000032c8     BasePrintLib:PrintLibInternal.obj
 0002:00001298       ??_C@_0M@DCJFAFHJ@Not?5started?$AA@ 00000000000032d8     BasePrintLib:PrintLibInternal.obj
 0002:000012a8       ??_C@_08PAFJCNGP@Time?5out?$AA@ 00000000000032e8     BasePrintLib:PrintLibInternal.obj
 0002:000012b8       ??_C@_0L@IFPBNFC@No?5mapping?$AA@ 00000000000032f8     BasePrintLib:PrintLibInternal.obj
 0002:000012c8       ??_C@_0M@ENKCBFEP@No?5Response?$AA@ 0000000000003308     BasePrintLib:PrintLibInternal.obj
 0002:000012d8       ??_C@_0O@NFHOBIDO@Access?5Denied?$AA@ 0000000000003318     BasePrintLib:PrintLibInternal.obj
 0002:000012e8       ??_C@_09CFCBFJND@Not?5Found?$AA@ 0000000000003328     BasePrintLib:PrintLibInternal.obj
 0002:000012f8       ??_C@_0O@JNCJKCCD@Media?5changed?$AA@ 0000000000003338     BasePrintLib:PrintLibInternal.obj
 0002:00001308       ??_C@_08KEGAJDNN@No?5Media?$AA@ 0000000000003348     BasePrintLib:PrintLibInternal.obj
 0002:00001318       ??_C@_0M@HDLEPOFA@Volume?5Full?$AA@ 0000000000003358     BasePrintLib:PrintLibInternal.obj
 0002:00001328       ??_C@_0P@EIOJGIF@Volume?5Corrupt?$AA@ 0000000000003368     BasePrintLib:PrintLibInternal.obj
 0002:00001338       ??_C@_0BB@GOILNEAA@Out?5of?5Resources?$AA@ 0000000000003378     BasePrintLib:PrintLibInternal.obj
 0002:00001350       ??_C@_0BA@LNEDDFNB@Write?5Protected?$AA@ 0000000000003390     BasePrintLib:PrintLibInternal.obj
 0002:00001360       ??_C@_0N@HHEABDHO@Device?5Error?$AA@ 00000000000033a0     BasePrintLib:PrintLibInternal.obj
 0002:00001370       ??_C@_09NKFGCIPN@Not?5Ready?$AA@ 00000000000033b0     BasePrintLib:PrintLibInternal.obj
 0002:00001380       ??_C@_0BB@EGELJFOB@Buffer?5Too?5Small?$AA@ 00000000000033c0     BasePrintLib:PrintLibInternal.obj
 0002:00001398       ??_C@_0BA@FLNMPMCF@Bad?5Buffer?5Size?$AA@ 00000000000033d8     BasePrintLib:PrintLibInternal.obj
 0002:000013a8       ??_C@_0M@BEECMOIL@Unsupported?$AA@ 00000000000033e8     BasePrintLib:PrintLibInternal.obj
 0002:000013b8       ??_C@_0BC@HOFHKGJN@Invalid?5Parameter?$AA@ 00000000000033f8     BasePrintLib:PrintLibInternal.obj
 0002:000013d0       ??_C@_0L@PLPBEPPC@Load?5Error?$AA@ 0000000000003410     BasePrintLib:PrintLibInternal.obj
 0002:000013e0       ??_C@_0BD@IFJNJCCO@Warning?5Stale?5Data?$AA@ 0000000000003420     BasePrintLib:PrintLibInternal.obj
 0002:000013f8       ??_C@_0BJ@ODIPDGHB@Warning?5Buffer?5Too?5Small?$AA@ 0000000000003438     BasePrintLib:PrintLibInternal.obj
 0002:00001418       ??_C@_0BG@ECIJMOED@Warning?5Write?5Failure?$AA@ 0000000000003458     BasePrintLib:PrintLibInternal.obj
 0002:00001430       ??_C@_0BH@GKKCJEPJ@Warning?5Delete?5Failure?$AA@ 0000000000003470     BasePrintLib:PrintLibInternal.obj
 0002:00001448       ??_C@_0BG@CFJMNNJK@Warning?5Unknown?5Glyph?$AA@ 0000000000003488     BasePrintLib:PrintLibInternal.obj
 0002:00001460       ??_C@_07PBILKAFL@Success?$AA@ 00000000000034a0     BasePrintLib:PrintLibInternal.obj
 0002:00001468       mHexStr                    00000000000034a8     BasePrintLib:PrintLibInternal.obj
 0002:00001480       mStatusString              00000000000034c0     BasePrintLib:PrintLibInternal.obj
 0002:000015b8       ??_C@_0DC@CHCEMEEB@q?3?2MdePkg?2Library?2BasePrintLib?2P@ 00000000000035f8     BasePrintLib:PrintLibInternal.obj
 0002:000015f0       ??_C@_0EG@NFDMKACK@?$CI?$CI?$CIFlags?5?$CG?50x00000040?$CJ?5?$CB?$DN?50?$CJ?$CJ?5?$HM?$HM@ 0000000000003630     BasePrintLib:PrintLibInternal.obj
 0002:00001640       ??_C@_0EM@FPGGOFNC@?$CI?$CI?$CIFlags?5?$CG?50x00000040?$CJ?5?$DN?$DN?50?$CJ?$CJ?5?$HM?$HM@ 0000000000003680     BasePrintLib:PrintLibInternal.obj
 0002:0000168c       ??_C@_01LIIJDEN@?$AN?$AA@  00000000000036cc     BasePrintLib:PrintLibInternal.obj
 0002:00001690       ??_C@_04JIMNDDED@?$CF08X?$AA@ 00000000000036d0     BasePrintLib:PrintLibInternal.obj
 0002:00001698       ??_C@_0O@MLOLIMFM@?$DMnull?5string?$DO?$AA@ 00000000000036d8     BasePrintLib:PrintLibInternal.obj
 0002:000016a8       ??_C@_0BK@FCPKCIDD@?$CF02d?1?$CF02d?1?$CF04d?5?5?$CF02d?3?$CF02d?$AA@ 00000000000036e8     BasePrintLib:PrintLibInternal.obj
 0002:000016c8       ??_C@_0M@LHGBCIKM@?$DMnull?5time?$DO?$AA@ 0000000000003708     BasePrintLib:PrintLibInternal.obj
 0002:000016d8       ??_C@_0DB@PMLHLBMO@?$CF08x?9?$CF04x?9?$CF04x?9?$CF02x?$CF02x?9?$CF02x?$CF02x@ 0000000000003718     BasePrintLib:PrintLibInternal.obj
 0002:00001710       ??_C@_0M@BJJDNPHK@?$DMnull?5guid?$DO?$AA@ 0000000000003750     BasePrintLib:PrintLibInternal.obj
 0002:0000171c       ??_C@_02PCIJFNDE@?$AN?6?$AA@ 000000000000375c     BasePrintLib:PrintLibInternal.obj
 0002:00001720       ??_C@_0BL@BFEFANFD@AsciiStrSize?5?$CIFormat?$CJ?5?$CB?$DN?50?$AA@ 0000000000003760     BasePrintLib:PrintLibInternal.obj
 0002:00001740       ??_C@_0CB@NIHAJGJE@StrSize?5?$CI?$CICHAR16?5?$CK?$CJ?5Format?$CJ?5?$CB?$DN?50@ 0000000000003780     BasePrintLib:PrintLibInternal.obj
 0002:00001768       ??_C@_0CP@CPEPIGGJ@q?3?2MdePkg?2Library?2BaseLib?2DivU64@ 00000000000037a8     BaseLib:DivU64x32Remainder.obj
 0002:000017a8       gImageHandle               00000000000037e8     UefiBootServicesTableLib:UefiBootServicesTableLib.obj
 0002:000017b0       gST                        00000000000037f0     UefiBootServicesTableLib:UefiBootServicesTableLib.obj
 0002:000017b8       gBS                        00000000000037f8     UefiBootServicesTableLib:UefiBootServicesTableLib.obj
 0002:000017c0       gRT                        0000000000003800     UefiRuntimeServicesTableLib:UefiRuntimeServicesTableLib.obj

 entry point at        0001:00000000

 Static symbols

