 EC_cmd

 Timestamp is 61e77387 (Wed Jan 19 10:12:23 2022)

 Preferred load address is 0000000000000000

 Start         Length     Name                   Class
 0001:00000000 00001ae6H .text                   CODE
 0002:00000000 00000000H .data                   DATA
 0002:00000000 00000c37H .rdata                  DATA
 0002:00000c38 00000020H .bss                    DATA
 0003:00000000 00000138H .pdata                  DATA
 0004:00000000 000000ccH .xdata                  DATA

  Address         Publics by Value              Rva+Base               Lib:Object

 0001:00000000       _ModuleEntryPoint          00000000000002a0 f   UefiApplicationEntryPoint:ApplicationEntryPoint.obj
 0001:00000064       ProcessLibraryConstructorList 0000000000000304 f   EC_cmd:AutoGen.obj
 0001:000001a4       ProcessLibraryDestructorList 0000000000000444 f   EC_cmd:AutoGen.obj
 0001:000001a4       DebugAssert                0000000000000444 f   BaseDebugLibNull:DebugLib.obj
 0001:000001a8       ProcessModuleEntryPointList 0000000000000448 f   EC_cmd:AutoGen.obj
 0001:000001b0       ErrorMessage               0000000000000450 f   EC_cmd:EC_cmd.obj
 0001:000001f4       EC_main                    0000000000000494 f   EC_cmd:EC_cmd.obj
 0001:00000438       UefiMain                   00000000000006d8 f   EC_cmd:EC_cmd.obj
 0001:000004cc       DebugPrint                 000000000000076c f   BaseDebugLibNull:DebugLib.obj
 0001:000004d8       DebugPrintLevelEnabled     0000000000000778 f   BaseDebugLibNull:DebugLib.obj
 0001:000004d8       DebugAssertEnabled         0000000000000778 f   BaseDebugLibNull:DebugLib.obj
 0001:000004d8       DebugPrintEnabled          0000000000000778 f   BaseDebugLibNull:DebugLib.obj
 0001:000004dc       StrLen                     000000000000077c f   BaseLib:String.obj
 0001:00000594       StrSize                    0000000000000834 f   BaseLib:String.obj
 0001:000005a8       AsciiStrLen                0000000000000848 f   BaseLib:String.obj
 0001:00000630       AsciiStrSize               00000000000008d0 f   BaseLib:String.obj
 0001:00000644       InternalMathDivRemU64x32   00000000000008e4 f   BaseLib:Math64.obj
 0001:00000660       UefiBootServicesTableLibConstructor 0000000000000900 f   UefiBootServicesTableLib:UefiBootServicesTableLib.obj
 0001:0000070c       UefiRuntimeServicesTableLibConstructor 00000000000009ac f   UefiRuntimeServicesTableLib:UefiRuntimeServicesTableLib.obj
 0001:00000750       IoRead8                    00000000000009f0 f   BaseIoLibIntrinsic:IoLibMsc.obj
 0001:00000758       IoWrite8                   00000000000009f8 f   BaseIoLibIntrinsic:IoLibMsc.obj
 0001:00000760       UefiLibConstructor         0000000000000a00 f   UefiLib:UefiLib.obj
 0001:00000764       InternalPrint              0000000000000a04 f   UefiLib:UefiLibPrint.obj
 0001:00000884       Print                      0000000000000b24 f   UefiLib:UefiLibPrint.obj
 0001:000008b4       MicroSecondDelay           0000000000000b54 f   BaseTimerLibNullTemplate:TimerLibNull.obj
 0001:000008e8       Check_IBF                  0000000000000b88 f   COMPAL_IOLib:COMPAL_IOLib.obj
 0001:00000920       Check_OBF                  0000000000000bc0 f   COMPAL_IOLib:COMPAL_IOLib.obj
 0001:00000958       HexaDecimalDigitCharacter  0000000000000bf8 f   COMPAL_StringLib:COMPAL_StringLib.obj
 0001:00000980       HexCharToUintn             0000000000000c20 f   COMPAL_StringLib:COMPAL_StringLib.obj
 0001:000009b0       StrToHex8                  0000000000000c50 f   COMPAL_StringLib:COMPAL_StringLib.obj
 0001:00000a30       ReadUnaligned16            0000000000000cd0 f   BaseLib:Unaligned.obj
 0001:00000a68       ReadUnaligned32            0000000000000d08 f   BaseLib:Unaligned.obj
 0001:00000aa0       InternalAllocatePool       0000000000000d40 f   UefiMemoryAllocationLib:MemoryAllocationLib.obj
 0001:00000acc       AllocatePool               0000000000000d6c f   UefiMemoryAllocationLib:MemoryAllocationLib.obj
 0001:00000adc       FreePool                   0000000000000d7c f   UefiMemoryAllocationLib:MemoryAllocationLib.obj
 0001:00000b50       UnicodeVSPrint             0000000000000df0 f   BasePrintLib:PrintLib.obj
 0001:00000bf4       BasePrintLibFillBuffer     0000000000000e94 f   BasePrintLib:PrintLibInternal.obj
 0001:00000c28       BasePrintLibValueToString  0000000000000ec8 f   BasePrintLib:PrintLibInternal.obj
 0001:00000c78       BasePrintLibSPrintMarker   0000000000000f18 f   BasePrintLib:PrintLibInternal.obj
 0001:00001a6c       BasePrintLibSPrint         0000000000001d0c f   BasePrintLib:PrintLibInternal.obj
 0001:00001a90       DivU64x32Remainder         0000000000001d30 f   BaseLib:DivU64x32Remainder.obj
 0002:00000000       _gPcd_FixedAtBuild_PcdMaximumAsciiStringLength 0000000000001da0     EC_cmd:AutoGen.obj
 0002:00000000       _gPcd_FixedAtBuild_PcdMaximumUnicodeStringLength 0000000000001da0     EC_cmd:AutoGen.obj
 0002:00000004       _gPcd_FixedAtBuild_PcdUefiLibMaxPrintBufferSize 0000000000001da4     EC_cmd:AutoGen.obj
 0002:00000008       _gUefiDriverRevision       0000000000001da8     EC_cmd:AutoGen.obj
 0002:00000010       ??_C@_0FC@ODOBEHDA@q?3?2Build?2MyPkg?2RELEASE_DEVTLS?2X6@ 0000000000001db0     EC_cmd:AutoGen.obj
 0002:00000068       ??_C@_0BE@DCHLEIGN@?$CBEFI_ERROR?5?$CIStatus?$CJ?$AA@ 0000000000001e08     EC_cmd:AutoGen.obj
 0002:00000080       ??_C@_0CB@DMEJJJHA@?6ASSERT_EFI_ERROR?5?$CIStatus?5?$DN?5?$CFr?$CJ?6@ 0000000000001e20     EC_cmd:AutoGen.obj
 0002:000000a8       ??_C@_1CI@KFIKPAJB@?$AAP?$AAa?$AAr?$AAa?$AAm?$AAe?$AAt?$AAe?$AAr?$AA?5?$AA3?$AA?5?$AA?3?$AA?5?$AAD?$AAa?$AAt?$AAa?$AA?6?$AA?$AA@ 0000000000001e48     EC_cmd:EC_cmd.obj
 0002:000000d0       ??_C@_1DM@ELKLENBH@?$AAP?$AAa?$AAr?$AAa?$AAm?$AAe?$AAt?$AAe?$AAr?$AA?5?$AA2?$AA?5?$AA?3?$AA?5?$AAC?$AAo?$AAm?$AAm?$AAa?$AAn?$AAd?$AA?5?$AAN?$AAu?$AAm?$AAb?$AAe?$AAr?$AA?6?$AA?$AA@ 0000000000001e70     EC_cmd:EC_cmd.obj
 0002:00000110       ??_C@_1FC@JJGPLFFG@?$AAP?$AAa?$AAr?$AAa?$AAm?$AAe?$AAt?$AAe?$AAr?$AA?5?$AA1?$AA?5?$AA?3?$AA?5?$AAC?$AAo?$AAm?$AAm?$AAa?$AAn?$AAd?$AA?5?$AAP?$AAo?$AAr?$AAt?$AA?5?$AA?9?$AA?9?$AA?$DO?$AA?5?$AA6@ 0000000000001eb0     EC_cmd:EC_cmd.obj
 0002:00000168       ??_C@_1DK@NAEDKDCF@?$AA?6?$AAP?$AAl?$AAe?$AAa?$AAs?$AAe?$AA?5?$AAE?$AAn?$AAt?$AAe?$AAr?$AA?5?$AA3?$AA?5?$AAP?$AAa?$AAr?$AAa?$AAm?$AAe?$AAt?$AAe?$AAr?$AAs?$AA?3?$AA?6?$AA?$AA@ 0000000000001f08     EC_cmd:EC_cmd.obj
 0002:000001a8       ??_C@_1CC@EMOLDGEO@?$AAP?$AAa?$AAr?$AAa?$AAm?$AAe?$AAt?$AAe?$AAr?$AA?5?$AAE?$AAr?$AAr?$AAo?$AAr?$AA?6?$AA?$AA@ 0000000000001f48     EC_cmd:EC_cmd.obj
 0002:000001d0       ??_C@_1BC@BLBJHNOB@?$AAS?$AAu?$AAc?$AAc?$AAe?$AAs?$AAs?$AA?6?$AA?$AA@ 0000000000001f70     EC_cmd:EC_cmd.obj
 0002:000001e8       ??_C@_1BE@GPCHMOHN@?$AAT?$AAi?$AAm?$AAe?$AA?5?$AAo?$AAu?$AAt?$AA?6?$AA?$AA@ 0000000000001f88     EC_cmd:EC_cmd.obj
 0002:00000200       ??_C@_1CI@FKNKFHFO@?$AAD?$AAa?$AAt?$AAa?$AA?5?$AA?$CF?$AAd?$AA?5?$AA?3?$AA?$CI?$AA0?$AAx?$AA?$CF?$AAx?$AA?$CJ?$AA?5?$AA?$CF?$AAc?$AA?6?$AA?$AA@ 0000000000001fa0     EC_cmd:EC_cmd.obj
 0002:00000228       ??_C@_1DC@NKIPJBML@?$AA?6?$AA?5?$AAF?$AAa?$AAi?$AAl?$AA?5?$AAt?$AAo?$AA?5?$AAO?$AAp?$AAe?$AAn?$AA?5?$AAP?$AAr?$AAo?$AAt?$AAo?$AAc?$AAo?$AAl?$AA?6?$AA?$AA@ 0000000000001fc8     EC_cmd:EC_cmd.obj
 0002:00000260       ??_C@_0DK@EOJCOAME@Length?5?$DM?5_gPcd_FixedAtBuild_PcdM@ 0000000000002000     BaseLib:String.obj
 0002:000002a0       ??_C@_0CD@BDCLIGHD@?$CI?$CIUINTN?$CJ?5String?5?$CG?50x00000001?$CJ?5?$DN?$DN@ 0000000000002040     BaseLib:String.obj
 0002:000002c8       ??_C@_0CD@OOJADBME@q?3?2MdePkg?2Library?2BaseLib?2String@ 0000000000002068     BaseLib:String.obj
 0002:000002f0       ??_C@_0BH@MAAHKCPC@String?5?$CB?$DN?5?$CI?$CIvoid?5?$CK?$CJ?50?$CJ?$AA@ 0000000000002090     BaseLib:String.obj
 0002:00000308       ??_C@_0DI@MDIKFADO@Length?5?$DM?5_gPcd_FixedAtBuild_PcdM@ 00000000000020a8     BaseLib:String.obj
 0002:00000340       ??_C@_0N@KGHEHMDL@Divisor?5?$CB?$DN?50?$AA@ 00000000000020e0     BaseLib:DivU64x32.obj
 0002:00000350       ??_C@_0BE@BDFJLGLN@gBS?5?$CB?$DN?5?$CI?$CIvoid?5?$CK?$CJ?50?$CJ?$AA@ 00000000000020f0     UefiBootServicesTableLib:UefiBootServicesTableLib.obj
 0002:00000368       ??_C@_0BE@DGNHAHIL@gST?5?$CB?$DN?5?$CI?$CIvoid?5?$CK?$CJ?50?$CJ?$AA@ 0000000000002108     UefiBootServicesTableLib:UefiBootServicesTableLib.obj
 0002:00000380       ??_C@_0EG@IHBEIGJL@q?3?2MdePkg?2Library?2UefiBootServic@ 0000000000002120     UefiBootServicesTableLib:UefiBootServicesTableLib.obj
 0002:000003c8       ??_C@_0BN@COECPDCC@gImageHandle?5?$CB?$DN?5?$CI?$CIvoid?5?$CK?$CJ?50?$CJ?$AA@ 0000000000002168     UefiBootServicesTableLib:UefiBootServicesTableLib.obj
 0002:000003f0       ??_C@_0EM@DLKNJEFG@q?3?2MdePkg?2Library?2UefiRuntimeSer@ 0000000000002190     UefiRuntimeServicesTableLib:UefiRuntimeServicesTableLib.obj
 0002:00000440       ??_C@_0BE@OBDFIHND@gRT?5?$CB?$DN?5?$CI?$CIvoid?5?$CK?$CJ?50?$CJ?$AA@ 00000000000021e0     UefiRuntimeServicesTableLib:UefiRuntimeServicesTableLib.obj
 0002:00000458       ??_C@_0BH@IACGKAP@Buffer?5?$CB?$DN?5?$CI?$CIvoid?5?$CK?$CJ?50?$CJ?$AA@ 00000000000021f8     UefiLib:UefiLibPrint.obj
 0002:00000470       ??_C@_0BI@DIKLKBJC@Console?5?$CB?$DN?5?$CI?$CIvoid?5?$CK?$CJ?50?$CJ?$AA@ 0000000000002210     UefiLib:UefiLibPrint.obj
 0002:00000488       ??_C@_0CD@NJDNMGBE@?$CI?$CIUINTN?$CJ?5Format?5?$CG?50x00000001?$CJ?5?$DN?$DN@ 0000000000002228     UefiLib:UefiLibPrint.obj
 0002:000004b0       ??_C@_0CJ@ICOLKBCP@q?3?2MdePkg?2Library?2UefiLib?2UefiLi@ 0000000000002250     UefiLib:UefiLibPrint.obj
 0002:000004e0       ??_C@_0BH@LKMBFCBF@Format?5?$CB?$DN?5?$CI?$CIvoid?5?$CK?$CJ?50?$CJ?$AA@ 0000000000002280     UefiLib:UefiLibPrint.obj
 0002:000004f8       ??_C@_0DK@GNNLNFJF@q?3?2MdePkg?2Library?2BaseTimerLibNu@ 0000000000002298     BaseTimerLibNullTemplate:TimerLibNull.obj
 0002:00000538       ??_C@_0BC@FEDIJHFF@?$CI?$CIBOOLEAN?$CJ?$CI0?$DN?$DN1?$CJ?$CJ?$AA@ 00000000000022d8     BaseTimerLibNullTemplate:TimerLibNull.obj
 0002:00000550       ??_C@_0CG@MHAECJIA@q?3?2MdePkg?2Library?2BaseLib?2Unalig@ 00000000000022f0     BaseLib:Unaligned.obj
 0002:00000580       ??_C@_0EA@JCDEKIGH@q?3?2MdePkg?2Library?2UefiMemoryAllo@ 0000000000002320     UefiMemoryAllocationLib:MemoryAllocationLib.obj
 0002:000005c0       ??_C@_0CH@KJLBGOBB@?$CI?$CI?$CIUINTN?$CJ?5?$CIFormatString?$CJ?$CJ?5?$CG?50x01@ 0000000000002360     BasePrintLib:PrintLib.obj
 0002:000005e8       ??_C@_0CK@LOLCLJPB@q?3?2MdePkg?2Library?2BasePrintLib?2P@ 0000000000002388     BasePrintLib:PrintLib.obj
 0002:00000618       ??_C@_0CI@BGLNHBLM@?$CI?$CI?$CIUINTN?$CJ?5?$CIStartOfBuffer?$CJ?$CJ?5?$CG?50x0@ 00000000000023b8     BasePrintLib:PrintLib.obj
 0002:00000640       ??_C@_0BB@MFGDFIJM@Compromised?5Data?$AA@ 00000000000023e0     BasePrintLib:PrintLibInternal.obj
 0002:00000658       ??_C@_0BB@KFJAMCOC@Invalid?5Language?$AA@ 00000000000023f8     BasePrintLib:PrintLibInternal.obj
 0002:00000670       ??_C@_0M@FKGOBENP@End?5of?5File?$AA@ 0000000000002410     BasePrintLib:PrintLibInternal.obj
 0002:00000680       ??_C@_0O@GLPDOMCP@Reserved?5?$CI30?$CJ?$AA@ 0000000000002420     BasePrintLib:PrintLibInternal.obj
 0002:00000690       ??_C@_0O@NMJOLAMF@Reserved?5?$CI29?$CJ?$AA@ 0000000000002430     BasePrintLib:PrintLibInternal.obj
 0002:000006a0       ??_C@_0N@JEJDHPO@End?5of?5Media?$AA@ 0000000000002440     BasePrintLib:PrintLibInternal.obj
 0002:000006b0       ??_C@_09BOMAGJEG@CRC?5Error?$AA@ 0000000000002450     BasePrintLib:PrintLibInternal.obj
 0002:000006c0       ??_C@_0BD@KHMPCIOG@Security?5Violation?$AA@ 0000000000002460     BasePrintLib:PrintLibInternal.obj
 0002:000006d8       ??_C@_0BF@EHOBGFMI@Incompatible?5Version?$AA@ 0000000000002478     BasePrintLib:PrintLibInternal.obj
 0002:000006f0       ??_C@_0P@NCJHBCLM@Protocol?5Error?$AA@ 0000000000002490     BasePrintLib:PrintLibInternal.obj
 0002:00000700       ??_C@_0L@DJKNJKHM@TFTP?5Error?$AA@ 00000000000024a0     BasePrintLib:PrintLibInternal.obj
 0002:00000710       ??_C@_0L@LKIFCMNO@ICMP?5Error?$AA@ 00000000000024b0     BasePrintLib:PrintLibInternal.obj
 0002:00000720       ??_C@_07LCKDCBKK@Aborted?$AA@ 00000000000024c0     BasePrintLib:PrintLibInternal.obj
 0002:00000728       ??_C@_0BA@IGIBFFPH@Already?5started?$AA@ 00000000000024c8     BasePrintLib:PrintLibInternal.obj
 0002:00000738       ??_C@_0M@DCJFAFHJ@Not?5started?$AA@ 00000000000024d8     BasePrintLib:PrintLibInternal.obj
 0002:00000748       ??_C@_08PAFJCNGP@Time?5out?$AA@ 00000000000024e8     BasePrintLib:PrintLibInternal.obj
 0002:00000758       ??_C@_0L@IFPBNFC@No?5mapping?$AA@ 00000000000024f8     BasePrintLib:PrintLibInternal.obj
 0002:00000768       ??_C@_0M@ENKCBFEP@No?5Response?$AA@ 0000000000002508     BasePrintLib:PrintLibInternal.obj
 0002:00000778       ??_C@_0O@NFHOBIDO@Access?5Denied?$AA@ 0000000000002518     BasePrintLib:PrintLibInternal.obj
 0002:00000788       ??_C@_09CFCBFJND@Not?5Found?$AA@ 0000000000002528     BasePrintLib:PrintLibInternal.obj
 0002:00000798       ??_C@_0O@JNCJKCCD@Media?5changed?$AA@ 0000000000002538     BasePrintLib:PrintLibInternal.obj
 0002:000007a8       ??_C@_08KEGAJDNN@No?5Media?$AA@ 0000000000002548     BasePrintLib:PrintLibInternal.obj
 0002:000007b8       ??_C@_0M@HDLEPOFA@Volume?5Full?$AA@ 0000000000002558     BasePrintLib:PrintLibInternal.obj
 0002:000007c8       ??_C@_0P@EIOJGIF@Volume?5Corrupt?$AA@ 0000000000002568     BasePrintLib:PrintLibInternal.obj
 0002:000007d8       ??_C@_0BB@GOILNEAA@Out?5of?5Resources?$AA@ 0000000000002578     BasePrintLib:PrintLibInternal.obj
 0002:000007f0       ??_C@_0BA@LNEDDFNB@Write?5Protected?$AA@ 0000000000002590     BasePrintLib:PrintLibInternal.obj
 0002:00000800       ??_C@_0N@HHEABDHO@Device?5Error?$AA@ 00000000000025a0     BasePrintLib:PrintLibInternal.obj
 0002:00000810       ??_C@_09NKFGCIPN@Not?5Ready?$AA@ 00000000000025b0     BasePrintLib:PrintLibInternal.obj
 0002:00000820       ??_C@_0BB@EGELJFOB@Buffer?5Too?5Small?$AA@ 00000000000025c0     BasePrintLib:PrintLibInternal.obj
 0002:00000838       ??_C@_0BA@FLNMPMCF@Bad?5Buffer?5Size?$AA@ 00000000000025d8     BasePrintLib:PrintLibInternal.obj
 0002:00000848       ??_C@_0M@BEECMOIL@Unsupported?$AA@ 00000000000025e8     BasePrintLib:PrintLibInternal.obj
 0002:00000858       ??_C@_0BC@HOFHKGJN@Invalid?5Parameter?$AA@ 00000000000025f8     BasePrintLib:PrintLibInternal.obj
 0002:00000870       ??_C@_0L@PLPBEPPC@Load?5Error?$AA@ 0000000000002610     BasePrintLib:PrintLibInternal.obj
 0002:00000880       ??_C@_0BD@IFJNJCCO@Warning?5Stale?5Data?$AA@ 0000000000002620     BasePrintLib:PrintLibInternal.obj
 0002:00000898       ??_C@_0BJ@ODIPDGHB@Warning?5Buffer?5Too?5Small?$AA@ 0000000000002638     BasePrintLib:PrintLibInternal.obj
 0002:000008b8       ??_C@_0BG@ECIJMOED@Warning?5Write?5Failure?$AA@ 0000000000002658     BasePrintLib:PrintLibInternal.obj
 0002:000008d0       ??_C@_0BH@GKKCJEPJ@Warning?5Delete?5Failure?$AA@ 0000000000002670     BasePrintLib:PrintLibInternal.obj
 0002:000008e8       ??_C@_0BG@CFJMNNJK@Warning?5Unknown?5Glyph?$AA@ 0000000000002688     BasePrintLib:PrintLibInternal.obj
 0002:00000900       ??_C@_07PBILKAFL@Success?$AA@ 00000000000026a0     BasePrintLib:PrintLibInternal.obj
 0002:00000908       mHexStr                    00000000000026a8     BasePrintLib:PrintLibInternal.obj
 0002:00000920       mStatusString              00000000000026c0     BasePrintLib:PrintLibInternal.obj
 0002:00000a58       ??_C@_0DC@CHCEMEEB@q?3?2MdePkg?2Library?2BasePrintLib?2P@ 00000000000027f8     BasePrintLib:PrintLibInternal.obj
 0002:00000a90       ??_C@_0EG@NFDMKACK@?$CI?$CI?$CIFlags?5?$CG?50x00000040?$CJ?5?$CB?$DN?50?$CJ?$CJ?5?$HM?$HM@ 0000000000002830     BasePrintLib:PrintLibInternal.obj
 0002:00000ae0       ??_C@_0EM@FPGGOFNC@?$CI?$CI?$CIFlags?5?$CG?50x00000040?$CJ?5?$DN?$DN?50?$CJ?$CJ?5?$HM?$HM@ 0000000000002880     BasePrintLib:PrintLibInternal.obj
 0002:00000b2c       ??_C@_01LIIJDEN@?$AN?$AA@  00000000000028cc     BasePrintLib:PrintLibInternal.obj
 0002:00000b30       ??_C@_04JIMNDDED@?$CF08X?$AA@ 00000000000028d0     BasePrintLib:PrintLibInternal.obj
 0002:00000b38       ??_C@_0O@MLOLIMFM@?$DMnull?5string?$DO?$AA@ 00000000000028d8     BasePrintLib:PrintLibInternal.obj
 0002:00000b48       ??_C@_0BK@FCPKCIDD@?$CF02d?1?$CF02d?1?$CF04d?5?5?$CF02d?3?$CF02d?$AA@ 00000000000028e8     BasePrintLib:PrintLibInternal.obj
 0002:00000b68       ??_C@_0M@LHGBCIKM@?$DMnull?5time?$DO?$AA@ 0000000000002908     BasePrintLib:PrintLibInternal.obj
 0002:00000b78       ??_C@_0DB@PMLHLBMO@?$CF08x?9?$CF04x?9?$CF04x?9?$CF02x?$CF02x?9?$CF02x?$CF02x@ 0000000000002918     BasePrintLib:PrintLibInternal.obj
 0002:00000bb0       ??_C@_0M@BJJDNPHK@?$DMnull?5guid?$DO?$AA@ 0000000000002950     BasePrintLib:PrintLibInternal.obj
 0002:00000bbc       ??_C@_02PCIJFNDE@?$AN?6?$AA@ 000000000000295c     BasePrintLib:PrintLibInternal.obj
 0002:00000bc0       ??_C@_0BL@BFEFANFD@AsciiStrSize?5?$CIFormat?$CJ?5?$CB?$DN?50?$AA@ 0000000000002960     BasePrintLib:PrintLibInternal.obj
 0002:00000be0       ??_C@_0CB@NIHAJGJE@StrSize?5?$CI?$CICHAR16?5?$CK?$CJ?5Format?$CJ?5?$CB?$DN?50@ 0000000000002980     BasePrintLib:PrintLibInternal.obj
 0002:00000c08       ??_C@_0CP@CPEPIGGJ@q?3?2MdePkg?2Library?2BaseLib?2DivU64@ 00000000000029a8     BaseLib:DivU64x32Remainder.obj
 0002:00000c38       gImageHandle               00000000000029d8     UefiBootServicesTableLib:UefiBootServicesTableLib.obj
 0002:00000c40       gST                        00000000000029e0     UefiBootServicesTableLib:UefiBootServicesTableLib.obj
 0002:00000c48       gBS                        00000000000029e8     UefiBootServicesTableLib:UefiBootServicesTableLib.obj
 0002:00000c50       gRT                        00000000000029f0     UefiRuntimeServicesTableLib:UefiRuntimeServicesTableLib.obj

 entry point at        0001:00000000

 Static symbols

